[01:26:20 DBG] Recyclarr Version: 8.7.1+Branch.-no-branch-.Sha.01e2b68f229e97db3bc383e2a47c3cab99db83fb
[01:26:20 DBG] App Data Dir: /config
[01:26:20 INF] Initializing provider: official (type: trash-guides)
[01:26:20 DBG] Using URL: https://github.com/TRaSH-Guides/Guides.git, Refs: ["master","main"]
[01:26:20 DBG] Executing git command with args: ["status"]
[01:26:20 DBG] Command Output: On branch master
nothing to commit, working tree clean
[01:26:20 DBG] Attempting to fetch reference: master
[01:26:20 DBG] Executing git command with args: ["fetch","--depth","1","https://github.com/TRaSH-Guides/Guides.git","master"]
[01:26:21 DBG] Command Output: 
[01:26:21 DBG] Successfully fetched reference: master
[01:26:21 DBG] Executing git command with args: ["reset","--hard","FETCH_HEAD"]
[01:26:21 DBG] Command Output: HEAD is now at 1d7937b feat(starr): Add RlsGrp `3L` to the `TrueHD Atmos` Custom Format (#2857)
[01:26:21 DBG] MapResourcePaths called for provider official at /config/resources/trash-guides/git/official
[01:26:21 DBG] Provider official: GlobJsonFiles received 1 paths
[01:26:21 DBG] Provider official: Checking docs/json/radarr/cf (Exists: True)
[01:26:21 DBG] Provider official: Found 241 files in docs/json/radarr/cf
[01:26:21 DBG] Provider official: GlobJsonFiles received 1 paths
[01:26:21 DBG] Provider official: Checking docs/json/radarr/quality-size (Exists: True)
[01:26:21 DBG] Provider official: Found 4 files in docs/json/radarr/quality-size
[01:26:21 DBG] Provider official: GlobJsonFiles received 1 paths
[01:26:21 DBG] Provider official: Checking docs/json/radarr/naming (Exists: True)
[01:26:21 DBG] Provider official: Found 1 files in docs/json/radarr/naming
[01:26:21 DBG] Provider official: GlobJsonFiles received 1 paths
[01:26:21 DBG] Provider official: Checking docs/json/sonarr/cf (Exists: True)
[01:26:21 DBG] Provider official: Found 235 files in docs/json/sonarr/cf
[01:26:21 DBG] Provider official: GlobJsonFiles received 1 paths
[01:26:21 DBG] Provider official: Checking docs/json/sonarr/quality-size (Exists: True)
[01:26:21 DBG] Provider official: Found 2 files in docs/json/sonarr/quality-size
[01:26:21 DBG] Provider official: GlobJsonFiles received 1 paths
[01:26:21 DBG] Provider official: Checking docs/json/sonarr/naming (Exists: True)
[01:26:21 DBG] Provider official: Found 1 files in docs/json/sonarr/naming
[01:26:21 DBG] Provider official: GlobJsonFiles received 1 paths
[01:26:21 DBG] Provider official: Checking docs/json/radarr/cf-groups (Exists: True)
[01:26:21 DBG] Provider official: Found 40 files in docs/json/radarr/cf-groups
[01:26:21 DBG] Provider official: GlobJsonFiles received 1 paths
[01:26:21 DBG] Provider official: Checking docs/json/sonarr/cf-groups (Exists: True)
[01:26:21 DBG] Provider official: Found 38 files in docs/json/sonarr/cf-groups
[01:26:21 DBG] Provider official: GlobJsonFiles received 1 paths
[01:26:21 DBG] Provider official: Checking docs/json/radarr/quality-profiles (Exists: True)
[01:26:21 DBG] Provider official: Found 39 files in docs/json/radarr/quality-profiles
[01:26:21 DBG] Provider official: GlobJsonFiles received 1 paths
[01:26:21 DBG] Provider official: Checking docs/json/sonarr/quality-profiles (Exists: True)
[01:26:21 DBG] Provider official: Found 23 files in docs/json/sonarr/quality-profiles
[01:26:21 DBG] Provider official: GlobJsonFiles received 1 paths
[01:26:21 DBG] Provider official: Checking docs/json/radarr/quality-profile-groups (Exists: True)
[01:26:21 DBG] Provider official: Found 1 files in docs/json/radarr/quality-profile-groups
[01:26:21 DBG] Provider official: GlobJsonFiles received 1 paths
[01:26:21 DBG] Provider official: Checking docs/json/sonarr/quality-profile-groups (Exists: True)
[01:26:21 DBG] Provider official: Found 1 files in docs/json/sonarr/quality-profile-groups
[01:26:21 INF] Initializing provider: official (type: config-templates)
[01:26:21 DBG] Using URL: https://github.com/recyclarr/config-templates.git, Refs: ["v8","master","main"]
[01:26:21 DBG] Executing git command with args: ["status"]
[01:26:21 DBG] Command Output: On branch master
nothing to commit, working tree clean
[01:26:21 DBG] Attempting to fetch reference: v8
[01:26:21 DBG] Executing git command with args: ["fetch","--depth","1","https://github.com/recyclarr/config-templates.git","v8"]
[01:26:22 DBG] Command Output: 
[01:26:22 DBG] Failed to fetch reference v8: fatal: couldn't find remote ref v8

[01:26:22 DBG] Attempting to fetch reference: master
[01:26:22 DBG] Executing git command with args: ["fetch","--depth","1","https://github.com/recyclarr/config-templates.git","master"]
[01:26:22 DBG] Command Output: 
[01:26:22 DBG] Successfully fetched reference: master
[01:26:22 DBG] Executing git command with args: ["reset","--hard","FETCH_HEAD"]
[01:26:22 DBG] Command Output: HEAD is now at 9faf65f chore: align guidance with current template architecture
[01:26:22 DBG] ConfigTemplates: Querying Sonarr config templates
[01:26:22 DBG] ConfigTemplates: Found 22 Sonarr templates in registry
[01:26:22 DBG] ConfigTemplates: Retrieved 22 unique Sonarr templates
[01:26:22 DBG] ConfigTemplates: Querying Radarr config templates
[01:26:22 DBG] ConfigTemplates: Found 35 Radarr templates in registry
[01:26:22 DBG] ConfigTemplates: Retrieved 35 unique Radarr templates
[01:26:22 INF] Found 22 Sonarr and 35 Radarr templates
[01:26:22 DBG] Sonarr templates: ["french-multi-vf-bluray-web-1080p","french-multi-vf-bluray-web-2160p","french-multi-vo-bluray-web-1080p","french-multi-vo-bluray-web-2160p","french-vostfr-bluray-web-1080p","french-vostfr-bluray-web-2160p","sonarr-anime-remux-1080p","sonarr-german-anime-hd-bluray-web","sonarr-german-hd-bluray-web","sonarr-german-hd-remux-web","sonarr-german-uhd-bluray-web","sonarr-german-uhd-bluray-web-alternative","sonarr-german-uhd-remux-web","sonarr-remux-2160p-alternative","sonarr-remux-2160p-combined","sonarr-remux-web-1080p","sonarr-remux-web-2160p","web-1080p","web-1080p-alternative","web-2160p","web-2160p-alternative","web-2160p-combined"]
[01:26:22 DBG] Radarr templates: ["french-multi-vf-hd-bluray-web","french-multi-vf-hd-remux-web","french-multi-vf-uhd-bluray-web","french-multi-vf-uhd-remux-web","french-multi-vo-hd-bluray-web","french-multi-vo-hd-remux-web","french-multi-vo-uhd-bluray-web","french-multi-vo-uhd-remux-web","french-vostfr-hd-bluray-web","french-vostfr-hd-remux-web","french-vostfr-uhd-bluray-web","french-vostfr-uhd-remux-web","hd-bluray-web","radarr-anime-remux-1080p","radarr-german-anime-hd-bluray-web","radarr-german-hd-bluray-web","radarr-german-hd-remux-web","radarr-german-uhd-bluray-web","radarr-german-uhd-bluray-web-alternative","radarr-german-uhd-remux-web","radarr-remux-2160p-alternative","radarr-remux-2160p-combined","radarr-remux-web-1080p","radarr-remux-web-2160p","sqp-1-1080p","sqp-1-2160p","sqp-1-web-1080p","sqp-1-web-2160p","sqp-2","sqp-3","sqp-3-audio","sqp-4","sqp-4-ma-hybrid","sqp-5","uhd-bluray-web"]
[01:26:22 DBG] Cleaning up logs using max files of 20
