[01:27:44 DBG] Recyclarr Version: 8.7.1+Branch.-no-branch-.Sha.01e2b68f229e97db3bc383e2a47c3cab99db83fb
[01:27:44 DBG] App Data Dir: /config
[01:27:44 INF] Initializing provider: official (type: trash-guides)
[01:27:44 DBG] Using URL: https://github.com/TRaSH-Guides/Guides.git, Refs: ["master","main"]
[01:27:44 DBG] Executing git command with args: ["status"]
[01:27:44 DBG] Command Output: On branch master
nothing to commit, working tree clean
[01:27:44 DBG] Attempting to fetch reference: master
[01:27:44 DBG] Executing git command with args: ["fetch","--depth","1","https://github.com/TRaSH-Guides/Guides.git","master"]
[01:28:01 DBG] Command Output: 
[01:28:01 DBG] Successfully fetched reference: master
[01:28:01 DBG] Executing git command with args: ["reset","--hard","FETCH_HEAD"]
[01:28:01 DBG] Command Output: HEAD is now at 1d7937b feat(starr): Add RlsGrp `3L` to the `TrueHD Atmos` Custom Format (#2857)
[01:28:01 DBG] MapResourcePaths called for provider official at /config/resources/trash-guides/git/official
[01:28:01 DBG] Provider official: GlobJsonFiles received 1 paths
[01:28:01 DBG] Provider official: Checking docs/json/radarr/cf (Exists: True)
[01:28:01 DBG] Provider official: Found 241 files in docs/json/radarr/cf
[01:28:01 DBG] Provider official: GlobJsonFiles received 1 paths
[01:28:01 DBG] Provider official: Checking docs/json/radarr/quality-size (Exists: True)
[01:28:01 DBG] Provider official: Found 4 files in docs/json/radarr/quality-size
[01:28:01 DBG] Provider official: GlobJsonFiles received 1 paths
[01:28:01 DBG] Provider official: Checking docs/json/radarr/naming (Exists: True)
[01:28:01 DBG] Provider official: Found 1 files in docs/json/radarr/naming
[01:28:01 DBG] Provider official: GlobJsonFiles received 1 paths
[01:28:01 DBG] Provider official: Checking docs/json/sonarr/cf (Exists: True)
[01:28:01 DBG] Provider official: Found 235 files in docs/json/sonarr/cf
[01:28:01 DBG] Provider official: GlobJsonFiles received 1 paths
[01:28:01 DBG] Provider official: Checking docs/json/sonarr/quality-size (Exists: True)
[01:28:01 DBG] Provider official: Found 2 files in docs/json/sonarr/quality-size
[01:28:01 DBG] Provider official: GlobJsonFiles received 1 paths
[01:28:01 DBG] Provider official: Checking docs/json/sonarr/naming (Exists: True)
[01:28:01 DBG] Provider official: Found 1 files in docs/json/sonarr/naming
[01:28:01 DBG] Provider official: GlobJsonFiles received 1 paths
[01:28:01 DBG] Provider official: Checking docs/json/radarr/cf-groups (Exists: True)
[01:28:01 DBG] Provider official: Found 40 files in docs/json/radarr/cf-groups
[01:28:01 DBG] Provider official: GlobJsonFiles received 1 paths
[01:28:01 DBG] Provider official: Checking docs/json/sonarr/cf-groups (Exists: True)
[01:28:01 DBG] Provider official: Found 38 files in docs/json/sonarr/cf-groups
[01:28:01 DBG] Provider official: GlobJsonFiles received 1 paths
[01:28:01 DBG] Provider official: Checking docs/json/radarr/quality-profiles (Exists: True)
[01:28:01 DBG] Provider official: Found 39 files in docs/json/radarr/quality-profiles
[01:28:01 DBG] Provider official: GlobJsonFiles received 1 paths
[01:28:01 DBG] Provider official: Checking docs/json/sonarr/quality-profiles (Exists: True)
[01:28:01 DBG] Provider official: Found 23 files in docs/json/sonarr/quality-profiles
[01:28:01 DBG] Provider official: GlobJsonFiles received 1 paths
[01:28:01 DBG] Provider official: Checking docs/json/radarr/quality-profile-groups (Exists: True)
[01:28:01 DBG] Provider official: Found 1 files in docs/json/radarr/quality-profile-groups
[01:28:01 DBG] Provider official: GlobJsonFiles received 1 paths
[01:28:01 DBG] Provider official: Checking docs/json/sonarr/quality-profile-groups (Exists: True)
[01:28:01 DBG] Provider official: Found 1 files in docs/json/sonarr/quality-profile-groups
[01:28:01 INF] Initializing provider: official (type: config-templates)
[01:28:01 DBG] Using URL: https://github.com/recyclarr/config-templates.git, Refs: ["v8","master","main"]
[01:28:01 DBG] Executing git command with args: ["status"]
[01:28:01 DBG] Command Output: On branch master
nothing to commit, working tree clean
[01:28:01 DBG] Attempting to fetch reference: v8
[01:28:01 DBG] Executing git command with args: ["fetch","--depth","1","https://github.com/recyclarr/config-templates.git","v8"]
[01:28:02 DBG] Command Output: 
[01:28:02 DBG] Failed to fetch reference v8: fatal: couldn't find remote ref v8

[01:28:02 DBG] Attempting to fetch reference: master
[01:28:02 DBG] Executing git command with args: ["fetch","--depth","1","https://github.com/recyclarr/config-templates.git","master"]
[01:28:02 DBG] Command Output: 
[01:28:02 DBG] Successfully fetched reference: master
[01:28:02 DBG] Executing git command with args: ["reset","--hard","FETCH_HEAD"]
[01:28:02 DBG] Command Output: HEAD is now at 9faf65f chore: align guidance with current template architecture
[01:28:02 DBG] Loading config file: /config/configs/web-1080p.yml
[01:28:02 DBG] Loading config file: /config/configs/hd-bluray-web.yml
[01:28:02 DBG] CfGroup: Querying Sonarr CF groups
[01:28:02 DBG] CfGroup: Found 38 CF group files in registry
[01:28:02 DBG] CfGroup: Retrieved 38 Sonarr CF groups
[01:28:02 DBG] QualityProfile: Querying Sonarr quality profiles
[01:28:02 DBG] QualityProfile: Found 23 quality profile files in registry
[01:28:02 DBG] QualityProfile: Retrieved 23 Sonarr quality profiles
[01:28:02 INF] web-1080p: Processing Sonarr server web-1080p
[01:28:02 DBG] web-1080p: HTTP Request: GET http://redacted:8989/api/v3/system/status
[01:28:02 DBG] web-1080p: HTTP Response: 200 GET http://redacted:8989/api/v3/system/status
[01:28:02 DBG] web-1080p: Sonarr Version: 4.0.19.2979
[01:28:02 DBG] web-1080p: Running plan component: CustomFormatPlanComponent
[01:28:02 DBG] web-1080p: CustomFormat: Querying Sonarr custom formats
[01:28:02 DBG] web-1080p: CustomFormat: Found 235 CF files in registry
[01:28:03 DBG] web-1080p: CustomFormat: Retrieved 235 Sonarr custom formats
[01:28:03 DBG] web-1080p: QualityProfile: Querying Sonarr quality profiles
[01:28:03 DBG] web-1080p: QualityProfile: Found 23 quality profile files in registry
[01:28:03 DBG] web-1080p: QualityProfile: Retrieved 23 Sonarr quality profiles
[01:28:03 DBG] web-1080p: CfGroup: Querying Sonarr CF groups
[01:28:03 DBG] web-1080p: CfGroup: Found 38 CF group files in registry
[01:28:03 DBG] web-1080p: CfGroup: Retrieved 38 Sonarr CF groups
[01:28:03 DBG] web-1080p: Auto-syncing default CF group [Streaming Services] General for profiles: WEB-1080p
[01:28:03 DBG] web-1080p: Running plan component: QualityProfilePlanComponent
[01:28:03 DBG] web-1080p: Planning quality profiles for Sonarr web-1080p: 1 profiles
[01:28:03 DBG] web-1080p:   Profile : TrashId=72dae194fc92bf828f32cde7744e51a1, MinUpgradeFormatScore=null
[01:28:03 DBG] web-1080p: QualityProfile: Querying Sonarr quality profiles
[01:28:03 DBG] web-1080p: QualityProfile: Found 23 quality profile files in registry
[01:28:03 DBG] web-1080p: QualityProfile: Retrieved 23 Sonarr quality profiles
[01:28:03 DBG] web-1080p: Running plan component: QualitySizePlanComponent
[01:28:03 DBG] web-1080p: QualitySize: Querying Sonarr quality sizes
[01:28:03 DBG] web-1080p: QualitySize: Found 2 quality size files in registry
[01:28:03 DBG] web-1080p: QualitySize: Retrieved 2 Sonarr quality size definitions
[01:28:03 DBG] web-1080p: Running plan component: SonarrMediaNamingPlanComponent
[01:28:03 DBG] web-1080p: MediaNaming: Querying Sonarr naming conventions
[01:28:03 DBG] web-1080p: MediaNaming: Found 1 naming files in registry
[01:28:03 DBG] web-1080p: MediaNaming: Retrieved 1 season, 6 series, 1 anime, 2 daily, 3 standard formats
[01:28:03 DBG] web-1080p: Running plan component: RadarrMediaNamingPlanComponent
[01:28:03 DBG] web-1080p: Running plan component: MediaManagementPlanComponent
[01:28:03 DBG] web-1080p: Pipeline execution order: CustomFormat -> QualitySize -> MediaNaming -> MediaManagement -> QualityProfile
[01:28:03 DBG] web-1080p: Executing Pipeline: Custom Format
[01:28:03 DBG] web-1080p: Loading Custom Format State from path: /config/state/sonarr/baa8de56199cb645/custom-format-mappings.json
[01:28:03 DBG] web-1080p: State path does not exist
[01:28:03 DBG] web-1080p: HTTP Request: GET http://redacted:8989/api/v3/customformat
[01:28:03 DBG] web-1080p: HTTP Response: 200 GET http://redacted:8989/api/v3/customformat
[01:28:03 DBG] web-1080p: Process transaction for guide CF ec8fa7296b64e8cd390a1600981f3923 (Repack/Proper)
[01:28:03 DBG] web-1080p: Process transaction for guide CF eb3d5cc0a2be0db205fb823640db6a3c (Repack2)
[01:28:03 DBG] web-1080p: Process transaction for guide CF 44e7c4de10ae50265753082e5dc76047 (Repack3)
[01:28:03 DBG] web-1080p: Process transaction for guide CF e6258996055b9fbab7e9cb2f75819294 (WEB Tier 01)
[01:28:03 DBG] web-1080p: Process transaction for guide CF 58790d4e2fdcd9733aa7ae68ba2bb503 (WEB Tier 02)
[01:28:03 DBG] web-1080p: Process transaction for guide CF d84935abd3f8556dcd51d4f27e22d0a6 (WEB Tier 03)
[01:28:03 DBG] web-1080p: Process transaction for guide CF d0c516558625b04b363fa6c5c2c7cfd4 (WEB Scene)
[01:28:03 DBG] web-1080p: Process transaction for guide CF d660701077794679fd59e8bdf4ce3a29 (AMZN)
[01:28:03 DBG] web-1080p: Process transaction for guide CF d9e511921c8cedc7282e291b0209cdc5 (ATV)
[01:28:03 DBG] web-1080p: Process transaction for guide CF f67c9ca88f463a48346062e8ad07713f (ATVP)
[01:28:03 DBG] web-1080p: Process transaction for guide CF 77a7b25585c18af08f60b1547bb9b4fb (CC)
[01:28:03 DBG] web-1080p: Process transaction for guide CF 36b72f59f4ea20aad9316f475f2d9fbb (DCU)
[01:28:03 DBG] web-1080p: Process transaction for guide CF 89358767a60cc28783cdc3d0be9388a4 (DSNP)
[01:28:03 DBG] web-1080p: Process transaction for guide CF 7a235133c87f7da4c8cccceca7e3c7a6 (HBO)
[01:28:03 DBG] web-1080p: Process transaction for guide CF a880d6abc21e7c16884f3ae393f84179 (HMAX)
[01:28:03 DBG] web-1080p: Process transaction for guide CF f6cce30f1733d5c8194222a7507909bb (HULU)
[01:28:03 DBG] web-1080p: Process transaction for guide CF 0ac24a2a68a9700bcb7eeca8e5cd644c (iT)
[01:28:03 DBG] web-1080p: Process transaction for guide CF 81d1fbf600e2540cee87f3a23f9d3c1c (MAX)
[01:28:03 DBG] web-1080p: Process transaction for guide CF d34870697c9db575f17700212167be23 (NF)
[01:28:03 DBG] web-1080p: Process transaction for guide CF 1656adc6d7bb2c8cca6acfb6592db421 (PCOK)
[01:28:03 DBG] web-1080p: Process transaction for guide CF c67a75ae4a1715f2bb4d492755ba4195 (PMTP)
[01:28:03 DBG] web-1080p: Process transaction for guide CF 6eb71887a8db6e783dd398446eb0e65d (PLAY)
[01:28:03 DBG] web-1080p: Process transaction for guide CF da393fd4e2c0cce7c9dc2669c43e0593 (ROKU)
[01:28:03 DBG] web-1080p: Process transaction for guide CF ae58039e1319178e6be73caab5c42166 (SHO)
[01:28:03 DBG] web-1080p: Process transaction for guide CF 1efe8da11bfd74fbbcd4d8117ddb9213 (STAN)
[01:28:03 DBG] web-1080p: Process transaction for guide CF 9623c5c9cac8e939c1b9aedd32f640bf (SYFY)
[01:28:03 DBG] web-1080p: Process transaction for guide CF 47435ece6b99a0b477caf360e79ba0bb (x265 (HD))
[01:28:03 DBG] web-1080p: Process transaction for guide CF ae575f95ab639ba5d15f663bf019e3e8 (Language: Not Original)
[01:28:03 DBG] web-1080p: Process transaction for guide CF 218e93e5702f44a68ad9e3c6ba87d2f0 (HD Streaming Boost)
[01:28:03 DBG] web-1080p: Process transaction for guide CF 43b3cf48cb385cd3eac608ee6bca7f09 (UHD Streaming Boost)
[01:28:03 DBG] web-1080p: Process transaction for guide CF 15a05bc7c1a36e2b57fd628f8977e2fc (AV1)
[01:28:03 DBG] web-1080p: Process transaction for guide CF 32b367365729d530ca1c124a0b180c64 (Bad Dual Groups)
[01:28:03 DBG] web-1080p: Process transaction for guide CF 85c61753df5da1fb2aab6f2a47426b09 (BR-DISK)
[01:28:03 DBG] web-1080p: Process transaction for guide CF fbcb31d8dabd2a319072b84fc0b7249c (Extras)
[01:28:03 DBG] web-1080p: Process transaction for guide CF 9c11cd3f07101cdba90a2d81cf0e56b4 (LQ)
[01:28:03 DBG] web-1080p: Process transaction for guide CF e2315f990da2e2cbfc9fa5b7a6fcfe48 (LQ (Release Title))
[01:28:03 DBG] web-1080p: Process transaction for guide CF 23297a736ca77c0fc8e70f8edd7ee56c (Upscaled)
[01:28:03 INF] web-1080p: Created 37 New Custom Formats
[01:28:03 DBG] web-1080p: > Created: ec8fa7296b64e8cd390a1600981f3923 (Repack/Proper)
[01:28:03 DBG] web-1080p: > Created: eb3d5cc0a2be0db205fb823640db6a3c (Repack2)
[01:28:03 DBG] web-1080p: > Created: 44e7c4de10ae50265753082e5dc76047 (Repack3)
[01:28:03 DBG] web-1080p: > Created: e6258996055b9fbab7e9cb2f75819294 (WEB Tier 01)
[01:28:03 DBG] web-1080p: > Created: 58790d4e2fdcd9733aa7ae68ba2bb503 (WEB Tier 02)
[01:28:03 DBG] web-1080p: > Created: d84935abd3f8556dcd51d4f27e22d0a6 (WEB Tier 03)
[01:28:03 DBG] web-1080p: > Created: d0c516558625b04b363fa6c5c2c7cfd4 (WEB Scene)
[01:28:03 DBG] web-1080p: > Created: d660701077794679fd59e8bdf4ce3a29 (AMZN)
[01:28:03 DBG] web-1080p: > Created: d9e511921c8cedc7282e291b0209cdc5 (ATV)
[01:28:03 DBG] web-1080p: > Created: f67c9ca88f463a48346062e8ad07713f (ATVP)
[01:28:03 DBG] web-1080p: > Created: 77a7b25585c18af08f60b1547bb9b4fb (CC)
[01:28:03 DBG] web-1080p: > Created: 36b72f59f4ea20aad9316f475f2d9fbb (DCU)
[01:28:03 DBG] web-1080p: > Created: 89358767a60cc28783cdc3d0be9388a4 (DSNP)
[01:28:03 DBG] web-1080p: > Created: 7a235133c87f7da4c8cccceca7e3c7a6 (HBO)
[01:28:03 DBG] web-1080p: > Created: a880d6abc21e7c16884f3ae393f84179 (HMAX)
[01:28:03 DBG] web-1080p: > Created: f6cce30f1733d5c8194222a7507909bb (HULU)
[01:28:03 DBG] web-1080p: > Created: 0ac24a2a68a9700bcb7eeca8e5cd644c (iT)
[01:28:03 DBG] web-1080p: > Created: 81d1fbf600e2540cee87f3a23f9d3c1c (MAX)
[01:28:03 DBG] web-1080p: > Created: d34870697c9db575f17700212167be23 (NF)
[01:28:03 DBG] web-1080p: > Created: 1656adc6d7bb2c8cca6acfb6592db421 (PCOK)
[01:28:03 DBG] web-1080p: > Created: c67a75ae4a1715f2bb4d492755ba4195 (PMTP)
[01:28:03 DBG] web-1080p: > Created: 6eb71887a8db6e783dd398446eb0e65d (PLAY)
[01:28:03 DBG] web-1080p: > Created: da393fd4e2c0cce7c9dc2669c43e0593 (ROKU)
[01:28:03 DBG] web-1080p: > Created: ae58039e1319178e6be73caab5c42166 (SHO)
[01:28:03 DBG] web-1080p: > Created: 1efe8da11bfd74fbbcd4d8117ddb9213 (STAN)
[01:28:03 DBG] web-1080p: > Created: 9623c5c9cac8e939c1b9aedd32f640bf (SYFY)
[01:28:03 DBG] web-1080p: > Created: 47435ece6b99a0b477caf360e79ba0bb (x265 (HD))
[01:28:03 DBG] web-1080p: > Created: ae575f95ab639ba5d15f663bf019e3e8 (Language: Not Original)
[01:28:03 DBG] web-1080p: > Created: 218e93e5702f44a68ad9e3c6ba87d2f0 (HD Streaming Boost)
[01:28:03 DBG] web-1080p: > Created: 43b3cf48cb385cd3eac608ee6bca7f09 (UHD Streaming Boost)
[01:28:03 DBG] web-1080p: > Created: 15a05bc7c1a36e2b57fd628f8977e2fc (AV1)
[01:28:03 DBG] web-1080p: > Created: 32b367365729d530ca1c124a0b180c64 (Bad Dual Groups)
[01:28:03 DBG] web-1080p: > Created: 85c61753df5da1fb2aab6f2a47426b09 (BR-DISK)
[01:28:03 DBG] web-1080p: > Created: fbcb31d8dabd2a319072b84fc0b7249c (Extras)
[01:28:03 DBG] web-1080p: > Created: 9c11cd3f07101cdba90a2d81cf0e56b4 (LQ)
[01:28:03 DBG] web-1080p: > Created: e2315f990da2e2cbfc9fa5b7a6fcfe48 (LQ (Release Title))
[01:28:03 DBG] web-1080p: > Created: 23297a736ca77c0fc8e70f8edd7ee56c (Upscaled)
[01:28:03 INF] web-1080p: Total of 37 custom formats were synced
[01:28:03 DBG] web-1080p: HTTP Request: POST http://redacted:8989/api/v3/customformat
[01:28:03 DBG] web-1080p: HTTP Response: 201 POST http://redacted:8989/api/v3/customformat
[01:28:03 DBG] web-1080p: HTTP Request: POST http://redacted:8989/api/v3/customformat
[01:28:03 DBG] web-1080p: HTTP Response: 201 POST http://redacted:8989/api/v3/customformat
[01:28:03 DBG] web-1080p: HTTP Request: POST http://redacted:8989/api/v3/customformat
[01:28:03 DBG] web-1080p: HTTP Response: 201 POST http://redacted:8989/api/v3/customformat
[01:28:03 DBG] web-1080p: HTTP Request: POST http://redacted:8989/api/v3/customformat
[01:28:03 DBG] web-1080p: HTTP Response: 201 POST http://redacted:8989/api/v3/customformat
[01:28:03 DBG] web-1080p: HTTP Request: POST http://redacted:8989/api/v3/customformat
[01:28:03 DBG] web-1080p: HTTP Response: 201 POST http://redacted:8989/api/v3/customformat
[01:28:03 DBG] web-1080p: HTTP Request: POST http://redacted:8989/api/v3/customformat
[01:28:03 DBG] web-1080p: HTTP Response: 201 POST http://redacted:8989/api/v3/customformat
[01:28:03 DBG] web-1080p: HTTP Request: POST http://redacted:8989/api/v3/customformat
[01:28:03 DBG] web-1080p: HTTP Response: 201 POST http://redacted:8989/api/v3/customformat
[01:28:03 DBG] web-1080p: HTTP Request: POST http://redacted:8989/api/v3/customformat
[01:28:03 DBG] web-1080p: HTTP Response: 201 POST http://redacted:8989/api/v3/customformat
[01:28:03 DBG] web-1080p: HTTP Request: POST http://redacted:8989/api/v3/customformat
[01:28:03 DBG] web-1080p: HTTP Response: 201 POST http://redacted:8989/api/v3/customformat
[01:28:03 DBG] web-1080p: HTTP Request: POST http://redacted:8989/api/v3/customformat
[01:28:03 DBG] web-1080p: HTTP Response: 201 POST http://redacted:8989/api/v3/customformat
[01:28:03 DBG] web-1080p: HTTP Request: POST http://redacted:8989/api/v3/customformat
[01:28:03 DBG] web-1080p: HTTP Response: 201 POST http://redacted:8989/api/v3/customformat
[01:28:03 DBG] web-1080p: HTTP Request: POST http://redacted:8989/api/v3/customformat
[01:28:03 DBG] web-1080p: HTTP Response: 201 POST http://redacted:8989/api/v3/customformat
[01:28:03 DBG] web-1080p: HTTP Request: POST http://redacted:8989/api/v3/customformat
[01:28:03 DBG] web-1080p: HTTP Response: 201 POST http://redacted:8989/api/v3/customformat
[01:28:03 DBG] web-1080p: HTTP Request: POST http://redacted:8989/api/v3/customformat
[01:28:03 DBG] web-1080p: HTTP Response: 201 POST http://redacted:8989/api/v3/customformat
[01:28:03 DBG] web-1080p: HTTP Request: POST http://redacted:8989/api/v3/customformat
[01:28:03 DBG] web-1080p: HTTP Response: 201 POST http://redacted:8989/api/v3/customformat
[01:28:03 DBG] web-1080p: HTTP Request: POST http://redacted:8989/api/v3/customformat
[01:28:03 DBG] web-1080p: HTTP Response: 201 POST http://redacted:8989/api/v3/customformat
[01:28:03 DBG] web-1080p: HTTP Request: POST http://redacted:8989/api/v3/customformat
[01:28:03 DBG] web-1080p: HTTP Response: 201 POST http://redacted:8989/api/v3/customformat
[01:28:03 DBG] web-1080p: HTTP Request: POST http://redacted:8989/api/v3/customformat
[01:28:03 DBG] web-1080p: HTTP Response: 201 POST http://redacted:8989/api/v3/customformat
[01:28:03 DBG] web-1080p: HTTP Request: POST http://redacted:8989/api/v3/customformat
[01:28:03 DBG] web-1080p: HTTP Response: 201 POST http://redacted:8989/api/v3/customformat
[01:28:03 DBG] web-1080p: HTTP Request: POST http://redacted:8989/api/v3/customformat
[01:28:03 DBG] web-1080p: HTTP Response: 201 POST http://redacted:8989/api/v3/customformat
[01:28:03 DBG] web-1080p: HTTP Request: POST http://redacted:8989/api/v3/customformat
[01:28:03 DBG] web-1080p: HTTP Response: 201 POST http://redacted:8989/api/v3/customformat
[01:28:03 DBG] web-1080p: HTTP Request: POST http://redacted:8989/api/v3/customformat
[01:28:03 DBG] web-1080p: HTTP Response: 201 POST http://redacted:8989/api/v3/customformat
[01:28:03 DBG] web-1080p: HTTP Request: POST http://redacted:8989/api/v3/customformat
[01:28:03 DBG] web-1080p: HTTP Response: 201 POST http://redacted:8989/api/v3/customformat
[01:28:03 DBG] web-1080p: HTTP Request: POST http://redacted:8989/api/v3/customformat
[01:28:03 DBG] web-1080p: HTTP Response: 201 POST http://redacted:8989/api/v3/customformat
[01:28:03 DBG] web-1080p: HTTP Request: POST http://redacted:8989/api/v3/customformat
[01:28:03 DBG] web-1080p: HTTP Response: 201 POST http://redacted:8989/api/v3/customformat
[01:28:03 DBG] web-1080p: HTTP Request: POST http://redacted:8989/api/v3/customformat
[01:28:03 DBG] web-1080p: HTTP Response: 201 POST http://redacted:8989/api/v3/customformat
[01:28:03 DBG] web-1080p: HTTP Request: POST http://redacted:8989/api/v3/customformat
[01:28:03 DBG] web-1080p: HTTP Response: 201 POST http://redacted:8989/api/v3/customformat
[01:28:03 DBG] web-1080p: HTTP Request: POST http://redacted:8989/api/v3/customformat
[01:28:03 DBG] web-1080p: HTTP Response: 201 POST http://redacted:8989/api/v3/customformat
[01:28:03 DBG] web-1080p: HTTP Request: POST http://redacted:8989/api/v3/customformat
[01:28:03 DBG] web-1080p: HTTP Response: 201 POST http://redacted:8989/api/v3/customformat
[01:28:03 DBG] web-1080p: HTTP Request: POST http://redacted:8989/api/v3/customformat
[01:28:03 DBG] web-1080p: HTTP Response: 201 POST http://redacted:8989/api/v3/customformat
[01:28:03 DBG] web-1080p: HTTP Request: POST http://redacted:8989/api/v3/customformat
[01:28:03 DBG] web-1080p: HTTP Response: 201 POST http://redacted:8989/api/v3/customformat
[01:28:03 DBG] web-1080p: HTTP Request: POST http://redacted:8989/api/v3/customformat
[01:28:03 DBG] web-1080p: HTTP Response: 201 POST http://redacted:8989/api/v3/customformat
[01:28:03 DBG] web-1080p: HTTP Request: POST http://redacted:8989/api/v3/customformat
[01:28:03 DBG] web-1080p: HTTP Response: 201 POST http://redacted:8989/api/v3/customformat
[01:28:03 DBG] web-1080p: HTTP Request: POST http://redacted:8989/api/v3/customformat
[01:28:03 DBG] web-1080p: HTTP Response: 201 POST http://redacted:8989/api/v3/customformat
[01:28:03 DBG] web-1080p: HTTP Request: POST http://redacted:8989/api/v3/customformat
[01:28:03 DBG] web-1080p: HTTP Response: 201 POST http://redacted:8989/api/v3/customformat
[01:28:03 DBG] web-1080p: HTTP Request: POST http://redacted:8989/api/v3/customformat
[01:28:03 DBG] web-1080p: HTTP Response: 201 POST http://redacted:8989/api/v3/customformat
[01:28:03 DBG] web-1080p: HTTP Request: POST http://redacted:8989/api/v3/customformat
[01:28:03 DBG] web-1080p: HTTP Response: 201 POST http://redacted:8989/api/v3/customformat
[01:28:03 DBG] web-1080p: Saving Custom Format State to path /config/state/sonarr/baa8de56199cb645/custom-format-mappings.json
[01:28:03 DBG] web-1080p: Pipeline CustomFormat result: Completed
[01:28:03 DBG] web-1080p: Executing Pipeline: Quality Definition
[01:28:03 DBG] web-1080p: HTTP Request: GET http://redacted:8989/api/v3/qualitydefinition
[01:28:03 DBG] web-1080p: HTTP Response: 200 GET http://redacted:8989/api/v3/qualitydefinition
[01:28:03 DBG] web-1080p: Processed Quality HDTV-720p: [IsDifferent: True] [Min: 3, 10] [Max: 125, 1000 (1000)] [Preferred: 95, 995 (995)]
[01:28:03 DBG] web-1080p: Processed Quality HDTV-1080p: [IsDifferent: True] [Min: 4, 15] [Max: 125, 1000 (1000)] [Preferred: 95, 995 (995)]
[01:28:03 DBG] web-1080p: Processed Quality WEBRip-720p: [IsDifferent: True] [Min: 3, 10] [Max: 130, 1000 (1000)] [Preferred: 95, 995 (995)]
[01:28:03 DBG] web-1080p: Processed Quality WEBDL-720p: [IsDifferent: True] [Min: 3, 10] [Max: 130, 1000 (1000)] [Preferred: 95, 995 (995)]
[01:28:03 DBG] web-1080p: Processed Quality Bluray-720p: [IsDifferent: True] [Min: 4, 17.1] [Max: 130, 1000 (1000)] [Preferred: 95, 995 (995)]
[01:28:03 DBG] web-1080p: Processed Quality WEBRip-1080p: [IsDifferent: True] [Min: 4, 15] [Max: 130, 1000 (1000)] [Preferred: 95, 995 (995)]
[01:28:03 DBG] web-1080p: Processed Quality WEBDL-1080p: [IsDifferent: True] [Min: 4, 15] [Max: 130, 1000 (1000)] [Preferred: 95, 995 (995)]
[01:28:03 DBG] web-1080p: Processed Quality Bluray-1080p: [IsDifferent: True] [Min: 4, 50.4] [Max: 155, 1000 (1000)] [Preferred: 95, 995 (995)]
[01:28:03 DBG] web-1080p: Processed Quality Bluray-1080p Remux: [IsDifferent: True] [Min: 35, 69.1] [Max: null, 1000 (1000)] [Preferred: 95, 995 (995)]
[01:28:03 DBG] web-1080p: Processed Quality HDTV-2160p: [IsDifferent: True] [Min: 35, 25] [Max: 199.9, 1000 (1000)] [Preferred: 95, 995 (995)]
[01:28:03 DBG] web-1080p: Processed Quality WEBRip-2160p: [IsDifferent: True] [Min: 35, 25] [Max: null, 1000 (1000)] [Preferred: 95, 995 (995)]
[01:28:03 DBG] web-1080p: Processed Quality WEBDL-2160p: [IsDifferent: True] [Min: 35, 25] [Max: null, 1000 (1000)] [Preferred: 95, 995 (995)]
[01:28:03 DBG] web-1080p: Processed Quality Bluray-2160p: [IsDifferent: True] [Min: 35, 94.6] [Max: null, 1000 (1000)] [Preferred: 95, 995 (995)]
[01:28:03 DBG] web-1080p: Processed Quality Bluray-2160p Remux: [IsDifferent: True] [Min: 35, 187.4] [Max: null, 1000 (1000)] [Preferred: 95, 995 (995)]
[01:28:03 DBG] web-1080p: HTTP Request: PUT http://redacted:8989/api/v3/qualitydefinition/update
[01:28:03 DBG] web-1080p: HTTP Response: 202 PUT http://redacted:8989/api/v3/qualitydefinition/update
[01:28:03 INF] web-1080p: Total of 14 sizes were synced for quality definition series
[01:28:03 DBG] web-1080p: Pipeline QualitySize result: Completed
[01:28:03 DBG] web-1080p: Executing Pipeline: Sonarr Media Naming
[01:28:03 DBG] web-1080p: Pipeline MediaNaming result: Completed
[01:28:03 DBG] web-1080p: Executing Pipeline: Media Management
[01:28:03 DBG] web-1080p: Pipeline MediaManagement result: Completed
[01:28:03 DBG] web-1080p: Executing Pipeline: Quality Profile
[01:28:03 DBG] web-1080p: HTTP Request: GET http://redacted:8989/api/v3/qualityprofile
[01:28:03 DBG] web-1080p: HTTP Request: GET http://redacted:8989/api/v3/qualityprofile/schema
[01:28:03 DBG] web-1080p: HTTP Request: GET http://redacted:8989/api/v3/language
[01:28:03 DBG] web-1080p: HTTP Response: 200 GET http://redacted:8989/api/v3/language
[01:28:03 DBG] web-1080p: HTTP Response: 200 GET http://redacted:8989/api/v3/qualityprofile/schema
[01:28:03 DBG] web-1080p: HTTP Response: 200 GET http://redacted:8989/api/v3/qualityprofile
[01:28:03 DBG] web-1080p: Loading Quality Profile State from path: /config/state/sonarr/baa8de56199cb645/quality-profile-mappings.json
[01:28:03 DBG] web-1080p: State path does not exist
[01:28:03 DBG] web-1080p: Pass 1: guide QP 72dae194fc92bf828f32cde7744e51a1 (WEB-1080p), exact cached ID: none
[01:28:03 DBG] web-1080p: Pass 2: trash_id 72dae194fc92bf828f32cde7744e51a1 has 0 unclaimed mapping(s) and 1 unmatched profile(s)
[01:28:03 DBG] web-1080p: Quality group 'WEB 1080p' matched existing group (Id: 1002)
[01:28:03 DBG] web-1080p: Quality group 'WEB 2160p' matched existing group (Id: 1003)
[01:28:03 DBG] web-1080p: Quality group 'WEB 720p' matched existing group (Id: 1001)
[01:28:03 DBG] web-1080p: Quality group 'WEB 480p' matched existing group (Id: 1000)
[01:28:03 DBG] web-1080p: HTTP Request: POST http://redacted:8989/api/v3/qualityprofile
[01:28:03 DBG] web-1080p: HTTP Response: 201 POST http://redacted:8989/api/v3/qualityprofile
[01:28:03 DBG] web-1080p: Saving Quality Profile State to path /config/state/sonarr/baa8de56199cb645/quality-profile-mappings.json
[01:28:03 INF] web-1080p: Created 1 Profiles: ["WEB-1080p"]
[01:28:03 INF] web-1080p: A total of 1 profiles were synced. 0 contain quality changes and 0 contain updated scores
[01:28:03 DBG] web-1080p: Pipeline QualityProfile result: Completed
[01:28:03 INF] web-1080p: Completed at 08/19/2026 01:28:03
[01:28:03 DBG] CfGroup: Querying Radarr CF groups
[01:28:03 DBG] CfGroup: Found 40 CF group files in registry
[01:28:03 DBG] CfGroup: Retrieved 40 Radarr CF groups
[01:28:03 DBG] QualityProfile: Querying Radarr quality profiles
[01:28:03 DBG] QualityProfile: Found 39 quality profile files in registry
[01:28:03 DBG] QualityProfile: Retrieved 39 Radarr quality profiles
[01:28:03 INF] hd-bluray-web: Processing Radarr server hd-bluray-web
[01:28:03 DBG] hd-bluray-web: HTTP Request: GET http://redacted:7878/api/v3/system/status
[01:28:03 DBG] hd-bluray-web: HTTP Response: 200 GET http://redacted:7878/api/v3/system/status
[01:28:03 DBG] hd-bluray-web: Radarr Version: 6.3.0.10514
[01:28:03 DBG] hd-bluray-web: Running plan component: CustomFormatPlanComponent
[01:28:03 DBG] hd-bluray-web: CustomFormat: Querying Radarr custom formats
[01:28:03 DBG] hd-bluray-web: CustomFormat: Found 241 CF files in registry
[01:28:03 DBG] hd-bluray-web: CustomFormat: Retrieved 241 Radarr custom formats
[01:28:03 DBG] hd-bluray-web: QualityProfile: Querying Radarr quality profiles
[01:28:03 DBG] hd-bluray-web: QualityProfile: Found 39 quality profile files in registry
[01:28:03 DBG] hd-bluray-web: QualityProfile: Retrieved 39 Radarr quality profiles
[01:28:03 DBG] hd-bluray-web: CfGroup: Querying Radarr CF groups
[01:28:03 DBG] hd-bluray-web: CfGroup: Found 40 CF group files in registry
[01:28:03 DBG] hd-bluray-web: CfGroup: Retrieved 40 Radarr CF groups
[01:28:03 DBG] hd-bluray-web: Auto-syncing default CF group [Streaming Services] General for profiles: HD Bluray + WEB
[01:28:03 DBG] hd-bluray-web: Running plan component: QualityProfilePlanComponent
[01:28:03 DBG] hd-bluray-web: Planning quality profiles for Radarr hd-bluray-web: 1 profiles
[01:28:03 DBG] hd-bluray-web:   Profile : TrashId=d1d67249d3890e49bc12e275d989a7e9, MinUpgradeFormatScore=null
[01:28:03 DBG] hd-bluray-web: QualityProfile: Querying Radarr quality profiles
[01:28:03 DBG] hd-bluray-web: QualityProfile: Found 39 quality profile files in registry
[01:28:03 DBG] hd-bluray-web: QualityProfile: Retrieved 39 Radarr quality profiles
[01:28:03 DBG] hd-bluray-web: Running plan component: QualitySizePlanComponent
[01:28:03 DBG] hd-bluray-web: QualitySize: Querying Radarr quality sizes
[01:28:03 DBG] hd-bluray-web: QualitySize: Found 4 quality size files in registry
[01:28:03 DBG] hd-bluray-web: QualitySize: Retrieved 4 Radarr quality size definitions
[01:28:03 DBG] hd-bluray-web: Running plan component: SonarrMediaNamingPlanComponent
[01:28:03 DBG] hd-bluray-web: Running plan component: RadarrMediaNamingPlanComponent
[01:28:03 DBG] hd-bluray-web: MediaNaming: Querying Radarr naming conventions
[01:28:03 DBG] hd-bluray-web: MediaNaming: Found 1 naming files in registry
[01:28:03 DBG] hd-bluray-web: MediaNaming: Retrieved 17 file formats, 7 folder formats
[01:28:03 DBG] hd-bluray-web: Running plan component: MediaManagementPlanComponent
[01:28:03 DBG] hd-bluray-web: Pipeline execution order: CustomFormat -> QualitySize -> MediaNaming -> MediaManagement -> QualityProfile
[01:28:03 DBG] hd-bluray-web: Executing Pipeline: Custom Format
[01:28:03 DBG] hd-bluray-web: Loading Custom Format State from path: /config/state/radarr/7de96ad84fa57af3/custom-format-mappings.json
[01:28:03 DBG] hd-bluray-web: State path does not exist
[01:28:03 DBG] hd-bluray-web: HTTP Request: GET http://redacted:7878/api/v3/customformat
[01:28:03 DBG] hd-bluray-web: HTTP Response: 200 GET http://redacted:7878/api/v3/customformat
[01:28:03 DBG] hd-bluray-web: Process transaction for guide CF ed27ebfef2f323e964fb1f61391bcb35 (HD Bluray Tier 01)
[01:28:03 DBG] hd-bluray-web: Process transaction for guide CF c20c8647f2746a1f4c4262b0fbbeeeae (HD Bluray Tier 02)
[01:28:03 DBG] hd-bluray-web: Process transaction for guide CF 5608c71bcebba0a5e666223bae8c9227 (HD Bluray Tier 03)
[01:28:03 DBG] hd-bluray-web: Process transaction for guide CF c20f169ef63c5f40c2def54abaf4438e (WEB Tier 01)
[01:28:03 DBG] hd-bluray-web: Process transaction for guide CF 403816d65392c79236dcb6dd591aeda4 (WEB Tier 02)
[01:28:03 DBG] hd-bluray-web: Process transaction for guide CF af94e0fe497124d1f9ce732069ec8c3b (WEB Tier 03)
[01:28:03 DBG] hd-bluray-web: Process transaction for guide CF e7718d7a3ce595f289bfee26adc178f5 (Repack/Proper)
[01:28:03 DBG] hd-bluray-web: Process transaction for guide CF ae43b294509409a6a13919dedd4764c4 (Repack2)
[01:28:03 DBG] hd-bluray-web: Process transaction for guide CF 5caaaa1c08c1742aa4342d8c4cc463f2 (Repack3)
[01:28:03 DBG] hd-bluray-web: Process transaction for guide CF b3b3a6ac74ecbd56bcdbefa4799fb9df (AMZN)
[01:28:03 DBG] hd-bluray-web: Process transaction for guide CF df13ed57843877b21ad969184ab6888f (ATV)
[01:28:03 DBG] hd-bluray-web: Process transaction for guide CF 40e9380490e748672c2522eaaeb692f7 (ATVP)
[01:28:03 DBG] hd-bluray-web: Process transaction for guide CF cc5e51a9e85a6296ceefe097a77f12f4 (BCORE)
[01:28:03 DBG] hd-bluray-web: Process transaction for guide CF 16622a6911d1ab5d5b8b713d5b0036d4 (CRiT)
[01:28:03 DBG] hd-bluray-web: Process transaction for guide CF 84272245b2988854bfb76a16e60baea5 (DSNP)
[01:28:03 DBG] hd-bluray-web: Process transaction for guide CF 509e5f41146e278f9eab1ddaceb34515 (HBO)
[01:28:03 DBG] hd-bluray-web: Process transaction for guide CF 5763d1b0ce84aff3b21038eea8e9b8ad (HMAX)
[01:28:03 DBG] hd-bluray-web: Process transaction for guide CF 526d445d4c16214309f0fd2b3be18a89 (Hulu)
[01:28:03 DBG] hd-bluray-web: Process transaction for guide CF e0ec9672be6cac914ffad34a6b077209 (iT)
[01:28:03 DBG] hd-bluray-web: Process transaction for guide CF 2a6039655313bf5dab1e43523b62c374 (MA)
[01:28:03 DBG] hd-bluray-web: Process transaction for guide CF 6a061313d22e51e0f25b7cd4dc065233 (MAX)
[01:28:03 DBG] hd-bluray-web: Process transaction for guide CF 170b1d363bd8516fbf3a3eb05d4faff6 (NF)
[01:28:03 DBG] hd-bluray-web: Process transaction for guide CF c9fd353f8f5f1baf56dc601c4cb29920 (PCOK)
[01:28:03 DBG] hd-bluray-web: Process transaction for guide CF e36a0ba1bc902b26ee40818a1d59b8bd (PMTP)
[01:28:03 DBG] hd-bluray-web: Process transaction for guide CF 350e9170619683a55cb9191d0b1ababa (PLAY)
[01:28:03 DBG] hd-bluray-web: Process transaction for guide CF 44c2b54d7c81c1a442a8b2cabeaef54f (ROKU)
[01:28:03 DBG] hd-bluray-web: Process transaction for guide CF c2863d2a50c9acad1fb50e53ece60817 (STAN)
[01:28:03 DBG] hd-bluray-web: Process transaction for guide CF dc98083864ea246d05a42df0d05f81cc (x265 (HD))
[01:28:03 DBG] hd-bluray-web: Process transaction for guide CF b8cd450cbfa689c0259a01d9e29ba3d6 (3D)
[01:28:03 DBG] hd-bluray-web: Process transaction for guide CF cae4ca30163749b891686f95532519bd (AV1)
[01:28:03 DBG] hd-bluray-web: Process transaction for guide CF b6832f586342ef70d9c128d40c07b872 (Bad Dual Groups)
[01:28:03 DBG] hd-bluray-web: Process transaction for guide CF cc444569854e9de0b084ab2b8b1532b2 (Black and White Editions)
[01:28:03 DBG] hd-bluray-web: Process transaction for guide CF ed38b889b31be83fda192888e2286d83 (BR-DISK)
[01:28:03 DBG] hd-bluray-web: Process transaction for guide CF 0a3f082873eb454bde444150b70253cc (Extras)
[01:28:03 DBG] hd-bluray-web: Process transaction for guide CF e6886871085226c3da1830830146846c (Generated Dynamic HDR)
[01:28:03 DBG] hd-bluray-web: Process transaction for guide CF c465ccc73923871b3eb1802042331306 (Line/Mic Dubbed)
[01:28:03 DBG] hd-bluray-web: Process transaction for guide CF 90a6f9a284dff5103f6346090e6280c8 (LQ)
[01:28:03 DBG] hd-bluray-web: Process transaction for guide CF e204b80c87be9497a8a6eaff48f72905 (LQ (Release Title))
[01:28:03 DBG] hd-bluray-web: Process transaction for guide CF 712d74cd88bceb883ee32f773656b1f5 (Sing-Along Versions)
[01:28:03 DBG] hd-bluray-web: Process transaction for guide CF bfd8eb01832d646a0a89c4deb46f8564 (Upscaled)
[01:28:03 INF] hd-bluray-web: Created 40 New Custom Formats
[01:28:03 DBG] hd-bluray-web: > Created: ed27ebfef2f323e964fb1f61391bcb35 (HD Bluray Tier 01)
[01:28:03 DBG] hd-bluray-web: > Created: c20c8647f2746a1f4c4262b0fbbeeeae (HD Bluray Tier 02)
[01:28:03 DBG] hd-bluray-web: > Created: 5608c71bcebba0a5e666223bae8c9227 (HD Bluray Tier 03)
[01:28:03 DBG] hd-bluray-web: > Created: c20f169ef63c5f40c2def54abaf4438e (WEB Tier 01)
[01:28:03 DBG] hd-bluray-web: > Created: 403816d65392c79236dcb6dd591aeda4 (WEB Tier 02)
[01:28:03 DBG] hd-bluray-web: > Created: af94e0fe497124d1f9ce732069ec8c3b (WEB Tier 03)
[01:28:03 DBG] hd-bluray-web: > Created: e7718d7a3ce595f289bfee26adc178f5 (Repack/Proper)
[01:28:03 DBG] hd-bluray-web: > Created: ae43b294509409a6a13919dedd4764c4 (Repack2)
[01:28:03 DBG] hd-bluray-web: > Created: 5caaaa1c08c1742aa4342d8c4cc463f2 (Repack3)
[01:28:03 DBG] hd-bluray-web: > Created: b3b3a6ac74ecbd56bcdbefa4799fb9df (AMZN)
[01:28:03 DBG] hd-bluray-web: > Created: df13ed57843877b21ad969184ab6888f (ATV)
[01:28:03 DBG] hd-bluray-web: > Created: 40e9380490e748672c2522eaaeb692f7 (ATVP)
[01:28:03 DBG] hd-bluray-web: > Created: cc5e51a9e85a6296ceefe097a77f12f4 (BCORE)
[01:28:03 DBG] hd-bluray-web: > Created: 16622a6911d1ab5d5b8b713d5b0036d4 (CRiT)
[01:28:03 DBG] hd-bluray-web: > Created: 84272245b2988854bfb76a16e60baea5 (DSNP)
[01:28:03 DBG] hd-bluray-web: > Created: 509e5f41146e278f9eab1ddaceb34515 (HBO)
[01:28:03 DBG] hd-bluray-web: > Created: 5763d1b0ce84aff3b21038eea8e9b8ad (HMAX)
[01:28:03 DBG] hd-bluray-web: > Created: 526d445d4c16214309f0fd2b3be18a89 (Hulu)
[01:28:03 DBG] hd-bluray-web: > Created: e0ec9672be6cac914ffad34a6b077209 (iT)
[01:28:03 DBG] hd-bluray-web: > Created: 2a6039655313bf5dab1e43523b62c374 (MA)
[01:28:03 DBG] hd-bluray-web: > Created: 6a061313d22e51e0f25b7cd4dc065233 (MAX)
[01:28:03 DBG] hd-bluray-web: > Created: 170b1d363bd8516fbf3a3eb05d4faff6 (NF)
[01:28:03 DBG] hd-bluray-web: > Created: c9fd353f8f5f1baf56dc601c4cb29920 (PCOK)
[01:28:03 DBG] hd-bluray-web: > Created: e36a0ba1bc902b26ee40818a1d59b8bd (PMTP)
[01:28:03 DBG] hd-bluray-web: > Created: 350e9170619683a55cb9191d0b1ababa (PLAY)
[01:28:03 DBG] hd-bluray-web: > Created: 44c2b54d7c81c1a442a8b2cabeaef54f (ROKU)
[01:28:03 DBG] hd-bluray-web: > Created: c2863d2a50c9acad1fb50e53ece60817 (STAN)
[01:28:03 DBG] hd-bluray-web: > Created: dc98083864ea246d05a42df0d05f81cc (x265 (HD))
[01:28:03 DBG] hd-bluray-web: > Created: b8cd450cbfa689c0259a01d9e29ba3d6 (3D)
[01:28:03 DBG] hd-bluray-web: > Created: cae4ca30163749b891686f95532519bd (AV1)
[01:28:03 DBG] hd-bluray-web: > Created: b6832f586342ef70d9c128d40c07b872 (Bad Dual Groups)
[01:28:03 DBG] hd-bluray-web: > Created: cc444569854e9de0b084ab2b8b1532b2 (Black and White Editions)
[01:28:03 DBG] hd-bluray-web: > Created: ed38b889b31be83fda192888e2286d83 (BR-DISK)
[01:28:03 DBG] hd-bluray-web: > Created: 0a3f082873eb454bde444150b70253cc (Extras)
[01:28:03 DBG] hd-bluray-web: > Created: e6886871085226c3da1830830146846c (Generated Dynamic HDR)
[01:28:03 DBG] hd-bluray-web: > Created: c465ccc73923871b3eb1802042331306 (Line/Mic Dubbed)
[01:28:03 DBG] hd-bluray-web: > Created: 90a6f9a284dff5103f6346090e6280c8 (LQ)
[01:28:03 DBG] hd-bluray-web: > Created: e204b80c87be9497a8a6eaff48f72905 (LQ (Release Title))
[01:28:03 DBG] hd-bluray-web: > Created: 712d74cd88bceb883ee32f773656b1f5 (Sing-Along Versions)
[01:28:03 DBG] hd-bluray-web: > Created: bfd8eb01832d646a0a89c4deb46f8564 (Upscaled)
[01:28:03 INF] hd-bluray-web: Total of 40 custom formats were synced
[01:28:03 DBG] hd-bluray-web: HTTP Request: POST http://redacted:7878/api/v3/customformat
[01:28:03 DBG] hd-bluray-web: HTTP Response: 201 POST http://redacted:7878/api/v3/customformat
[01:28:03 DBG] hd-bluray-web: HTTP Request: POST http://redacted:7878/api/v3/customformat
[01:28:03 DBG] hd-bluray-web: HTTP Response: 201 POST http://redacted:7878/api/v3/customformat
[01:28:03 DBG] hd-bluray-web: HTTP Request: POST http://redacted:7878/api/v3/customformat
[01:28:03 DBG] hd-bluray-web: HTTP Response: 201 POST http://redacted:7878/api/v3/customformat
[01:28:03 DBG] hd-bluray-web: HTTP Request: POST http://redacted:7878/api/v3/customformat
[01:28:03 DBG] hd-bluray-web: HTTP Response: 201 POST http://redacted:7878/api/v3/customformat
[01:28:03 DBG] hd-bluray-web: HTTP Request: POST http://redacted:7878/api/v3/customformat
[01:28:03 DBG] hd-bluray-web: HTTP Response: 201 POST http://redacted:7878/api/v3/customformat
[01:28:03 DBG] hd-bluray-web: HTTP Request: POST http://redacted:7878/api/v3/customformat
[01:28:03 DBG] hd-bluray-web: HTTP Response: 201 POST http://redacted:7878/api/v3/customformat
[01:28:03 DBG] hd-bluray-web: HTTP Request: POST http://redacted:7878/api/v3/customformat
[01:28:03 DBG] hd-bluray-web: HTTP Response: 201 POST http://redacted:7878/api/v3/customformat
[01:28:03 DBG] hd-bluray-web: HTTP Request: POST http://redacted:7878/api/v3/customformat
[01:28:03 DBG] hd-bluray-web: HTTP Response: 201 POST http://redacted:7878/api/v3/customformat
[01:28:03 DBG] hd-bluray-web: HTTP Request: POST http://redacted:7878/api/v3/customformat
[01:28:03 DBG] hd-bluray-web: HTTP Response: 201 POST http://redacted:7878/api/v3/customformat
[01:28:03 DBG] hd-bluray-web: HTTP Request: POST http://redacted:7878/api/v3/customformat
[01:28:03 DBG] hd-bluray-web: HTTP Response: 201 POST http://redacted:7878/api/v3/customformat
[01:28:03 DBG] hd-bluray-web: HTTP Request: POST http://redacted:7878/api/v3/customformat
[01:28:03 DBG] hd-bluray-web: HTTP Response: 201 POST http://redacted:7878/api/v3/customformat
[01:28:03 DBG] hd-bluray-web: HTTP Request: POST http://redacted:7878/api/v3/customformat
[01:28:03 DBG] hd-bluray-web: HTTP Response: 201 POST http://redacted:7878/api/v3/customformat
[01:28:03 DBG] hd-bluray-web: HTTP Request: POST http://redacted:7878/api/v3/customformat
[01:28:03 DBG] hd-bluray-web: HTTP Response: 201 POST http://redacted:7878/api/v3/customformat
[01:28:03 DBG] hd-bluray-web: HTTP Request: POST http://redacted:7878/api/v3/customformat
[01:28:03 DBG] hd-bluray-web: HTTP Response: 201 POST http://redacted:7878/api/v3/customformat
[01:28:03 DBG] hd-bluray-web: HTTP Request: POST http://redacted:7878/api/v3/customformat
[01:28:03 DBG] hd-bluray-web: HTTP Response: 201 POST http://redacted:7878/api/v3/customformat
[01:28:03 DBG] hd-bluray-web: HTTP Request: POST http://redacted:7878/api/v3/customformat
[01:28:03 DBG] hd-bluray-web: HTTP Response: 201 POST http://redacted:7878/api/v3/customformat
[01:28:03 DBG] hd-bluray-web: HTTP Request: POST http://redacted:7878/api/v3/customformat
[01:28:03 DBG] hd-bluray-web: HTTP Response: 201 POST http://redacted:7878/api/v3/customformat
[01:28:03 DBG] hd-bluray-web: HTTP Request: POST http://redacted:7878/api/v3/customformat
[01:28:03 DBG] hd-bluray-web: HTTP Response: 201 POST http://redacted:7878/api/v3/customformat
[01:28:03 DBG] hd-bluray-web: HTTP Request: POST http://redacted:7878/api/v3/customformat
[01:28:03 DBG] hd-bluray-web: HTTP Response: 201 POST http://redacted:7878/api/v3/customformat
[01:28:03 DBG] hd-bluray-web: HTTP Request: POST http://redacted:7878/api/v3/customformat
[01:28:03 DBG] hd-bluray-web: HTTP Response: 201 POST http://redacted:7878/api/v3/customformat
[01:28:03 DBG] hd-bluray-web: HTTP Request: POST http://redacted:7878/api/v3/customformat
[01:28:03 DBG] hd-bluray-web: HTTP Response: 201 POST http://redacted:7878/api/v3/customformat
[01:28:03 DBG] hd-bluray-web: HTTP Request: POST http://redacted:7878/api/v3/customformat
[01:28:03 DBG] hd-bluray-web: HTTP Response: 201 POST http://redacted:7878/api/v3/customformat
[01:28:03 DBG] hd-bluray-web: HTTP Request: POST http://redacted:7878/api/v3/customformat
[01:28:03 DBG] hd-bluray-web: HTTP Response: 201 POST http://redacted:7878/api/v3/customformat
[01:28:03 DBG] hd-bluray-web: HTTP Request: POST http://redacted:7878/api/v3/customformat
[01:28:03 DBG] hd-bluray-web: HTTP Response: 201 POST http://redacted:7878/api/v3/customformat
[01:28:03 DBG] hd-bluray-web: HTTP Request: POST http://redacted:7878/api/v3/customformat
[01:28:03 DBG] hd-bluray-web: HTTP Response: 201 POST http://redacted:7878/api/v3/customformat
[01:28:03 DBG] hd-bluray-web: HTTP Request: POST http://redacted:7878/api/v3/customformat
[01:28:03 DBG] hd-bluray-web: HTTP Response: 201 POST http://redacted:7878/api/v3/customformat
[01:28:03 DBG] hd-bluray-web: HTTP Request: POST http://redacted:7878/api/v3/customformat
[01:28:03 DBG] hd-bluray-web: HTTP Response: 201 POST http://redacted:7878/api/v3/customformat
[01:28:03 DBG] hd-bluray-web: HTTP Request: POST http://redacted:7878/api/v3/customformat
[01:28:03 DBG] hd-bluray-web: HTTP Response: 201 POST http://redacted:7878/api/v3/customformat
[01:28:03 DBG] hd-bluray-web: HTTP Request: POST http://redacted:7878/api/v3/customformat
[01:28:03 DBG] hd-bluray-web: HTTP Response: 201 POST http://redacted:7878/api/v3/customformat
[01:28:03 DBG] hd-bluray-web: HTTP Request: POST http://redacted:7878/api/v3/customformat
[01:28:03 DBG] hd-bluray-web: HTTP Response: 201 POST http://redacted:7878/api/v3/customformat
[01:28:03 DBG] hd-bluray-web: HTTP Request: POST http://redacted:7878/api/v3/customformat
[01:28:03 DBG] hd-bluray-web: HTTP Response: 201 POST http://redacted:7878/api/v3/customformat
[01:28:03 DBG] hd-bluray-web: HTTP Request: POST http://redacted:7878/api/v3/customformat
[01:28:03 DBG] hd-bluray-web: HTTP Response: 201 POST http://redacted:7878/api/v3/customformat
[01:28:03 DBG] hd-bluray-web: HTTP Request: POST http://redacted:7878/api/v3/customformat
[01:28:03 DBG] hd-bluray-web: HTTP Response: 201 POST http://redacted:7878/api/v3/customformat
[01:28:03 DBG] hd-bluray-web: HTTP Request: POST http://redacted:7878/api/v3/customformat
[01:28:03 DBG] hd-bluray-web: HTTP Response: 201 POST http://redacted:7878/api/v3/customformat
[01:28:03 DBG] hd-bluray-web: HTTP Request: POST http://redacted:7878/api/v3/customformat
[01:28:03 DBG] hd-bluray-web: HTTP Response: 201 POST http://redacted:7878/api/v3/customformat
[01:28:03 DBG] hd-bluray-web: HTTP Request: POST http://redacted:7878/api/v3/customformat
[01:28:03 DBG] hd-bluray-web: HTTP Response: 201 POST http://redacted:7878/api/v3/customformat
[01:28:03 DBG] hd-bluray-web: HTTP Request: POST http://redacted:7878/api/v3/customformat
[01:28:03 DBG] hd-bluray-web: HTTP Response: 201 POST http://redacted:7878/api/v3/customformat
[01:28:03 DBG] hd-bluray-web: HTTP Request: POST http://redacted:7878/api/v3/customformat
[01:28:03 DBG] hd-bluray-web: HTTP Response: 201 POST http://redacted:7878/api/v3/customformat
[01:28:03 DBG] hd-bluray-web: HTTP Request: POST http://redacted:7878/api/v3/customformat
[01:28:04 DBG] hd-bluray-web: HTTP Response: 201 POST http://redacted:7878/api/v3/customformat
[01:28:04 DBG] hd-bluray-web: HTTP Request: POST http://redacted:7878/api/v3/customformat
[01:28:04 DBG] hd-bluray-web: HTTP Response: 201 POST http://redacted:7878/api/v3/customformat
[01:28:04 DBG] hd-bluray-web: Saving Custom Format State to path /config/state/radarr/7de96ad84fa57af3/custom-format-mappings.json
[01:28:04 DBG] hd-bluray-web: Pipeline CustomFormat result: Completed
[01:28:04 DBG] hd-bluray-web: Executing Pipeline: Quality Definition
[01:28:04 DBG] hd-bluray-web: HTTP Request: GET http://redacted:7878/api/v3/qualitydefinition
[01:28:04 DBG] hd-bluray-web: HTTP Response: 200 GET http://redacted:7878/api/v3/qualitydefinition
[01:28:04 DBG] hd-bluray-web: Processed Quality HDTV-720p: [IsDifferent: True] [Min: 0, 17.1] [Max: 100, 2000 (2000)] [Preferred: 95, 1999 (1999)]
[01:28:04 DBG] hd-bluray-web: Processed Quality WEBDL-720p: [IsDifferent: True] [Min: 0, 12.5] [Max: 100, 2000 (2000)] [Preferred: 95, 1999 (1999)]
[01:28:04 DBG] hd-bluray-web: Processed Quality WEBRip-720p: [IsDifferent: True] [Min: 0, 12.5] [Max: 100, 2000 (2000)] [Preferred: 95, 1999 (1999)]
[01:28:04 DBG] hd-bluray-web: Processed Quality Bluray-720p: [IsDifferent: True] [Min: 0, 25.7] [Max: 100, 2000 (2000)] [Preferred: 95, 1999 (1999)]
[01:28:04 DBG] hd-bluray-web: Processed Quality HDTV-1080p: [IsDifferent: True] [Min: 0, 33.8] [Max: 100, 2000 (2000)] [Preferred: 95, 1999 (1999)]
[01:28:04 DBG] hd-bluray-web: Processed Quality WEBDL-1080p: [IsDifferent: True] [Min: 0, 12.5] [Max: 100, 2000 (2000)] [Preferred: 95, 1999 (1999)]
[01:28:04 DBG] hd-bluray-web: Processed Quality WEBRip-1080p: [IsDifferent: True] [Min: 0, 12.5] [Max: 100, 2000 (2000)] [Preferred: 95, 1999 (1999)]
[01:28:04 DBG] hd-bluray-web: Processed Quality Bluray-1080p: [IsDifferent: True] [Min: 0, 50.8] [Max: null, 2000 (2000)] [Preferred: null, 1999 (1999)]
[01:28:04 DBG] hd-bluray-web: Processed Quality Remux-1080p: [IsDifferent: True] [Min: 0, 102] [Max: null, 2000 (2000)] [Preferred: null, 1999 (1999)]
[01:28:04 DBG] hd-bluray-web: Processed Quality HDTV-2160p: [IsDifferent: True] [Min: 0, 85] [Max: null, 2000 (2000)] [Preferred: null, 1999 (1999)]
[01:28:04 DBG] hd-bluray-web: Processed Quality WEBDL-2160p: [IsDifferent: True] [Min: 0, 34.5] [Max: null, 2000 (2000)] [Preferred: null, 1999 (1999)]
[01:28:04 DBG] hd-bluray-web: Processed Quality WEBRip-2160p: [IsDifferent: True] [Min: 0, 34.5] [Max: null, 2000 (2000)] [Preferred: null, 1999 (1999)]
[01:28:04 DBG] hd-bluray-web: Processed Quality Bluray-2160p: [IsDifferent: True] [Min: 0, 102] [Max: null, 2000 (2000)] [Preferred: null, 1999 (1999)]
[01:28:04 DBG] hd-bluray-web: Processed Quality Remux-2160p: [IsDifferent: True] [Min: 0, 187.4] [Max: null, 2000 (2000)] [Preferred: null, 1999 (1999)]
[01:28:04 DBG] hd-bluray-web: HTTP Request: PUT http://redacted:7878/api/v3/qualitydefinition/update
[01:28:04 DBG] hd-bluray-web: HTTP Response: 202 PUT http://redacted:7878/api/v3/qualitydefinition/update
[01:28:04 INF] hd-bluray-web: Total of 14 sizes were synced for quality definition movie
[01:28:04 DBG] hd-bluray-web: Pipeline QualitySize result: Completed
[01:28:04 DBG] hd-bluray-web: Executing Pipeline: Radarr Media Naming
[01:28:04 DBG] hd-bluray-web: Pipeline MediaNaming result: Completed
[01:28:04 DBG] hd-bluray-web: Executing Pipeline: Media Management
[01:28:04 DBG] hd-bluray-web: Pipeline MediaManagement result: Completed
[01:28:04 DBG] hd-bluray-web: Executing Pipeline: Quality Profile
[01:28:04 DBG] hd-bluray-web: HTTP Request: GET http://redacted:7878/api/v3/qualityprofile
[01:28:04 DBG] hd-bluray-web: HTTP Request: GET http://redacted:7878/api/v3/qualityprofile/schema
[01:28:04 DBG] hd-bluray-web: HTTP Request: GET http://redacted:7878/api/v3/language
[01:28:04 DBG] hd-bluray-web: HTTP Response: 200 GET http://redacted:7878/api/v3/language
[01:28:04 DBG] hd-bluray-web: HTTP Response: 200 GET http://redacted:7878/api/v3/qualityprofile
[01:28:04 DBG] hd-bluray-web: HTTP Response: 200 GET http://redacted:7878/api/v3/qualityprofile/schema
[01:28:04 DBG] hd-bluray-web: Loading Quality Profile State from path: /config/state/radarr/7de96ad84fa57af3/quality-profile-mappings.json
[01:28:04 DBG] hd-bluray-web: State path does not exist
[01:28:04 DBG] hd-bluray-web: Pass 1: guide QP d1d67249d3890e49bc12e275d989a7e9 (HD Bluray + WEB), exact cached ID: none
[01:28:04 DBG] hd-bluray-web: Pass 2: trash_id d1d67249d3890e49bc12e275d989a7e9 has 0 unclaimed mapping(s) and 1 unmatched profile(s)
[01:28:04 DBG] hd-bluray-web: Quality group 'WEB 1080p' matched existing group (Id: 1002)
[01:28:04 DBG] hd-bluray-web: Quality group 'WEB 2160p' matched existing group (Id: 1003)
[01:28:04 DBG] hd-bluray-web: Quality group 'WEB 720p' matched existing group (Id: 1001)
[01:28:04 DBG] hd-bluray-web: Quality group 'WEB 480p' matched existing group (Id: 1000)
[01:28:04 DBG] hd-bluray-web: HTTP Request: POST http://redacted:7878/api/v3/qualityprofile
[01:28:04 DBG] hd-bluray-web: HTTP Response: 201 POST http://redacted:7878/api/v3/qualityprofile
[01:28:04 DBG] hd-bluray-web: Saving Quality Profile State to path /config/state/radarr/7de96ad84fa57af3/quality-profile-mappings.json
[01:28:04 INF] hd-bluray-web: Created 1 Profiles: ["HD Bluray + WEB"]
[01:28:04 INF] hd-bluray-web: A total of 1 profiles were synced. 0 contain quality changes and 0 contain updated scores
[01:28:04 DBG] hd-bluray-web: Pipeline QualityProfile result: Completed
[01:28:04 INF] hd-bluray-web: Completed at 08/19/2026 01:28:04
[01:28:04 DBG] Cleaning up logs using max files of 20
