{"Protocol":0,"Id":"baec43b095492adaf4177a982411d722","Path":"/data/media/tv/Inside Job (2021) [tvdbid-365098]/Inside Job (2021) - S01E01 - Unpresidented [HDTV-720p][AC3 5.1][x264]-RTA.mkv","EncoderPath":null,"EncoderProtocol":null,"Type":0,"Container":"mkv","Size":997564702,"Name":"Inside Job (2021) - S01E01 - Unpresidented [HDTV-720p][AC3 5.1][x264]-RTA","IsRemote":false,"ETag":"e5035e607864bbd46435a2199c6d27e5","RunTimeTicks":24920000000,"ReadAtNativeFramerate":false,"IgnoreDts":false,"IgnoreIndex":false,"GenPtsInput":false,"SupportsTranscoding":true,"SupportsDirectStream":true,"SupportsDirectPlay":true,"IsInfiniteStream":false,"UseMostCompatibleTranscodingProfile":false,"RequiresOpening":false,"OpenToken":null,"RequiresClosing":false,"LiveStreamId":null,"BufferMs":null,"RequiresLooping":false,"SupportsProbing":true,"VideoType":0,"IsoType":null,"Video3DFormat":null,"MediaStreams":[{"Codec":"h264","CodecTag":null,"Language":"eng","ColorRange":null,"ColorSpace":"bt709","ColorTransfer":null,"ColorPrimaries":null,"DvVersionMajor":null,"DvVersionMinor":null,"DvProfile":null,"DvLevel":null,"RpuPresentFlag":null,"ElPresentFlag":null,"BlPresentFlag":null,"DvBlSignalCompatibilityId":null,"Rotation":null,"Comment":null,"TimeBase":"1/1000","CodecTimeBase":null,"Title":null,"Hdr10PlusPresentFlag":null,"VideoRange":1,"VideoRangeType":1,"VideoDoViTitle":null,"AudioSpatialFormat":0,"LocalizedUndefined":null,"LocalizedDefault":null,"LocalizedForced":null,"LocalizedExternal":null,"LocalizedHearingImpaired":null,"DisplayTitle":"720p H264 SDR","NalLengthSize":"4","IsInterlaced":false,"IsAVC":true,"ChannelLayout":null,"BitRate":3202454,"BitDepth":8,"RefFrames":1,"PacketLength":null,"Channels":null,"SampleRate":null,"IsDefault":true,"IsForced":false,"IsHearingImpaired":false,"Height":716,"Width":1280,"AverageFrameRate":23.976025,"RealFrameRate":23.976025,"ReferenceFrameRate":23.976025,"Profile":"High","Type":1,"AspectRatio":"16:9","Index":0,"Score":null,"IsExternal":false,"DeliveryMethod":null,"DeliveryUrl":null,"IsExternalUrl":null,"IsTextSubtitleStream":false,"SupportsExternalStream":false,"Path":null,"PixelFormat":"yuv420p","Level":31,"IsAnamorphic":false},{"Codec":"ac3","CodecTag":null,"Language":null,"ColorRange":null,"ColorSpace":null,"ColorTransfer":null,"ColorPrimaries":null,"DvVersionMajor":null,"DvVersionMinor":null,"DvProfile":null,"DvLevel":null,"RpuPresentFlag":null,"ElPresentFlag":null,"BlPresentFlag":null,"DvBlSignalCompatibilityId":null,"Rotation":null,"Comment":null,"TimeBase":"1/1000","CodecTimeBase":null,"Title":null,"Hdr10PlusPresentFlag":null,"VideoRange":0,"VideoRangeType":0,"VideoDoViTitle":null,"AudioSpatialFormat":0,"LocalizedUndefined":null,"LocalizedDefault":"Default","LocalizedForced":null,"LocalizedExternal":"External","LocalizedHearingImpaired":null,"DisplayTitle":"Dolby Digital - 5.1 - Default","NalLengthSize":null,"IsInterlaced":false,"IsAVC":false,"ChannelLayout":"5.1","BitRate":448000,"BitDepth":null,"RefFrames":null,"PacketLength":null,"Channels":6,"SampleRate":48000,"IsDefault":true,"IsForced":false,"IsHearingImpaired":false,"Height":null,"Width":null,"AverageFrameRate":null,"RealFrameRate":null,"ReferenceFrameRate":null,"Profile":null,"Type":0,"AspectRatio":null,"Index":1,"Score":null,"IsExternal":false,"DeliveryMethod":null,"DeliveryUrl":null,"IsExternalUrl":null,"IsTextSubtitleStream":false,"SupportsExternalStream":false,"Path":null,"PixelFormat":null,"Level":0,"IsAnamorphic":null},{"Codec":"subrip","CodecTag":null,"Language":null,"ColorRange":null,"ColorSpace":null,"ColorTransfer":null,"ColorPrimaries":null,"DvVersionMajor":null,"DvVersionMinor":null,"DvProfile":null,"DvLevel":null,"RpuPresentFlag":null,"ElPresentFlag":null,"BlPresentFlag":null,"DvBlSignalCompatibilityId":null,"Rotation":null,"Comment":null,"TimeBase":"1/1000","CodecTimeBase":null,"Title":null,"Hdr10PlusPresentFlag":null,"VideoRange":0,"VideoRangeType":0,"VideoDoViTitle":null,"AudioSpatialFormat":0,"LocalizedUndefined":"Undefined","LocalizedDefault":"Default","LocalizedForced":"Forced","LocalizedExternal":"External","LocalizedHearingImpaired":"Hearing Impaired","DisplayTitle":"Undefined - Default - SUBRIP","NalLengthSize":null,"IsInterlaced":false,"IsAVC":false,"ChannelLayout":null,"BitRate":null,"BitDepth":null,"RefFrames":null,"PacketLength":null,"Channels":null,"SampleRate":null,"IsDefault":true,"IsForced":false,"IsHearingImpaired":false,"Height":0,"Width":0,"AverageFrameRate":null,"RealFrameRate":null,"ReferenceFrameRate":null,"Profile":null,"Type":2,"AspectRatio":null,"Index":2,"Score":null,"IsExternal":false,"DeliveryMethod":null,"DeliveryUrl":null,"IsExternalUrl":null,"IsTextSubtitleStream":true,"SupportsExternalStream":true,"Path":null,"PixelFormat":null,"Level":0,"IsAnamorphic":null}],"MediaAttachments":[],"Formats":[],"Bitrate":3650454,"FallbackMaxStreamingBitrate":null,"Timestamp":null,"RequiredHttpHeaders":{},"TranscodingUrl":null,"TranscodingSubProtocol":0,"TranscodingContainer":null,"AnalyzeDurationMs":null,"DefaultAudioStreamIndex":null,"DefaultSubtitleStreamIndex":null,"HasSegments":false}

/usr/lib/jellyfin-ffmpeg/ffmpeg -analyzeduration 200M -probesize 1G -fflags +genpts  -i file:"/data/media/tv/Inside Job (2021) [tvdbid-365098]/Inside Job (2021) - S01E01 - Unpresidented [HDTV-720p][AC3 5.1][x264]-RTA.mkv" -map_metadata -1 -map_chapters -1 -threads 0 -map 0:0 -map 0:1 -map -0:s -codec:v:0 copy -bsf:v h264_mp4toannexb -start_at_zero -codec:a:0 copy -copyts -avoid_negative_ts disabled -max_muxing_queue_size 2048 -f hls -max_delay 5000000 -hls_time 6 -hls_segment_type fmp4 -hls_fmp4_init_filename "95d5e8cc3ce8d1e5d8bdbb8b7ccfe488-1.mp4" -start_number 0 -hls_segment_filename "/config/cache/transcodes/95d5e8cc3ce8d1e5d8bdbb8b7ccfe488%d.mp4" -hls_playlist_type vod -hls_list_size 0 -hls_segment_options movflags=+frag_discont -y "/config/cache/transcodes/95d5e8cc3ce8d1e5d8bdbb8b7ccfe488.m3u8"


ffmpeg version 7.1.4-Jellyfin Copyright (c) 2000-2026 the FFmpeg developers
  built with gcc 15 (Ubuntu 15.2.0-16ubuntu1)
  configuration: --prefix=/usr/lib/jellyfin-ffmpeg --target-os=linux --extra-version=Jellyfin --disable-doc --disable-ffplay --disable-static --disable-libxcb --disable-sdl2 --disable-xlib --enable-lto=auto --enable-gpl --enable-version3 --enable-shared --enable-gmp --enable-gnutls --enable-chromaprint --enable-opencl --enable-libdrm --enable-libxml2 --enable-libass --enable-libfreetype --enable-libfribidi --enable-libfontconfig --enable-libharfbuzz --enable-libbluray --enable-libmp3lame --enable-libopus --enable-libtheora --enable-libvorbis --enable-libopenmpt --enable-libdav1d --enable-libsvtav1 --enable-libwebp --enable-libvpx --enable-libx264 --enable-libx265 --enable-libzvbi --enable-libzimg --enable-libfdk-aac --arch=arm64 --cross-prefix=/usr/bin/aarch64-linux-gnu- --enable-cross-compile --enable-rkmpp --enable-rkrga --enable-ffnvcodec --enable-cuda --enable-cuda-llvm --enable-cuvid --enable-nvdec --enable-nvenc
  libavutil      59. 39.100 / 59. 39.100
  libavcodec     61. 19.101 / 61. 19.101
  libavformat    61.  7.103 / 61.  7.103
  libavdevice    61.  3.100 / 61.  3.100
  libavfilter    10.  5.100 / 10.  5.100
  libswscale      8.  3.100 /  8.  3.100
  libswresample   5.  3.100 /  5.  3.100
  libpostproc    58.  3.100 / 58.  3.100
Input #0, matroska,webm, from 'file:/data/media/tv/Inside Job (2021) [tvdbid-365098]/Inside Job (2021) - S01E01 - Unpresidented [HDTV-720p][AC3 5.1][x264]-RTA.mkv':
  Metadata:
    encoder         : libebml v1.3.0 + libmatroska v1.4.1
    creation_time   : 2014-03-02T00:08:09.000000Z
  Duration: 00:41:32.00, start: 0.000000, bitrate: 3202 kb/s
  Stream #0:0(eng): Video: h264 (High), yuv420p(tv, bt709/unknown/unknown, progressive), 1280x716, SAR 1:1 DAR 320:179, 23.98 fps, 23.98 tbr, 1k tbn (default)
  Stream #0:1: Audio: ac3, 48000 Hz, 5.1(side), fltp, 448 kb/s (default)
  Stream #0:2: Subtitle: subrip (srt) (default)
Stream mapping:
  Stream #0:0 -> #0:0 (copy)
  Stream #0:1 -> #0:1 (copy)
[hls @ 0xaaaae89ca100] Opening '/config/cache/transcodes/95d5e8cc3ce8d1e5d8bdbb8b7ccfe488-1.mp4' for writing
[mp4 @ 0xaaaae8c1c9e0] track 1: codec frame size is not set
Output #0, hls, to '/config/cache/transcodes/95d5e8cc3ce8d1e5d8bdbb8b7ccfe488.m3u8':
  Metadata:
    encoder         : Lavf61.7.103
  Stream #0:0: Video: h264 (High), yuv420p(tv, bt709/unknown/unknown, progressive), 1280x716 [SAR 1:1 DAR 320:179], q=2-31, 23.98 fps, 23.98 tbr, 16k tbn (default)
  Stream #0:1: Audio: ac3, 48000 Hz, 5.1(side), fltp, 448 kb/s (default)
Press [q] to stop, [?] for help
[hls @ 0xaaaae89ca100] Opening '/config/cache/transcodes/95d5e8cc3ce8d1e5d8bdbb8b7ccfe4880.mp4' for writing
[hls @ 0xaaaae89ca100] Opening '/config/cache/transcodes/95d5e8cc3ce8d1e5d8bdbb8b7ccfe4881.mp4' for writing
[hls @ 0xaaaae89ca100] Opening '/config/cache/transcodes/95d5e8cc3ce8d1e5d8bdbb8b7ccfe4882.mp4' for writing
[hls @ 0xaaaae89ca100] Opening '/config/cache/transcodes/95d5e8cc3ce8d1e5d8bdbb8b7ccfe4883.mp4' for writing
[hls @ 0xaaaae89ca100] Opening '/config/cache/transcodes/95d5e8cc3ce8d1e5d8bdbb8b7ccfe4884.mp4' for writing
[hls @ 0xaaaae89ca100] Opening '/config/cache/transcodes/95d5e8cc3ce8d1e5d8bdbb8b7ccfe4885.mp4' for writing
[hls @ 0xaaaae89ca100] Opening '/config/cache/transcodes/95d5e8cc3ce8d1e5d8bdbb8b7ccfe4886.mp4' for writing
[hls @ 0xaaaae89ca100] Opening '/config/cache/transcodes/95d5e8cc3ce8d1e5d8bdbb8b7ccfe4887.mp4' for writing
[hls @ 0xaaaae89ca100] Opening '/config/cache/transcodes/95d5e8cc3ce8d1e5d8bdbb8b7ccfe4888.mp4' for writing
[hls @ 0xaaaae89ca100] Opening '/config/cache/transcodes/95d5e8cc3ce8d1e5d8bdbb8b7ccfe4889.mp4' for writing
[hls @ 0xaaaae89ca100] Opening '/config/cache/transcodes/95d5e8cc3ce8d1e5d8bdbb8b7ccfe48810.mp4' for writing
[hls @ 0xaaaae89ca100] Opening '/config/cache/transcodes/95d5e8cc3ce8d1e5d8bdbb8b7ccfe48811.mp4' for writing
[hls @ 0xaaaae89ca100] Opening '/config/cache/transcodes/95d5e8cc3ce8d1e5d8bdbb8b7ccfe48812.mp4' for writing
[hls @ 0xaaaae89ca100] Opening '/config/cache/transcodes/95d5e8cc3ce8d1e5d8bdbb8b7ccfe48813.mp4' for writing
[hls @ 0xaaaae89ca100] Opening '/config/cache/transcodes/95d5e8cc3ce8d1e5d8bdbb8b7ccfe48814.mp4' for writing
[hls @ 0xaaaae89ca100] Opening '/config/cache/transcodes/95d5e8cc3ce8d1e5d8bdbb8b7ccfe48815.mp4' for writing
[hls @ 0xaaaae89ca100] Opening '/config/cache/transcodes/95d5e8cc3ce8d1e5d8bdbb8b7ccfe48816.mp4' for writing
[hls @ 0xaaaae89ca100] Opening '/config/cache/transcodes/95d5e8cc3ce8d1e5d8bdbb8b7ccfe48817.mp4' for writing
[hls @ 0xaaaae89ca100] Opening '/config/cache/transcodes/95d5e8cc3ce8d1e5d8bdbb8b7ccfe48818.mp4' for writing
[hls @ 0xaaaae89ca100] Opening '/config/cache/transcodes/95d5e8cc3ce8d1e5d8bdbb8b7ccfe48819.mp4' for writing
[hls @ 0xaaaae89ca100] Opening '/config/cache/transcodes/95d5e8cc3ce8d1e5d8bdbb8b7ccfe48820.mp4' for writing
[hls @ 0xaaaae89ca100] Opening '/config/cache/transcodes/95d5e8cc3ce8d1e5d8bdbb8b7ccfe48821.mp4' for writing
[hls @ 0xaaaae89ca100] Opening '/config/cache/transcodes/95d5e8cc3ce8d1e5d8bdbb8b7ccfe48822.mp4' for writing
[hls @ 0xaaaae89ca100] Opening '/config/cache/transcodes/95d5e8cc3ce8d1e5d8bdbb8b7ccfe48823.mp4' for writing
[hls @ 0xaaaae89ca100] Opening '/config/cache/transcodes/95d5e8cc3ce8d1e5d8bdbb8b7ccfe48824.mp4' for writing
[hls @ 0xaaaae89ca100] Opening '/config/cache/transcodes/95d5e8cc3ce8d1e5d8bdbb8b7ccfe48825.mp4' for writing
[hls @ 0xaaaae89ca100] Opening '/config/cache/transcodes/95d5e8cc3ce8d1e5d8bdbb8b7ccfe48826.mp4' for writing
[hls @ 0xaaaae89ca100] Opening '/config/cache/transcodes/95d5e8cc3ce8d1e5d8bdbb8b7ccfe48827.mp4' for writing
[hls @ 0xaaaae89ca100] Opening '/config/cache/transcodes/95d5e8cc3ce8d1e5d8bdbb8b7ccfe48828.mp4' for writing
[hls @ 0xaaaae89ca100] Opening '/config/cache/transcodes/95d5e8cc3ce8d1e5d8bdbb8b7ccfe48829.mp4' for writing
[hls @ 0xaaaae89ca100] Opening '/config/cache/transcodes/95d5e8cc3ce8d1e5d8bdbb8b7ccfe48830.mp4' for writing
[hls @ 0xaaaae89ca100] Opening '/config/cache/transcodes/95d5e8cc3ce8d1e5d8bdbb8b7ccfe48831.mp4' for writing
[hls @ 0xaaaae89ca100] Opening '/config/cache/transcodes/95d5e8cc3ce8d1e5d8bdbb8b7ccfe48832.mp4' for writing
[hls @ 0xaaaae89ca100] Opening '/config/cache/transcodes/95d5e8cc3ce8d1e5d8bdbb8b7ccfe48833.mp4' for writing
[hls @ 0xaaaae89ca100] Opening '/config/cache/transcodes/95d5e8cc3ce8d1e5d8bdbb8b7ccfe48834.mp4' for writing
[hls @ 0xaaaae89ca100] Opening '/config/cache/transcodes/95d5e8cc3ce8d1e5d8bdbb8b7ccfe48835.mp4' for writing
[hls @ 0xaaaae89ca100] Opening '/config/cache/transcodes/95d5e8cc3ce8d1e5d8bdbb8b7ccfe48836.mp4' for writing
[hls @ 0xaaaae89ca100] Opening '/config/cache/transcodes/95d5e8cc3ce8d1e5d8bdbb8b7ccfe48837.mp4' for writing
[hls @ 0xaaaae89ca100] Opening '/config/cache/transcodes/95d5e8cc3ce8d1e5d8bdbb8b7ccfe48838.mp4' for writing
[hls @ 0xaaaae89ca100] Opening '/config/cache/transcodes/95d5e8cc3ce8d1e5d8bdbb8b7ccfe48839.mp4' for writing
[hls @ 0xaaaae89ca100] Opening '/config/cache/transcodes/95d5e8cc3ce8d1e5d8bdbb8b7ccfe48840.mp4' for writing
[hls @ 0xaaaae89ca100] Opening '/config/cache/transcodes/95d5e8cc3ce8d1e5d8bdbb8b7ccfe48841.mp4' for writing
[hls @ 0xaaaae89ca100] Opening '/config/cache/transcodes/95d5e8cc3ce8d1e5d8bdbb8b7ccfe48842.mp4' for writing
[hls @ 0xaaaae89ca100] Opening '/config/cache/transcodes/95d5e8cc3ce8d1e5d8bdbb8b7ccfe48843.mp4' for writing
[hls @ 0xaaaae89ca100] Opening '/config/cache/transcodes/95d5e8cc3ce8d1e5d8bdbb8b7ccfe48844.mp4' for writing
[hls @ 0xaaaae89ca100] Opening '/config/cache/transcodes/95d5e8cc3ce8d1e5d8bdbb8b7ccfe48845.mp4' for writing
[hls @ 0xaaaae89ca100] Opening '/config/cache/transcodes/95d5e8cc3ce8d1e5d8bdbb8b7ccfe48846.mp4' for writing
[hls @ 0xaaaae89ca100] Opening '/config/cache/transcodes/95d5e8cc3ce8d1e5d8bdbb8b7ccfe48847.mp4' for writing
[hls @ 0xaaaae89ca100] Opening '/config/cache/transcodes/95d5e8cc3ce8d1e5d8bdbb8b7ccfe48848.mp4' for writing
[hls @ 0xaaaae89ca100] Opening '/config/cache/transcodes/95d5e8cc3ce8d1e5d8bdbb8b7ccfe48849.mp4' for writing
[hls @ 0xaaaae89ca100] Opening '/config/cache/transcodes/95d5e8cc3ce8d1e5d8bdbb8b7ccfe48850.mp4' for writing
[hls @ 0xaaaae89ca100] Opening '/config/cache/transcodes/95d5e8cc3ce8d1e5d8bdbb8b7ccfe48851.mp4' for writing
[hls @ 0xaaaae89ca100] Opening '/config/cache/transcodes/95d5e8cc3ce8d1e5d8bdbb8b7ccfe48852.mp4' for writing
[hls @ 0xaaaae89ca100] Opening '/config/cache/transcodes/95d5e8cc3ce8d1e5d8bdbb8b7ccfe48853.mp4' for writing
[hls @ 0xaaaae89ca100] Opening '/config/cache/transcodes/95d5e8cc3ce8d1e5d8bdbb8b7ccfe48854.mp4' for writing
[hls @ 0xaaaae89ca100] Opening '/config/cache/transcodes/95d5e8cc3ce8d1e5d8bdbb8b7ccfe48855.mp4' for writing
[hls @ 0xaaaae89ca100] Opening '/config/cache/transcodes/95d5e8cc3ce8d1e5d8bdbb8b7ccfe48856.mp4' for writing
[hls @ 0xaaaae89ca100] Opening '/config/cache/transcodes/95d5e8cc3ce8d1e5d8bdbb8b7ccfe48857.mp4' for writing
[hls @ 0xaaaae89ca100] Opening '/config/cache/transcodes/95d5e8cc3ce8d1e5d8bdbb8b7ccfe48858.mp4' for writing
[hls @ 0xaaaae89ca100] Opening '/config/cache/transcodes/95d5e8cc3ce8d1e5d8bdbb8b7ccfe48859.mp4' for writing
[hls @ 0xaaaae89ca100] Opening '/config/cache/transcodes/95d5e8cc3ce8d1e5d8bdbb8b7ccfe48860.mp4' for writing
[hls @ 0xaaaae89ca100] Opening '/config/cache/transcodes/95d5e8cc3ce8d1e5d8bdbb8b7ccfe48861.mp4' for writing
[hls @ 0xaaaae89ca100] Opening '/config/cache/transcodes/95d5e8cc3ce8d1e5d8bdbb8b7ccfe48862.mp4' for writing
[hls @ 0xaaaae89ca100] Opening '/config/cache/transcodes/95d5e8cc3ce8d1e5d8bdbb8b7ccfe48863.mp4' for writing
[hls @ 0xaaaae89ca100] Opening '/config/cache/transcodes/95d5e8cc3ce8d1e5d8bdbb8b7ccfe48864.mp4' for writing
[hls @ 0xaaaae89ca100] Opening '/config/cache/transcodes/95d5e8cc3ce8d1e5d8bdbb8b7ccfe48865.mp4' for writing
[hls @ 0xaaaae89ca100] Opening '/config/cache/transcodes/95d5e8cc3ce8d1e5d8bdbb8b7ccfe48866.mp4' for writing
[hls @ 0xaaaae89ca100] Opening '/config/cache/transcodes/95d5e8cc3ce8d1e5d8bdbb8b7ccfe48867.mp4' for writing
[hls @ 0xaaaae89ca100] Opening '/config/cache/transcodes/95d5e8cc3ce8d1e5d8bdbb8b7ccfe48868.mp4' for writing
[hls @ 0xaaaae89ca100] Opening '/config/cache/transcodes/95d5e8cc3ce8d1e5d8bdbb8b7ccfe48869.mp4' for writing
[hls @ 0xaaaae89ca100] Opening '/config/cache/transcodes/95d5e8cc3ce8d1e5d8bdbb8b7ccfe48870.mp4' for writing
[hls @ 0xaaaae89ca100] Opening '/config/cache/transcodes/95d5e8cc3ce8d1e5d8bdbb8b7ccfe48871.mp4' for writing
frame=10596 fps=0.0 q=-1.0 size=N/A time=00:00:00.00 bitrate=N/A speed=   0x    
[hls @ 0xaaaae89ca100] Opening '/config/cache/transcodes/95d5e8cc3ce8d1e5d8bdbb8b7ccfe48872.mp4' for writing
[hls @ 0xaaaae89ca100] Opening '/config/cache/transcodes/95d5e8cc3ce8d1e5d8bdbb8b7ccfe48873.mp4' for writing
[hls @ 0xaaaae89ca100] Opening '/config/cache/transcodes/95d5e8cc3ce8d1e5d8bdbb8b7ccfe48874.mp4' for writing
[hls @ 0xaaaae89ca100] Opening '/config/cache/transcodes/95d5e8cc3ce8d1e5d8bdbb8b7ccfe48875.mp4' for writing
[hls @ 0xaaaae89ca100] Opening '/config/cache/transcodes/95d5e8cc3ce8d1e5d8bdbb8b7ccfe48876.mp4' for writing
[hls @ 0xaaaae89ca100] Opening '/config/cache/transcodes/95d5e8cc3ce8d1e5d8bdbb8b7ccfe48877.mp4' for writing
[hls @ 0xaaaae89ca100] Opening '/config/cache/transcodes/95d5e8cc3ce8d1e5d8bdbb8b7ccfe48878.mp4' for writing
[hls @ 0xaaaae89ca100] Opening '/config/cache/transcodes/95d5e8cc3ce8d1e5d8bdbb8b7ccfe48879.mp4' for writing
[hls @ 0xaaaae89ca100] Opening '/config/cache/transcodes/95d5e8cc3ce8d1e5d8bdbb8b7ccfe48880.mp4' for writing
[hls @ 0xaaaae89ca100] Opening '/config/cache/transcodes/95d5e8cc3ce8d1e5d8bdbb8b7ccfe48881.mp4' for writing
[hls @ 0xaaaae89ca100] Opening '/config/cache/transcodes/95d5e8cc3ce8d1e5d8bdbb8b7ccfe48882.mp4' for writing
[hls @ 0xaaaae89ca100] Opening '/config/cache/transcodes/95d5e8cc3ce8d1e5d8bdbb8b7ccfe48883.mp4' for writing
[hls @ 0xaaaae89ca100] Opening '/config/cache/transcodes/95d5e8cc3ce8d1e5d8bdbb8b7ccfe48884.mp4' for writing
[hls @ 0xaaaae89ca100] Opening '/config/cache/transcodes/95d5e8cc3ce8d1e5d8bdbb8b7ccfe48885.mp4' for writing
[hls @ 0xaaaae89ca100] Opening '/config/cache/transcodes/95d5e8cc3ce8d1e5d8bdbb8b7ccfe48886.mp4' for writing
[hls @ 0xaaaae89ca100] Opening '/config/cache/transcodes/95d5e8cc3ce8d1e5d8bdbb8b7ccfe48887.mp4' for writing
[hls @ 0xaaaae89ca100] Opening '/config/cache/transcodes/95d5e8cc3ce8d1e5d8bdbb8b7ccfe48888.mp4' for writing
[hls @ 0xaaaae89ca100] Opening '/config/cache/transcodes/95d5e8cc3ce8d1e5d8bdbb8b7ccfe48889.mp4' for writing
[hls @ 0xaaaae89ca100] Opening '/config/cache/transcodes/95d5e8cc3ce8d1e5d8bdbb8b7ccfe48890.mp4' for writing
[hls @ 0xaaaae89ca100] Opening '/config/cache/transcodes/95d5e8cc3ce8d1e5d8bdbb8b7ccfe48891.mp4' for writing
[hls @ 0xaaaae89ca100] Opening '/config/cache/transcodes/95d5e8cc3ce8d1e5d8bdbb8b7ccfe48892.mp4' for writing
[hls @ 0xaaaae89ca100] Opening '/config/cache/transcodes/95d5e8cc3ce8d1e5d8bdbb8b7ccfe48893.mp4' for writing
[hls @ 0xaaaae89ca100] Opening '/config/cache/transcodes/95d5e8cc3ce8d1e5d8bdbb8b7ccfe48894.mp4' for writing
[hls @ 0xaaaae89ca100] Opening '/config/cache/transcodes/95d5e8cc3ce8d1e5d8bdbb8b7ccfe48895.mp4' for writing
[hls @ 0xaaaae89ca100] Opening '/config/cache/transcodes/95d5e8cc3ce8d1e5d8bdbb8b7ccfe48896.mp4' for writing
[hls @ 0xaaaae89ca100] Opening '/config/cache/transcodes/95d5e8cc3ce8d1e5d8bdbb8b7ccfe48897.mp4' for writing
[hls @ 0xaaaae89ca100] Opening '/config/cache/transcodes/95d5e8cc3ce8d1e5d8bdbb8b7ccfe48898.mp4' for writing
[hls @ 0xaaaae89ca100] Opening '/config/cache/transcodes/95d5e8cc3ce8d1e5d8bdbb8b7ccfe48899.mp4' for writing
[hls @ 0xaaaae89ca100] Opening '/config/cache/transcodes/95d5e8cc3ce8d1e5d8bdbb8b7ccfe488100.mp4' for writing
[hls @ 0xaaaae89ca100] Opening '/config/cache/transcodes/95d5e8cc3ce8d1e5d8bdbb8b7ccfe488101.mp4' for writing
[hls @ 0xaaaae89ca100] Opening '/config/cache/transcodes/95d5e8cc3ce8d1e5d8bdbb8b7ccfe488102.mp4' for writing
[hls @ 0xaaaae89ca100] Opening '/config/cache/transcodes/95d5e8cc3ce8d1e5d8bdbb8b7ccfe488103.mp4' for writing
[hls @ 0xaaaae89ca100] Opening '/config/cache/transcodes/95d5e8cc3ce8d1e5d8bdbb8b7ccfe488104.mp4' for writing
[hls @ 0xaaaae89ca100] Opening '/config/cache/transcodes/95d5e8cc3ce8d1e5d8bdbb8b7ccfe488105.mp4' for writing
[hls @ 0xaaaae89ca100] Opening '/config/cache/transcodes/95d5e8cc3ce8d1e5d8bdbb8b7ccfe488106.mp4' for writing
[hls @ 0xaaaae89ca100] Opening '/config/cache/transcodes/95d5e8cc3ce8d1e5d8bdbb8b7ccfe488107.mp4' for writing
[hls @ 0xaaaae89ca100] Opening '/config/cache/transcodes/95d5e8cc3ce8d1e5d8bdbb8b7ccfe488108.mp4' for writing
[hls @ 0xaaaae89ca100] Opening '/config/cache/transcodes/95d5e8cc3ce8d1e5d8bdbb8b7ccfe488109.mp4' for writing
[hls @ 0xaaaae89ca100] Opening '/config/cache/transcodes/95d5e8cc3ce8d1e5d8bdbb8b7ccfe488110.mp4' for writing
[hls @ 0xaaaae89ca100] Opening '/config/cache/transcodes/95d5e8cc3ce8d1e5d8bdbb8b7ccfe488111.mp4' for writing
[hls @ 0xaaaae89ca100] Opening '/config/cache/transcodes/95d5e8cc3ce8d1e5d8bdbb8b7ccfe488112.mp4' for writing
[hls @ 0xaaaae89ca100] Opening '/config/cache/transcodes/95d5e8cc3ce8d1e5d8bdbb8b7ccfe488113.mp4' for writing
[hls @ 0xaaaae89ca100] Opening '/config/cache/transcodes/95d5e8cc3ce8d1e5d8bdbb8b7ccfe488114.mp4' for writing
[hls @ 0xaaaae89ca100] Opening '/config/cache/transcodes/95d5e8cc3ce8d1e5d8bdbb8b7ccfe488115.mp4' for writing
[hls @ 0xaaaae89ca100] Opening '/config/cache/transcodes/95d5e8cc3ce8d1e5d8bdbb8b7ccfe488116.mp4' for writing
[hls @ 0xaaaae89ca100] Opening '/config/cache/transcodes/95d5e8cc3ce8d1e5d8bdbb8b7ccfe488117.mp4' for writing
[hls @ 0xaaaae89ca100] Opening '/config/cache/transcodes/95d5e8cc3ce8d1e5d8bdbb8b7ccfe488118.mp4' for writing
[hls @ 0xaaaae89ca100] Opening '/config/cache/transcodes/95d5e8cc3ce8d1e5d8bdbb8b7ccfe488119.mp4' for writing
[hls @ 0xaaaae89ca100] Opening '/config/cache/transcodes/95d5e8cc3ce8d1e5d8bdbb8b7ccfe488120.mp4' for writing
[hls @ 0xaaaae89ca100] Opening '/config/cache/transcodes/95d5e8cc3ce8d1e5d8bdbb8b7ccfe488121.mp4' for writing
frame=17651 fps=17645 q=-1.0 size=N/A time=00:04:54.42 bitrate=N/A speed= 294x    
[hls @ 0xaaaae89ca100] Opening '/config/cache/transcodes/95d5e8cc3ce8d1e5d8bdbb8b7ccfe488122.mp4' for writing
[hls @ 0xaaaae89ca100] Opening '/config/cache/transcodes/95d5e8cc3ce8d1e5d8bdbb8b7ccfe488123.mp4' for writing
[hls @ 0xaaaae89ca100] Opening '/config/cache/transcodes/95d5e8cc3ce8d1e5d8bdbb8b7ccfe488124.mp4' for writing
[hls @ 0xaaaae89ca100] Opening '/config/cache/transcodes/95d5e8cc3ce8d1e5d8bdbb8b7ccfe488125.mp4' for writing
[hls @ 0xaaaae89ca100] Opening '/config/cache/transcodes/95d5e8cc3ce8d1e5d8bdbb8b7ccfe488126.mp4' for writing
[hls @ 0xaaaae89ca100] Opening '/config/cache/transcodes/95d5e8cc3ce8d1e5d8bdbb8b7ccfe488127.mp4' for writing
[hls @ 0xaaaae89ca100] Opening '/config/cache/transcodes/95d5e8cc3ce8d1e5d8bdbb8b7ccfe488128.mp4' for writing
[hls @ 0xaaaae89ca100] Opening '/config/cache/transcodes/95d5e8cc3ce8d1e5d8bdbb8b7ccfe488129.mp4' for writing
[hls @ 0xaaaae89ca100] Opening '/config/cache/transcodes/95d5e8cc3ce8d1e5d8bdbb8b7ccfe488130.mp4' for writing
[hls @ 0xaaaae89ca100] Opening '/config/cache/transcodes/95d5e8cc3ce8d1e5d8bdbb8b7ccfe488131.mp4' for writing
[hls @ 0xaaaae89ca100] Opening '/config/cache/transcodes/95d5e8cc3ce8d1e5d8bdbb8b7ccfe488132.mp4' for writing
[hls @ 0xaaaae89ca100] Opening '/config/cache/transcodes/95d5e8cc3ce8d1e5d8bdbb8b7ccfe488133.mp4' for writing
[hls @ 0xaaaae89ca100] Opening '/config/cache/transcodes/95d5e8cc3ce8d1e5d8bdbb8b7ccfe488134.mp4' for writing
[hls @ 0xaaaae89ca100] Opening '/config/cache/transcodes/95d5e8cc3ce8d1e5d8bdbb8b7ccfe488135.mp4' for writing
[hls @ 0xaaaae89ca100] Opening '/config/cache/transcodes/95d5e8cc3ce8d1e5d8bdbb8b7ccfe488136.mp4' for writing
[hls @ 0xaaaae89ca100] Opening '/config/cache/transcodes/95d5e8cc3ce8d1e5d8bdbb8b7ccfe488137.mp4' for writing
[hls @ 0xaaaae89ca100] Opening '/config/cache/transcodes/95d5e8cc3ce8d1e5d8bdbb8b7ccfe488138.mp4' for writing
[hls @ 0xaaaae89ca100] Opening '/config/cache/transcodes/95d5e8cc3ce8d1e5d8bdbb8b7ccfe488139.mp4' for writing
[hls @ 0xaaaae89ca100] Opening '/config/cache/transcodes/95d5e8cc3ce8d1e5d8bdbb8b7ccfe488140.mp4' for writing
[hls @ 0xaaaae89ca100] Opening '/config/cache/transcodes/95d5e8cc3ce8d1e5d8bdbb8b7ccfe488141.mp4' for writing
[hls @ 0xaaaae89ca100] Opening '/config/cache/transcodes/95d5e8cc3ce8d1e5d8bdbb8b7ccfe488142.mp4' for writing
[hls @ 0xaaaae89ca100] Opening '/config/cache/transcodes/95d5e8cc3ce8d1e5d8bdbb8b7ccfe488143.mp4' for writing
[hls @ 0xaaaae89ca100] Opening '/config/cache/transcodes/95d5e8cc3ce8d1e5d8bdbb8b7ccfe488144.mp4' for writing
[hls @ 0xaaaae89ca100] Opening '/config/cache/transcodes/95d5e8cc3ce8d1e5d8bdbb8b7ccfe488145.mp4' for writing
[hls @ 0xaaaae89ca100] Opening '/config/cache/transcodes/95d5e8cc3ce8d1e5d8bdbb8b7ccfe488146.mp4' for writing
[hls @ 0xaaaae89ca100] Opening '/config/cache/transcodes/95d5e8cc3ce8d1e5d8bdbb8b7ccfe488147.mp4' for writing
[hls @ 0xaaaae89ca100] Opening '/config/cache/transcodes/95d5e8cc3ce8d1e5d8bdbb8b7ccfe488148.mp4' for writing
[hls @ 0xaaaae89ca100] Opening '/config/cache/transcodes/95d5e8cc3ce8d1e5d8bdbb8b7ccfe488149.mp4' for writing
[hls @ 0xaaaae89ca100] Opening '/config/cache/transcodes/95d5e8cc3ce8d1e5d8bdbb8b7ccfe488150.mp4' for writing
[hls @ 0xaaaae89ca100] Opening '/config/cache/transcodes/95d5e8cc3ce8d1e5d8bdbb8b7ccfe488151.mp4' for writing
[hls @ 0xaaaae89ca100] Opening '/config/cache/transcodes/95d5e8cc3ce8d1e5d8bdbb8b7ccfe488152.mp4' for writing
[hls @ 0xaaaae89ca100] Opening '/config/cache/transcodes/95d5e8cc3ce8d1e5d8bdbb8b7ccfe488153.mp4' for writing
[hls @ 0xaaaae89ca100] Opening '/config/cache/transcodes/95d5e8cc3ce8d1e5d8bdbb8b7ccfe488154.mp4' for writing
[hls @ 0xaaaae89ca100] Opening '/config/cache/transcodes/95d5e8cc3ce8d1e5d8bdbb8b7ccfe488155.mp4' for writing
[hls @ 0xaaaae89ca100] Opening '/config/cache/transcodes/95d5e8cc3ce8d1e5d8bdbb8b7ccfe488156.mp4' for writing
[hls @ 0xaaaae89ca100] Opening '/config/cache/transcodes/95d5e8cc3ce8d1e5d8bdbb8b7ccfe488157.mp4' for writing
[hls @ 0xaaaae89ca100] Opening '/config/cache/transcodes/95d5e8cc3ce8d1e5d8bdbb8b7ccfe488158.mp4' for writing
[hls @ 0xaaaae89ca100] Opening '/config/cache/transcodes/95d5e8cc3ce8d1e5d8bdbb8b7ccfe488159.mp4' for writing
[hls @ 0xaaaae89ca100] Opening '/config/cache/transcodes/95d5e8cc3ce8d1e5d8bdbb8b7ccfe488160.mp4' for writing
[hls @ 0xaaaae89ca100] Opening '/config/cache/transcodes/95d5e8cc3ce8d1e5d8bdbb8b7ccfe488161.mp4' for writing
[hls @ 0xaaaae89ca100] Opening '/config/cache/transcodes/95d5e8cc3ce8d1e5d8bdbb8b7ccfe488162.mp4' for writing
[hls @ 0xaaaae89ca100] Opening '/config/cache/transcodes/95d5e8cc3ce8d1e5d8bdbb8b7ccfe488163.mp4' for writing
[hls @ 0xaaaae89ca100] Opening '/config/cache/transcodes/95d5e8cc3ce8d1e5d8bdbb8b7ccfe488164.mp4' for writing
[hls @ 0xaaaae89ca100] Opening '/config/cache/transcodes/95d5e8cc3ce8d1e5d8bdbb8b7ccfe488165.mp4' for writing
[hls @ 0xaaaae89ca100] Opening '/config/cache/transcodes/95d5e8cc3ce8d1e5d8bdbb8b7ccfe488166.mp4' for writing
[hls @ 0xaaaae89ca100] Opening '/config/cache/transcodes/95d5e8cc3ce8d1e5d8bdbb8b7ccfe488167.mp4' for writing
[hls @ 0xaaaae89ca100] Opening '/config/cache/transcodes/95d5e8cc3ce8d1e5d8bdbb8b7ccfe488168.mp4' for writing
[hls @ 0xaaaae89ca100] Opening '/config/cache/transcodes/95d5e8cc3ce8d1e5d8bdbb8b7ccfe488169.mp4' for writing
[hls @ 0xaaaae89ca100] Opening '/config/cache/transcodes/95d5e8cc3ce8d1e5d8bdbb8b7ccfe488170.mp4' for writing
[hls @ 0xaaaae89ca100] Opening '/config/cache/transcodes/95d5e8cc3ce8d1e5d8bdbb8b7ccfe488171.mp4' for writing
[hls @ 0xaaaae89ca100] Opening '/config/cache/transcodes/95d5e8cc3ce8d1e5d8bdbb8b7ccfe488172.mp4' for writing
[hls @ 0xaaaae89ca100] Opening '/config/cache/transcodes/95d5e8cc3ce8d1e5d8bdbb8b7ccfe488173.mp4' for writing
[hls @ 0xaaaae89ca100] Opening '/config/cache/transcodes/95d5e8cc3ce8d1e5d8bdbb8b7ccfe488174.mp4' for writing
[hls @ 0xaaaae89ca100] Opening '/config/cache/transcodes/95d5e8cc3ce8d1e5d8bdbb8b7ccfe488175.mp4' for writing
[hls @ 0xaaaae89ca100] Opening '/config/cache/transcodes/95d5e8cc3ce8d1e5d8bdbb8b7ccfe488176.mp4' for writing
[hls @ 0xaaaae89ca100] Opening '/config/cache/transcodes/95d5e8cc3ce8d1e5d8bdbb8b7ccfe488177.mp4' for writing
[hls @ 0xaaaae89ca100] Opening '/config/cache/transcodes/95d5e8cc3ce8d1e5d8bdbb8b7ccfe488178.mp4' for writing
[hls @ 0xaaaae89ca100] Opening '/config/cache/transcodes/95d5e8cc3ce8d1e5d8bdbb8b7ccfe488179.mp4' for writing
[hls @ 0xaaaae89ca100] Opening '/config/cache/transcodes/95d5e8cc3ce8d1e5d8bdbb8b7ccfe488180.mp4' for writing
[hls @ 0xaaaae89ca100] Opening '/config/cache/transcodes/95d5e8cc3ce8d1e5d8bdbb8b7ccfe488181.mp4' for writing
[hls @ 0xaaaae89ca100] Opening '/config/cache/transcodes/95d5e8cc3ce8d1e5d8bdbb8b7ccfe488182.mp4' for writing
[hls @ 0xaaaae89ca100] Opening '/config/cache/transcodes/95d5e8cc3ce8d1e5d8bdbb8b7ccfe488183.mp4' for writing
[hls @ 0xaaaae89ca100] Opening '/config/cache/transcodes/95d5e8cc3ce8d1e5d8bdbb8b7ccfe488184.mp4' for writing
[hls @ 0xaaaae89ca100] Opening '/config/cache/transcodes/95d5e8cc3ce8d1e5d8bdbb8b7ccfe488185.mp4' for writing
[hls @ 0xaaaae89ca100] Opening '/config/cache/transcodes/95d5e8cc3ce8d1e5d8bdbb8b7ccfe488186.mp4' for writing
[hls @ 0xaaaae89ca100] Opening '/config/cache/transcodes/95d5e8cc3ce8d1e5d8bdbb8b7ccfe488187.mp4' for writing
[hls @ 0xaaaae89ca100] Opening '/config/cache/transcodes/95d5e8cc3ce8d1e5d8bdbb8b7ccfe488188.mp4' for writing
[hls @ 0xaaaae89ca100] Opening '/config/cache/transcodes/95d5e8cc3ce8d1e5d8bdbb8b7ccfe488189.mp4' for writing
[hls @ 0xaaaae89ca100] Opening '/config/cache/transcodes/95d5e8cc3ce8d1e5d8bdbb8b7ccfe488190.mp4' for writing
[hls @ 0xaaaae89ca100] Opening '/config/cache/transcodes/95d5e8cc3ce8d1e5d8bdbb8b7ccfe488191.mp4' for writing
[hls @ 0xaaaae89ca100] Opening '/config/cache/transcodes/95d5e8cc3ce8d1e5d8bdbb8b7ccfe488192.mp4' for writing
[hls @ 0xaaaae89ca100] Opening '/config/cache/transcodes/95d5e8cc3ce8d1e5d8bdbb8b7ccfe488193.mp4' for writing
[hls @ 0xaaaae89ca100] Opening '/config/cache/transcodes/95d5e8cc3ce8d1e5d8bdbb8b7ccfe488194.mp4' for writing
[hls @ 0xaaaae89ca100] Opening '/config/cache/transcodes/95d5e8cc3ce8d1e5d8bdbb8b7ccfe488195.mp4' for writing
[hls @ 0xaaaae89ca100] Opening '/config/cache/transcodes/95d5e8cc3ce8d1e5d8bdbb8b7ccfe488196.mp4' for writing
[hls @ 0xaaaae89ca100] Opening '/config/cache/transcodes/95d5e8cc3ce8d1e5d8bdbb8b7ccfe488197.mp4' for writing
[hls @ 0xaaaae89ca100] Opening '/config/cache/transcodes/95d5e8cc3ce8d1e5d8bdbb8b7ccfe488198.mp4' for writing
[hls @ 0xaaaae89ca100] Opening '/config/cache/transcodes/95d5e8cc3ce8d1e5d8bdbb8b7ccfe488199.mp4' for writing
[hls @ 0xaaaae89ca100] Opening '/config/cache/transcodes/95d5e8cc3ce8d1e5d8bdbb8b7ccfe488200.mp4' for writing
[hls @ 0xaaaae89ca100] Opening '/config/cache/transcodes/95d5e8cc3ce8d1e5d8bdbb8b7ccfe488201.mp4' for writing
[hls @ 0xaaaae89ca100] Opening '/config/cache/transcodes/95d5e8cc3ce8d1e5d8bdbb8b7ccfe488202.mp4' for writing
[hls @ 0xaaaae89ca100] Opening '/config/cache/transcodes/95d5e8cc3ce8d1e5d8bdbb8b7ccfe488203.mp4' for writing
[hls @ 0xaaaae89ca100] Opening '/config/cache/transcodes/95d5e8cc3ce8d1e5d8bdbb8b7ccfe488204.mp4' for writing
[hls @ 0xaaaae89ca100] Opening '/config/cache/transcodes/95d5e8cc3ce8d1e5d8bdbb8b7ccfe488205.mp4' for writing
[hls @ 0xaaaae89ca100] Opening '/config/cache/transcodes/95d5e8cc3ce8d1e5d8bdbb8b7ccfe488206.mp4' for writing
[hls @ 0xaaaae89ca100] Opening '/config/cache/transcodes/95d5e8cc3ce8d1e5d8bdbb8b7ccfe488207.mp4' for writing
[hls @ 0xaaaae89ca100] Opening '/config/cache/transcodes/95d5e8cc3ce8d1e5d8bdbb8b7ccfe488208.mp4' for writing
[hls @ 0xaaaae89ca100] Opening '/config/cache/transcodes/95d5e8cc3ce8d1e5d8bdbb8b7ccfe488209.mp4' for writing
[hls @ 0xaaaae89ca100] Opening '/config/cache/transcodes/95d5e8cc3ce8d1e5d8bdbb8b7ccfe488210.mp4' for writing
[hls @ 0xaaaae89ca100] Opening '/config/cache/transcodes/95d5e8cc3ce8d1e5d8bdbb8b7ccfe488211.mp4' for writing
[hls @ 0xaaaae89ca100] Opening '/config/cache/transcodes/95d5e8cc3ce8d1e5d8bdbb8b7ccfe488212.mp4' for writing
[hls @ 0xaaaae89ca100] Opening '/config/cache/transcodes/95d5e8cc3ce8d1e5d8bdbb8b7ccfe488213.mp4' for writing
[hls @ 0xaaaae89ca100] Opening '/config/cache/transcodes/95d5e8cc3ce8d1e5d8bdbb8b7ccfe488214.mp4' for writing
[hls @ 0xaaaae89ca100] Opening '/config/cache/transcodes/95d5e8cc3ce8d1e5d8bdbb8b7ccfe488215.mp4' for writing
[hls @ 0xaaaae89ca100] Opening '/config/cache/transcodes/95d5e8cc3ce8d1e5d8bdbb8b7ccfe488216.mp4' for writing
frame=31290 fps=20853 q=-1.0 size=N/A time=00:14:23.40 bitrate=N/A speed= 575x    
[hls @ 0xaaaae89ca100] Opening '/config/cache/transcodes/95d5e8cc3ce8d1e5d8bdbb8b7ccfe488217.mp4' for writing
[hls @ 0xaaaae89ca100] Opening '/config/cache/transcodes/95d5e8cc3ce8d1e5d8bdbb8b7ccfe488218.mp4' for writing
[hls @ 0xaaaae89ca100] Opening '/config/cache/transcodes/95d5e8cc3ce8d1e5d8bdbb8b7ccfe488219.mp4' for writing
[hls @ 0xaaaae89ca100] Opening '/config/cache/transcodes/95d5e8cc3ce8d1e5d8bdbb8b7ccfe488220.mp4' for writing
[hls @ 0xaaaae89ca100] Opening '/config/cache/transcodes/95d5e8cc3ce8d1e5d8bdbb8b7ccfe488221.mp4' for writing
[hls @ 0xaaaae89ca100] Opening '/config/cache/transcodes/95d5e8cc3ce8d1e5d8bdbb8b7ccfe488222.mp4' for writing
[hls @ 0xaaaae89ca100] Opening '/config/cache/transcodes/95d5e8cc3ce8d1e5d8bdbb8b7ccfe488223.mp4' for writing
[hls @ 0xaaaae89ca100] Opening '/config/cache/transcodes/95d5e8cc3ce8d1e5d8bdbb8b7ccfe488224.mp4' for writing
[hls @ 0xaaaae89ca100] Opening '/config/cache/transcodes/95d5e8cc3ce8d1e5d8bdbb8b7ccfe488225.mp4' for writing
[hls @ 0xaaaae89ca100] Opening '/config/cache/transcodes/95d5e8cc3ce8d1e5d8bdbb8b7ccfe488226.mp4' for writing
[hls @ 0xaaaae89ca100] Opening '/config/cache/transcodes/95d5e8cc3ce8d1e5d8bdbb8b7ccfe488227.mp4' for writing
[hls @ 0xaaaae89ca100] Opening '/config/cache/transcodes/95d5e8cc3ce8d1e5d8bdbb8b7ccfe488228.mp4' for writing
[hls @ 0xaaaae89ca100] Opening '/config/cache/transcodes/95d5e8cc3ce8d1e5d8bdbb8b7ccfe488229.mp4' for writing
[hls @ 0xaaaae89ca100] Opening '/config/cache/transcodes/95d5e8cc3ce8d1e5d8bdbb8b7ccfe488230.mp4' for writing
[hls @ 0xaaaae89ca100] Opening '/config/cache/transcodes/95d5e8cc3ce8d1e5d8bdbb8b7ccfe488231.mp4' for writing
[hls @ 0xaaaae89ca100] Opening '/config/cache/transcodes/95d5e8cc3ce8d1e5d8bdbb8b7ccfe488232.mp4' for writing
[hls @ 0xaaaae89ca100] Opening '/config/cache/transcodes/95d5e8cc3ce8d1e5d8bdbb8b7ccfe488233.mp4' for writing
[hls @ 0xaaaae89ca100] Opening '/config/cache/transcodes/95d5e8cc3ce8d1e5d8bdbb8b7ccfe488234.mp4' for writing
[hls @ 0xaaaae89ca100] Opening '/config/cache/transcodes/95d5e8cc3ce8d1e5d8bdbb8b7ccfe488235.mp4' for writing
[hls @ 0xaaaae89ca100] Opening '/config/cache/transcodes/95d5e8cc3ce8d1e5d8bdbb8b7ccfe488236.mp4' for writing
[hls @ 0xaaaae89ca100] Opening '/config/cache/transcodes/95d5e8cc3ce8d1e5d8bdbb8b7ccfe488237.mp4' for writing
[hls @ 0xaaaae89ca100] Opening '/config/cache/transcodes/95d5e8cc3ce8d1e5d8bdbb8b7ccfe488238.mp4' for writing
[hls @ 0xaaaae89ca100] Opening '/config/cache/transcodes/95d5e8cc3ce8d1e5d8bdbb8b7ccfe488239.mp4' for writing
[hls @ 0xaaaae89ca100] Opening '/config/cache/transcodes/95d5e8cc3ce8d1e5d8bdbb8b7ccfe488240.mp4' for writing
[hls @ 0xaaaae89ca100] Opening '/config/cache/transcodes/95d5e8cc3ce8d1e5d8bdbb8b7ccfe488241.mp4' for writing
[hls @ 0xaaaae89ca100] Opening '/config/cache/transcodes/95d5e8cc3ce8d1e5d8bdbb8b7ccfe488242.mp4' for writing
[hls @ 0xaaaae89ca100] Opening '/config/cache/transcodes/95d5e8cc3ce8d1e5d8bdbb8b7ccfe488243.mp4' for writing
[hls @ 0xaaaae89ca100] Opening '/config/cache/transcodes/95d5e8cc3ce8d1e5d8bdbb8b7ccfe488244.mp4' for writing
[hls @ 0xaaaae89ca100] Opening '/config/cache/transcodes/95d5e8cc3ce8d1e5d8bdbb8b7ccfe488245.mp4' for writing
[hls @ 0xaaaae89ca100] Opening '/config/cache/transcodes/95d5e8cc3ce8d1e5d8bdbb8b7ccfe488246.mp4' for writing
[hls @ 0xaaaae89ca100] Opening '/config/cache/transcodes/95d5e8cc3ce8d1e5d8bdbb8b7ccfe488247.mp4' for writing
[hls @ 0xaaaae89ca100] Opening '/config/cache/transcodes/95d5e8cc3ce8d1e5d8bdbb8b7ccfe488248.mp4' for writing
[hls @ 0xaaaae89ca100] Opening '/config/cache/transcodes/95d5e8cc3ce8d1e5d8bdbb8b7ccfe488249.mp4' for writing
[hls @ 0xaaaae89ca100] Opening '/config/cache/transcodes/95d5e8cc3ce8d1e5d8bdbb8b7ccfe488250.mp4' for writing
[hls @ 0xaaaae89ca100] Opening '/config/cache/transcodes/95d5e8cc3ce8d1e5d8bdbb8b7ccfe488251.mp4' for writing
[hls @ 0xaaaae89ca100] Opening '/config/cache/transcodes/95d5e8cc3ce8d1e5d8bdbb8b7ccfe488252.mp4' for writing
[hls @ 0xaaaae89ca100] Opening '/config/cache/transcodes/95d5e8cc3ce8d1e5d8bdbb8b7ccfe488253.mp4' for writing
[hls @ 0xaaaae89ca100] Opening '/config/cache/transcodes/95d5e8cc3ce8d1e5d8bdbb8b7ccfe488254.mp4' for writing
[hls @ 0xaaaae89ca100] Opening '/config/cache/transcodes/95d5e8cc3ce8d1e5d8bdbb8b7ccfe488255.mp4' for writing
[hls @ 0xaaaae89ca100] Opening '/config/cache/transcodes/95d5e8cc3ce8d1e5d8bdbb8b7ccfe488256.mp4' for writing
[hls @ 0xaaaae89ca100] Opening '/config/cache/transcodes/95d5e8cc3ce8d1e5d8bdbb8b7ccfe488257.mp4' for writing
[hls @ 0xaaaae89ca100] Opening '/config/cache/transcodes/95d5e8cc3ce8d1e5d8bdbb8b7ccfe488258.mp4' for writing
[hls @ 0xaaaae89ca100] Opening '/config/cache/transcodes/95d5e8cc3ce8d1e5d8bdbb8b7ccfe488259.mp4' for writing
[hls @ 0xaaaae89ca100] Opening '/config/cache/transcodes/95d5e8cc3ce8d1e5d8bdbb8b7ccfe488260.mp4' for writing
[hls @ 0xaaaae89ca100] Opening '/config/cache/transcodes/95d5e8cc3ce8d1e5d8bdbb8b7ccfe488261.mp4' for writing
[hls @ 0xaaaae89ca100] Opening '/config/cache/transcodes/95d5e8cc3ce8d1e5d8bdbb8b7ccfe488262.mp4' for writing
[hls @ 0xaaaae89ca100] Opening '/config/cache/transcodes/95d5e8cc3ce8d1e5d8bdbb8b7ccfe488263.mp4' for writing
[hls @ 0xaaaae89ca100] Opening '/config/cache/transcodes/95d5e8cc3ce8d1e5d8bdbb8b7ccfe488264.mp4' for writing
[hls @ 0xaaaae89ca100] Opening '/config/cache/transcodes/95d5e8cc3ce8d1e5d8bdbb8b7ccfe488265.mp4' for writing
[hls @ 0xaaaae89ca100] Opening '/config/cache/transcodes/95d5e8cc3ce8d1e5d8bdbb8b7ccfe488266.mp4' for writing
[hls @ 0xaaaae89ca100] Opening '/config/cache/transcodes/95d5e8cc3ce8d1e5d8bdbb8b7ccfe488267.mp4' for writing
[hls @ 0xaaaae89ca100] Opening '/config/cache/transcodes/95d5e8cc3ce8d1e5d8bdbb8b7ccfe488268.mp4' for writing
[hls @ 0xaaaae89ca100] Opening '/config/cache/transcodes/95d5e8cc3ce8d1e5d8bdbb8b7ccfe488269.mp4' for writing
[hls @ 0xaaaae89ca100] Opening '/config/cache/transcodes/95d5e8cc3ce8d1e5d8bdbb8b7ccfe488270.mp4' for writing
[hls @ 0xaaaae89ca100] Opening '/config/cache/transcodes/95d5e8cc3ce8d1e5d8bdbb8b7ccfe488271.mp4' for writing
[hls @ 0xaaaae89ca100] Opening '/config/cache/transcodes/95d5e8cc3ce8d1e5d8bdbb8b7ccfe488272.mp4' for writing
[hls @ 0xaaaae89ca100] Opening '/config/cache/transcodes/95d5e8cc3ce8d1e5d8bdbb8b7ccfe488273.mp4' for writing
[hls @ 0xaaaae89ca100] Opening '/config/cache/transcodes/95d5e8cc3ce8d1e5d8bdbb8b7ccfe488274.mp4' for writing
[hls @ 0xaaaae89ca100] Opening '/config/cache/transcodes/95d5e8cc3ce8d1e5d8bdbb8b7ccfe488275.mp4' for writing
[hls @ 0xaaaae89ca100] Opening '/config/cache/transcodes/95d5e8cc3ce8d1e5d8bdbb8b7ccfe488276.mp4' for writing
[hls @ 0xaaaae89ca100] Opening '/config/cache/transcodes/95d5e8cc3ce8d1e5d8bdbb8b7ccfe488277.mp4' for writing
[hls @ 0xaaaae89ca100] Opening '/config/cache/transcodes/95d5e8cc3ce8d1e5d8bdbb8b7ccfe488278.mp4' for writing
[hls @ 0xaaaae89ca100] Opening '/config/cache/transcodes/95d5e8cc3ce8d1e5d8bdbb8b7ccfe488279.mp4' for writing
[hls @ 0xaaaae89ca100] Opening '/config/cache/transcodes/95d5e8cc3ce8d1e5d8bdbb8b7ccfe488280.mp4' for writing
[hls @ 0xaaaae89ca100] Opening '/config/cache/transcodes/95d5e8cc3ce8d1e5d8bdbb8b7ccfe488281.mp4' for writing
[hls @ 0xaaaae89ca100] Opening '/config/cache/transcodes/95d5e8cc3ce8d1e5d8bdbb8b7ccfe488282.mp4' for writing
[hls @ 0xaaaae89ca100] Opening '/config/cache/transcodes/95d5e8cc3ce8d1e5d8bdbb8b7ccfe488283.mp4' for writing
[hls @ 0xaaaae89ca100] Opening '/config/cache/transcodes/95d5e8cc3ce8d1e5d8bdbb8b7ccfe488284.mp4' for writing
[hls @ 0xaaaae89ca100] Opening '/config/cache/transcodes/95d5e8cc3ce8d1e5d8bdbb8b7ccfe488285.mp4' for writing
[hls @ 0xaaaae89ca100] Opening '/config/cache/transcodes/95d5e8cc3ce8d1e5d8bdbb8b7ccfe488286.mp4' for writing
[hls @ 0xaaaae89ca100] Opening '/config/cache/transcodes/95d5e8cc3ce8d1e5d8bdbb8b7ccfe488287.mp4' for writing
[hls @ 0xaaaae89ca100] Opening '/config/cache/transcodes/95d5e8cc3ce8d1e5d8bdbb8b7ccfe488288.mp4' for writing
[hls @ 0xaaaae89ca100] Opening '/config/cache/transcodes/95d5e8cc3ce8d1e5d8bdbb8b7ccfe488289.mp4' for writing
[hls @ 0xaaaae89ca100] Opening '/config/cache/transcodes/95d5e8cc3ce8d1e5d8bdbb8b7ccfe488290.mp4' for writing
[hls @ 0xaaaae89ca100] Opening '/config/cache/transcodes/95d5e8cc3ce8d1e5d8bdbb8b7ccfe488291.mp4' for writing
[hls @ 0xaaaae89ca100] Opening '/config/cache/transcodes/95d5e8cc3ce8d1e5d8bdbb8b7ccfe488292.mp4' for writing
[hls @ 0xaaaae89ca100] Opening '/config/cache/transcodes/95d5e8cc3ce8d1e5d8bdbb8b7ccfe488293.mp4' for writing
[hls @ 0xaaaae89ca100] Opening '/config/cache/transcodes/95d5e8cc3ce8d1e5d8bdbb8b7ccfe488294.mp4' for writing
[hls @ 0xaaaae89ca100] Opening '/config/cache/transcodes/95d5e8cc3ce8d1e5d8bdbb8b7ccfe488295.mp4' for writing
[hls @ 0xaaaae89ca100] Opening '/config/cache/transcodes/95d5e8cc3ce8d1e5d8bdbb8b7ccfe488296.mp4' for writing
[hls @ 0xaaaae89ca100] Opening '/config/cache/transcodes/95d5e8cc3ce8d1e5d8bdbb8b7ccfe488297.mp4' for writing
[hls @ 0xaaaae89ca100] Opening '/config/cache/transcodes/95d5e8cc3ce8d1e5d8bdbb8b7ccfe488298.mp4' for writing
[hls @ 0xaaaae89ca100] Opening '/config/cache/transcodes/95d5e8cc3ce8d1e5d8bdbb8b7ccfe488299.mp4' for writing
[hls @ 0xaaaae89ca100] Opening '/config/cache/transcodes/95d5e8cc3ce8d1e5d8bdbb8b7ccfe488300.mp4' for writing
[hls @ 0xaaaae89ca100] Opening '/config/cache/transcodes/95d5e8cc3ce8d1e5d8bdbb8b7ccfe488301.mp4' for writing
[hls @ 0xaaaae89ca100] Opening '/config/cache/transcodes/95d5e8cc3ce8d1e5d8bdbb8b7ccfe488302.mp4' for writing
[hls @ 0xaaaae89ca100] Opening '/config/cache/transcodes/95d5e8cc3ce8d1e5d8bdbb8b7ccfe488303.mp4' for writing
[hls @ 0xaaaae89ca100] Opening '/config/cache/transcodes/95d5e8cc3ce8d1e5d8bdbb8b7ccfe488304.mp4' for writing
[hls @ 0xaaaae89ca100] Opening '/config/cache/transcodes/95d5e8cc3ce8d1e5d8bdbb8b7ccfe488305.mp4' for writing
[hls @ 0xaaaae89ca100] Opening '/config/cache/transcodes/95d5e8cc3ce8d1e5d8bdbb8b7ccfe488306.mp4' for writing
[hls @ 0xaaaae89ca100] Opening '/config/cache/transcodes/95d5e8cc3ce8d1e5d8bdbb8b7ccfe488307.mp4' for writing
[hls @ 0xaaaae89ca100] Opening '/config/cache/transcodes/95d5e8cc3ce8d1e5d8bdbb8b7ccfe488308.mp4' for writing
[hls @ 0xaaaae89ca100] Opening '/config/cache/transcodes/95d5e8cc3ce8d1e5d8bdbb8b7ccfe488309.mp4' for writing
[hls @ 0xaaaae89ca100] Opening '/config/cache/transcodes/95d5e8cc3ce8d1e5d8bdbb8b7ccfe488310.mp4' for writing
[hls @ 0xaaaae89ca100] Opening '/config/cache/transcodes/95d5e8cc3ce8d1e5d8bdbb8b7ccfe488311.mp4' for writing
[hls @ 0xaaaae89ca100] Opening '/config/cache/transcodes/95d5e8cc3ce8d1e5d8bdbb8b7ccfe488312.mp4' for writing
frame=45246 fps=22613 q=-1.0 size=N/A time=00:24:05.19 bitrate=N/A speed= 722x    
[hls @ 0xaaaae89ca100] Opening '/config/cache/transcodes/95d5e8cc3ce8d1e5d8bdbb8b7ccfe488313.mp4' for writing
[hls @ 0xaaaae89ca100] Opening '/config/cache/transcodes/95d5e8cc3ce8d1e5d8bdbb8b7ccfe488314.mp4' for writing
[hls @ 0xaaaae89ca100] Opening '/config/cache/transcodes/95d5e8cc3ce8d1e5d8bdbb8b7ccfe488315.mp4' for writing
[hls @ 0xaaaae89ca100] Opening '/config/cache/transcodes/95d5e8cc3ce8d1e5d8bdbb8b7ccfe488316.mp4' for writing
[hls @ 0xaaaae89ca100] Opening '/config/cache/transcodes/95d5e8cc3ce8d1e5d8bdbb8b7ccfe488317.mp4' for writing
[hls @ 0xaaaae89ca100] Opening '/config/cache/transcodes/95d5e8cc3ce8d1e5d8bdbb8b7ccfe488318.mp4' for writing
[hls @ 0xaaaae89ca100] Opening '/config/cache/transcodes/95d5e8cc3ce8d1e5d8bdbb8b7ccfe488319.mp4' for writing
[hls @ 0xaaaae89ca100] Opening '/config/cache/transcodes/95d5e8cc3ce8d1e5d8bdbb8b7ccfe488320.mp4' for writing
[hls @ 0xaaaae89ca100] Opening '/config/cache/transcodes/95d5e8cc3ce8d1e5d8bdbb8b7ccfe488321.mp4' for writing
[hls @ 0xaaaae89ca100] Opening '/config/cache/transcodes/95d5e8cc3ce8d1e5d8bdbb8b7ccfe488322.mp4' for writing
[hls @ 0xaaaae89ca100] Opening '/config/cache/transcodes/95d5e8cc3ce8d1e5d8bdbb8b7ccfe488323.mp4' for writing
[hls @ 0xaaaae89ca100] Opening '/config/cache/transcodes/95d5e8cc3ce8d1e5d8bdbb8b7ccfe488324.mp4' for writing
[hls @ 0xaaaae89ca100] Opening '/config/cache/transcodes/95d5e8cc3ce8d1e5d8bdbb8b7ccfe488325.mp4' for writing
[hls @ 0xaaaae89ca100] Opening '/config/cache/transcodes/95d5e8cc3ce8d1e5d8bdbb8b7ccfe488326.mp4' for writing
[hls @ 0xaaaae89ca100] Opening '/config/cache/transcodes/95d5e8cc3ce8d1e5d8bdbb8b7ccfe488327.mp4' for writing
[hls @ 0xaaaae89ca100] Opening '/config/cache/transcodes/95d5e8cc3ce8d1e5d8bdbb8b7ccfe488328.mp4' for writing
[hls @ 0xaaaae89ca100] Opening '/config/cache/transcodes/95d5e8cc3ce8d1e5d8bdbb8b7ccfe488329.mp4' for writing
[hls @ 0xaaaae89ca100] Opening '/config/cache/transcodes/95d5e8cc3ce8d1e5d8bdbb8b7ccfe488330.mp4' for writing
[hls @ 0xaaaae89ca100] Opening '/config/cache/transcodes/95d5e8cc3ce8d1e5d8bdbb8b7ccfe488331.mp4' for writing
[hls @ 0xaaaae89ca100] Opening '/config/cache/transcodes/95d5e8cc3ce8d1e5d8bdbb8b7ccfe488332.mp4' for writing
[hls @ 0xaaaae89ca100] Opening '/config/cache/transcodes/95d5e8cc3ce8d1e5d8bdbb8b7ccfe488333.mp4' for writing
[hls @ 0xaaaae89ca100] Opening '/config/cache/transcodes/95d5e8cc3ce8d1e5d8bdbb8b7ccfe488334.mp4' for writing
[hls @ 0xaaaae89ca100] Opening '/config/cache/transcodes/95d5e8cc3ce8d1e5d8bdbb8b7ccfe488335.mp4' for writing
[hls @ 0xaaaae89ca100] Opening '/config/cache/transcodes/95d5e8cc3ce8d1e5d8bdbb8b7ccfe488336.mp4' for writing
[hls @ 0xaaaae89ca100] Opening '/config/cache/transcodes/95d5e8cc3ce8d1e5d8bdbb8b7ccfe488337.mp4' for writing
[hls @ 0xaaaae89ca100] Opening '/config/cache/transcodes/95d5e8cc3ce8d1e5d8bdbb8b7ccfe488338.mp4' for writing
[hls @ 0xaaaae89ca100] Opening '/config/cache/transcodes/95d5e8cc3ce8d1e5d8bdbb8b7ccfe488339.mp4' for writing
[hls @ 0xaaaae89ca100] Opening '/config/cache/transcodes/95d5e8cc3ce8d1e5d8bdbb8b7ccfe488340.mp4' for writing
[hls @ 0xaaaae89ca100] Opening '/config/cache/transcodes/95d5e8cc3ce8d1e5d8bdbb8b7ccfe488341.mp4' for writing
[hls @ 0xaaaae89ca100] Opening '/config/cache/transcodes/95d5e8cc3ce8d1e5d8bdbb8b7ccfe488342.mp4' for writing
[hls @ 0xaaaae89ca100] Opening '/config/cache/transcodes/95d5e8cc3ce8d1e5d8bdbb8b7ccfe488343.mp4' for writing
[hls @ 0xaaaae89ca100] Opening '/config/cache/transcodes/95d5e8cc3ce8d1e5d8bdbb8b7ccfe488344.mp4' for writing
[hls @ 0xaaaae89ca100] Opening '/config/cache/transcodes/95d5e8cc3ce8d1e5d8bdbb8b7ccfe488345.mp4' for writing
[hls @ 0xaaaae89ca100] Opening '/config/cache/transcodes/95d5e8cc3ce8d1e5d8bdbb8b7ccfe488346.mp4' for writing
[hls @ 0xaaaae89ca100] Opening '/config/cache/transcodes/95d5e8cc3ce8d1e5d8bdbb8b7ccfe488347.mp4' for writing
[hls @ 0xaaaae89ca100] Opening '/config/cache/transcodes/95d5e8cc3ce8d1e5d8bdbb8b7ccfe488348.mp4' for writing
[hls @ 0xaaaae89ca100] Opening '/config/cache/transcodes/95d5e8cc3ce8d1e5d8bdbb8b7ccfe488349.mp4' for writing
[hls @ 0xaaaae89ca100] Opening '/config/cache/transcodes/95d5e8cc3ce8d1e5d8bdbb8b7ccfe488350.mp4' for writing
[hls @ 0xaaaae89ca100] Opening '/config/cache/transcodes/95d5e8cc3ce8d1e5d8bdbb8b7ccfe488351.mp4' for writing
[hls @ 0xaaaae89ca100] Opening '/config/cache/transcodes/95d5e8cc3ce8d1e5d8bdbb8b7ccfe488352.mp4' for writing
[hls @ 0xaaaae89ca100] Opening '/config/cache/transcodes/95d5e8cc3ce8d1e5d8bdbb8b7ccfe488353.mp4' for writing
[hls @ 0xaaaae89ca100] Opening '/config/cache/transcodes/95d5e8cc3ce8d1e5d8bdbb8b7ccfe488354.mp4' for writing
[hls @ 0xaaaae89ca100] Opening '/config/cache/transcodes/95d5e8cc3ce8d1e5d8bdbb8b7ccfe488355.mp4' for writing
[hls @ 0xaaaae89ca100] Opening '/config/cache/transcodes/95d5e8cc3ce8d1e5d8bdbb8b7ccfe488356.mp4' for writing
[hls @ 0xaaaae89ca100] Opening '/config/cache/transcodes/95d5e8cc3ce8d1e5d8bdbb8b7ccfe488357.mp4' for writing
[hls @ 0xaaaae89ca100] Opening '/config/cache/transcodes/95d5e8cc3ce8d1e5d8bdbb8b7ccfe488358.mp4' for writing
[hls @ 0xaaaae89ca100] Opening '/config/cache/transcodes/95d5e8cc3ce8d1e5d8bdbb8b7ccfe488359.mp4' for writing
[hls @ 0xaaaae89ca100] Opening '/config/cache/transcodes/95d5e8cc3ce8d1e5d8bdbb8b7ccfe488360.mp4' for writing
[hls @ 0xaaaae89ca100] Opening '/config/cache/transcodes/95d5e8cc3ce8d1e5d8bdbb8b7ccfe488361.mp4' for writing
[hls @ 0xaaaae89ca100] Opening '/config/cache/transcodes/95d5e8cc3ce8d1e5d8bdbb8b7ccfe488362.mp4' for writing
[hls @ 0xaaaae89ca100] Opening '/config/cache/transcodes/95d5e8cc3ce8d1e5d8bdbb8b7ccfe488363.mp4' for writing
[hls @ 0xaaaae89ca100] Opening '/config/cache/transcodes/95d5e8cc3ce8d1e5d8bdbb8b7ccfe488364.mp4' for writing
[hls @ 0xaaaae89ca100] Opening '/config/cache/transcodes/95d5e8cc3ce8d1e5d8bdbb8b7ccfe488365.mp4' for writing
[hls @ 0xaaaae89ca100] Opening '/config/cache/transcodes/95d5e8cc3ce8d1e5d8bdbb8b7ccfe488366.mp4' for writing
[hls @ 0xaaaae89ca100] Opening '/config/cache/transcodes/95d5e8cc3ce8d1e5d8bdbb8b7ccfe488367.mp4' for writing
[hls @ 0xaaaae89ca100] Opening '/config/cache/transcodes/95d5e8cc3ce8d1e5d8bdbb8b7ccfe488368.mp4' for writing
[hls @ 0xaaaae89ca100] Opening '/config/cache/transcodes/95d5e8cc3ce8d1e5d8bdbb8b7ccfe488369.mp4' for writing
[hls @ 0xaaaae89ca100] Opening '/config/cache/transcodes/95d5e8cc3ce8d1e5d8bdbb8b7ccfe488370.mp4' for writing
[hls @ 0xaaaae89ca100] Opening '/config/cache/transcodes/95d5e8cc3ce8d1e5d8bdbb8b7ccfe488371.mp4' for writing
[hls @ 0xaaaae89ca100] Opening '/config/cache/transcodes/95d5e8cc3ce8d1e5d8bdbb8b7ccfe488372.mp4' for writing
[hls @ 0xaaaae89ca100] Opening '/config/cache/transcodes/95d5e8cc3ce8d1e5d8bdbb8b7ccfe488373.mp4' for writing
[hls @ 0xaaaae89ca100] Opening '/config/cache/transcodes/95d5e8cc3ce8d1e5d8bdbb8b7ccfe488374.mp4' for writing
[hls @ 0xaaaae89ca100] Opening '/config/cache/transcodes/95d5e8cc3ce8d1e5d8bdbb8b7ccfe488375.mp4' for writing
[hls @ 0xaaaae89ca100] Opening '/config/cache/transcodes/95d5e8cc3ce8d1e5d8bdbb8b7ccfe488376.mp4' for writing
[hls @ 0xaaaae89ca100] Opening '/config/cache/transcodes/95d5e8cc3ce8d1e5d8bdbb8b7ccfe488377.mp4' for writing
[hls @ 0xaaaae89ca100] Opening '/config/cache/transcodes/95d5e8cc3ce8d1e5d8bdbb8b7ccfe488378.mp4' for writing
[hls @ 0xaaaae89ca100] Opening '/config/cache/transcodes/95d5e8cc3ce8d1e5d8bdbb8b7ccfe488379.mp4' for writing
[hls @ 0xaaaae89ca100] Opening '/config/cache/transcodes/95d5e8cc3ce8d1e5d8bdbb8b7ccfe488380.mp4' for writing
[hls @ 0xaaaae89ca100] Opening '/config/cache/transcodes/95d5e8cc3ce8d1e5d8bdbb8b7ccfe488381.mp4' for writing
[hls @ 0xaaaae89ca100] Opening '/config/cache/transcodes/95d5e8cc3ce8d1e5d8bdbb8b7ccfe488382.mp4' for writing
[hls @ 0xaaaae89ca100] Opening '/config/cache/transcodes/95d5e8cc3ce8d1e5d8bdbb8b7ccfe488383.mp4' for writing
[hls @ 0xaaaae89ca100] Opening '/config/cache/transcodes/95d5e8cc3ce8d1e5d8bdbb8b7ccfe488384.mp4' for writing
[hls @ 0xaaaae89ca100] Opening '/config/cache/transcodes/95d5e8cc3ce8d1e5d8bdbb8b7ccfe488385.mp4' for writing
[hls @ 0xaaaae89ca100] Opening '/config/cache/transcodes/95d5e8cc3ce8d1e5d8bdbb8b7ccfe488386.mp4' for writing
[hls @ 0xaaaae89ca100] Opening '/config/cache/transcodes/95d5e8cc3ce8d1e5d8bdbb8b7ccfe488387.mp4' for writing
[hls @ 0xaaaae89ca100] Opening '/config/cache/transcodes/95d5e8cc3ce8d1e5d8bdbb8b7ccfe488388.mp4' for writing
[hls @ 0xaaaae89ca100] Opening '/config/cache/transcodes/95d5e8cc3ce8d1e5d8bdbb8b7ccfe488389.mp4' for writing
[hls @ 0xaaaae89ca100] Opening '/config/cache/transcodes/95d5e8cc3ce8d1e5d8bdbb8b7ccfe488390.mp4' for writing
[hls @ 0xaaaae89ca100] Opening '/config/cache/transcodes/95d5e8cc3ce8d1e5d8bdbb8b7ccfe488391.mp4' for writing
[hls @ 0xaaaae89ca100] Opening '/config/cache/transcodes/95d5e8cc3ce8d1e5d8bdbb8b7ccfe488392.mp4' for writing
[hls @ 0xaaaae89ca100] Opening '/config/cache/transcodes/95d5e8cc3ce8d1e5d8bdbb8b7ccfe488393.mp4' for writing
[hls @ 0xaaaae89ca100] Opening '/config/cache/transcodes/95d5e8cc3ce8d1e5d8bdbb8b7ccfe488394.mp4' for writing
[hls @ 0xaaaae89ca100] Opening '/config/cache/transcodes/95d5e8cc3ce8d1e5d8bdbb8b7ccfe488395.mp4' for writing
[hls @ 0xaaaae89ca100] Opening '/config/cache/transcodes/95d5e8cc3ce8d1e5d8bdbb8b7ccfe488396.mp4' for writing
[hls @ 0xaaaae89ca100] Opening '/config/cache/transcodes/95d5e8cc3ce8d1e5d8bdbb8b7ccfe488397.mp4' for writing
[hls @ 0xaaaae89ca100] Opening '/config/cache/transcodes/95d5e8cc3ce8d1e5d8bdbb8b7ccfe488398.mp4' for writing
[hls @ 0xaaaae89ca100] Opening '/config/cache/transcodes/95d5e8cc3ce8d1e5d8bdbb8b7ccfe488399.mp4' for writing
[hls @ 0xaaaae89ca100] Opening '/config/cache/transcodes/95d5e8cc3ce8d1e5d8bdbb8b7ccfe488400.mp4' for writing
[hls @ 0xaaaae89ca100] Opening '/config/cache/transcodes/95d5e8cc3ce8d1e5d8bdbb8b7ccfe488401.mp4' for writing
[hls @ 0xaaaae89ca100] Opening '/config/cache/transcodes/95d5e8cc3ce8d1e5d8bdbb8b7ccfe488402.mp4' for writing
[hls @ 0xaaaae89ca100] Opening '/config/cache/transcodes/95d5e8cc3ce8d1e5d8bdbb8b7ccfe488403.mp4' for writing
[hls @ 0xaaaae89ca100] Opening '/config/cache/transcodes/95d5e8cc3ce8d1e5d8bdbb8b7ccfe488404.mp4' for writing
[hls @ 0xaaaae89ca100] Opening '/config/cache/transcodes/95d5e8cc3ce8d1e5d8bdbb8b7ccfe488405.mp4' for writing
[hls @ 0xaaaae89ca100] Opening '/config/cache/transcodes/95d5e8cc3ce8d1e5d8bdbb8b7ccfe488406.mp4' for writing
[hls @ 0xaaaae89ca100] Opening '/config/cache/transcodes/95d5e8cc3ce8d1e5d8bdbb8b7ccfe488407.mp4' for writing
[hls @ 0xaaaae89ca100] Opening '/config/cache/transcodes/95d5e8cc3ce8d1e5d8bdbb8b7ccfe488408.mp4' for writing
[hls @ 0xaaaae89ca100] Opening '/config/cache/transcodes/95d5e8cc3ce8d1e5d8bdbb8b7ccfe488409.mp4' for writing
[hls @ 0xaaaae89ca100] Opening '/config/cache/transcodes/95d5e8cc3ce8d1e5d8bdbb8b7ccfe488410.mp4' for writing
[hls @ 0xaaaae89ca100] Opening '/config/cache/transcodes/95d5e8cc3ce8d1e5d8bdbb8b7ccfe488411.mp4' for writing
[hls @ 0xaaaae89ca100] Opening '/config/cache/transcodes/95d5e8cc3ce8d1e5d8bdbb8b7ccfe488412.mp4' for writing
[hls @ 0xaaaae89ca100] Opening '/config/cache/transcodes/95d5e8cc3ce8d1e5d8bdbb8b7ccfe488413.mp4' for writing
[hls @ 0xaaaae89ca100] Opening '/config/cache/transcodes/95d5e8cc3ce8d1e5d8bdbb8b7ccfe488414.mp4' for writing
[out#0/hls @ 0xaaaae8b82680] video:837311KiB audio:136281KiB subtitle:0KiB other streams:0KiB global headers:0KiB muxing overhead: unknown
frame=59748 fps=23880 q=-1.0 Lsize=N/A time=00:34:10.04 bitrate=N/A speed= 819x    