{"Protocol":0,"Id":"06bb9173cee7ef7013fba0800aa90fa3","Path":"/data/media/tv/Reacher (2022) [tvdbid-366924]/Reacher (2022) - S04E02 - Cage Fight [WEBDL-720p][EAC3 5.1][h264]-WvF.mkv","EncoderPath":null,"EncoderProtocol":null,"Type":0,"Container":"mkv","Size":1547017263,"Name":"Reacher (2022) - S04E02 - Cage Fight [WEBDL-720p][EAC3 5.1][h264]-WvF","IsRemote":false,"ETag":"22c3d064c725ce2675ac3b3f4673ab20","RunTimeTicks":29299520000,"ReadAtNativeFramerate":false,"IgnoreDts":false,"IgnoreIndex":false,"GenPtsInput":false,"SupportsTranscoding":true,"SupportsDirectStream":true,"SupportsDirectPlay":true,"IsInfiniteStream":false,"UseMostCompatibleTranscodingProfile":false,"RequiresOpening":false,"OpenToken":null,"RequiresClosing":false,"LiveStreamId":null,"BufferMs":null,"RequiresLooping":false,"SupportsProbing":true,"VideoType":0,"IsoType":null,"Video3DFormat":null,"MediaStreams":[{"Codec":"h264","CodecTag":null,"Language":null,"ColorRange":null,"ColorSpace":"bt709","ColorTransfer":"bt709","ColorPrimaries":"bt709","DvVersionMajor":null,"DvVersionMinor":null,"DvProfile":null,"DvLevel":null,"RpuPresentFlag":null,"ElPresentFlag":null,"BlPresentFlag":null,"DvBlSignalCompatibilityId":null,"Rotation":null,"Comment":null,"TimeBase":"1/1000","CodecTimeBase":null,"Title":null,"Hdr10PlusPresentFlag":null,"VideoRange":1,"VideoRangeType":1,"VideoDoViTitle":null,"AudioSpatialFormat":0,"LocalizedUndefined":null,"LocalizedDefault":null,"LocalizedForced":null,"LocalizedExternal":null,"LocalizedHearingImpaired":null,"DisplayTitle":"720p H264 SDR","NalLengthSize":"4","IsInterlaced":false,"IsAVC":true,"ChannelLayout":null,"BitRate":4224007,"BitDepth":8,"RefFrames":1,"PacketLength":null,"Channels":null,"SampleRate":null,"IsDefault":true,"IsForced":false,"IsHearingImpaired":false,"Height":640,"Width":1280,"AverageFrameRate":23.976025,"RealFrameRate":23.976025,"ReferenceFrameRate":23.976025,"Profile":"High","Type":1,"AspectRatio":"2:1","Index":0,"Score":null,"IsExternal":false,"DeliveryMethod":null,"DeliveryUrl":null,"IsExternalUrl":null,"IsTextSubtitleStream":false,"SupportsExternalStream":false,"Path":null,"PixelFormat":"yuv420p","Level":31,"IsAnamorphic":false},{"Codec":"eac3","CodecTag":null,"Language":"deu","ColorRange":null,"ColorSpace":null,"ColorTransfer":null,"ColorPrimaries":null,"DvVersionMajor":null,"DvVersionMinor":null,"DvProfile":null,"DvLevel":null,"RpuPresentFlag":null,"ElPresentFlag":null,"BlPresentFlag":null,"DvBlSignalCompatibilityId":null,"Rotation":null,"Comment":null,"TimeBase":"1/1000","CodecTimeBase":null,"Title":null,"Hdr10PlusPresentFlag":null,"VideoRange":0,"VideoRangeType":0,"VideoDoViTitle":null,"AudioSpatialFormat":0,"LocalizedUndefined":null,"LocalizedDefault":"Default","LocalizedForced":null,"LocalizedExternal":"External","LocalizedHearingImpaired":null,"DisplayTitle":"German - Dolby Digital\u002B - 5.1 - Default","NalLengthSize":null,"IsInterlaced":false,"IsAVC":false,"ChannelLayout":"5.1","BitRate":640000,"BitDepth":null,"RefFrames":null,"PacketLength":null,"Channels":6,"SampleRate":48000,"IsDefault":true,"IsForced":false,"IsHearingImpaired":false,"Height":null,"Width":null,"AverageFrameRate":null,"RealFrameRate":null,"ReferenceFrameRate":null,"Profile":null,"Type":0,"AspectRatio":null,"Index":1,"Score":null,"IsExternal":false,"DeliveryMethod":null,"DeliveryUrl":null,"IsExternalUrl":null,"IsTextSubtitleStream":false,"SupportsExternalStream":false,"Path":null,"PixelFormat":null,"Level":0,"IsAnamorphic":null},{"Codec":"eac3","CodecTag":null,"Language":"eng","ColorRange":null,"ColorSpace":null,"ColorTransfer":null,"ColorPrimaries":null,"DvVersionMajor":null,"DvVersionMinor":null,"DvProfile":null,"DvLevel":null,"RpuPresentFlag":null,"ElPresentFlag":null,"BlPresentFlag":null,"DvBlSignalCompatibilityId":null,"Rotation":null,"Comment":null,"TimeBase":"1/1000","CodecTimeBase":null,"Title":null,"Hdr10PlusPresentFlag":null,"VideoRange":0,"VideoRangeType":0,"VideoDoViTitle":null,"AudioSpatialFormat":1,"LocalizedUndefined":null,"LocalizedDefault":"Default","LocalizedForced":null,"LocalizedExternal":"External","LocalizedHearingImpaired":null,"DisplayTitle":"English - Dolby Digital Plus \u002B Dolby Atmos - 5.1","NalLengthSize":null,"IsInterlaced":false,"IsAVC":false,"ChannelLayout":"5.1","BitRate":576000,"BitDepth":null,"RefFrames":null,"PacketLength":null,"Channels":6,"SampleRate":48000,"IsDefault":false,"IsForced":false,"IsHearingImpaired":false,"Height":null,"Width":null,"AverageFrameRate":null,"RealFrameRate":null,"ReferenceFrameRate":null,"Profile":"Dolby Digital Plus \u002B Dolby Atmos","Type":0,"AspectRatio":null,"Index":2,"Score":null,"IsExternal":false,"DeliveryMethod":null,"DeliveryUrl":null,"IsExternalUrl":null,"IsTextSubtitleStream":false,"SupportsExternalStream":false,"Path":null,"PixelFormat":null,"Level":0,"IsAnamorphic":null},{"Codec":"subrip","CodecTag":null,"Language":"deu","ColorRange":null,"ColorSpace":null,"ColorTransfer":null,"ColorPrimaries":null,"DvVersionMajor":null,"DvVersionMinor":null,"DvProfile":null,"DvLevel":null,"RpuPresentFlag":null,"ElPresentFlag":null,"BlPresentFlag":null,"DvBlSignalCompatibilityId":null,"Rotation":null,"Comment":null,"TimeBase":"1/1000","CodecTimeBase":null,"Title":"Deutsch forced narrative","Hdr10PlusPresentFlag":null,"VideoRange":0,"VideoRangeType":0,"VideoDoViTitle":null,"AudioSpatialFormat":0,"LocalizedUndefined":"Undefined","LocalizedDefault":"Default","LocalizedForced":"Forced","LocalizedExternal":"External","LocalizedHearingImpaired":"Hearing Impaired","DisplayTitle":"Deutsch forced narrative - German - Default - SUBRIP","NalLengthSize":null,"IsInterlaced":false,"IsAVC":false,"ChannelLayout":null,"BitRate":null,"BitDepth":null,"RefFrames":null,"PacketLength":null,"Channels":null,"SampleRate":null,"IsDefault":true,"IsForced":true,"IsHearingImpaired":false,"Height":0,"Width":0,"AverageFrameRate":null,"RealFrameRate":null,"ReferenceFrameRate":null,"Profile":null,"Type":2,"AspectRatio":null,"Index":3,"Score":null,"IsExternal":false,"DeliveryMethod":null,"DeliveryUrl":null,"IsExternalUrl":null,"IsTextSubtitleStream":true,"SupportsExternalStream":true,"Path":null,"PixelFormat":null,"Level":0,"IsAnamorphic":null},{"Codec":"subrip","CodecTag":null,"Language":"deu","ColorRange":null,"ColorSpace":null,"ColorTransfer":null,"ColorPrimaries":null,"DvVersionMajor":null,"DvVersionMinor":null,"DvProfile":null,"DvLevel":null,"RpuPresentFlag":null,"ElPresentFlag":null,"BlPresentFlag":null,"DvBlSignalCompatibilityId":null,"Rotation":null,"Comment":null,"TimeBase":"1/1000","CodecTimeBase":null,"Title":"Deutsch","Hdr10PlusPresentFlag":null,"VideoRange":0,"VideoRangeType":0,"VideoDoViTitle":null,"AudioSpatialFormat":0,"LocalizedUndefined":"Undefined","LocalizedDefault":"Default","LocalizedForced":"Forced","LocalizedExternal":"External","LocalizedHearingImpaired":"Hearing Impaired","DisplayTitle":"Deutsch - German - SUBRIP","NalLengthSize":null,"IsInterlaced":false,"IsAVC":false,"ChannelLayout":null,"BitRate":null,"BitDepth":null,"RefFrames":null,"PacketLength":null,"Channels":null,"SampleRate":null,"IsDefault":false,"IsForced":false,"IsHearingImpaired":false,"Height":0,"Width":0,"AverageFrameRate":null,"RealFrameRate":null,"ReferenceFrameRate":null,"Profile":null,"Type":2,"AspectRatio":null,"Index":4,"Score":null,"IsExternal":false,"DeliveryMethod":null,"DeliveryUrl":null,"IsExternalUrl":null,"IsTextSubtitleStream":true,"SupportsExternalStream":true,"Path":null,"PixelFormat":null,"Level":0,"IsAnamorphic":null},{"Codec":"subrip","CodecTag":null,"Language":"eng","ColorRange":null,"ColorSpace":null,"ColorTransfer":null,"ColorPrimaries":null,"DvVersionMajor":null,"DvVersionMinor":null,"DvProfile":null,"DvLevel":null,"RpuPresentFlag":null,"ElPresentFlag":null,"BlPresentFlag":null,"DvBlSignalCompatibilityId":null,"Rotation":null,"Comment":null,"TimeBase":"1/1000","CodecTimeBase":null,"Title":"English [CC]","Hdr10PlusPresentFlag":null,"VideoRange":0,"VideoRangeType":0,"VideoDoViTitle":null,"AudioSpatialFormat":0,"LocalizedUndefined":"Undefined","LocalizedDefault":"Default","LocalizedForced":"Forced","LocalizedExternal":"External","LocalizedHearingImpaired":"Hearing Impaired","DisplayTitle":"English [CC] - SUBRIP","NalLengthSize":null,"IsInterlaced":false,"IsAVC":false,"ChannelLayout":null,"BitRate":null,"BitDepth":null,"RefFrames":null,"PacketLength":null,"Channels":null,"SampleRate":null,"IsDefault":false,"IsForced":false,"IsHearingImpaired":false,"Height":0,"Width":0,"AverageFrameRate":null,"RealFrameRate":null,"ReferenceFrameRate":null,"Profile":null,"Type":2,"AspectRatio":null,"Index":5,"Score":null,"IsExternal":false,"DeliveryMethod":null,"DeliveryUrl":null,"IsExternalUrl":null,"IsTextSubtitleStream":true,"SupportsExternalStream":true,"Path":null,"PixelFormat":null,"Level":0,"IsAnamorphic":null}],"MediaAttachments":[],"Formats":[],"Bitrate":5440007,"FallbackMaxStreamingBitrate":null,"Timestamp":null,"RequiredHttpHeaders":{},"TranscodingUrl":null,"TranscodingSubProtocol":0,"TranscodingContainer":null,"AnalyzeDurationMs":null,"DefaultAudioStreamIndex":null,"DefaultSubtitleStreamIndex":null,"HasSegments":false}

/usr/lib/jellyfin-ffmpeg/ffmpeg -analyzeduration 200M -probesize 1G -fflags +genpts  -i file:"/data/media/tv/Reacher (2022) [tvdbid-366924]/Reacher (2022) - S04E02 - Cage Fight [WEBDL-720p][EAC3 5.1][h264]-WvF.mkv" -map_metadata -1 -map_chapters -1 -threads 0 -map 0:0 -map 0:1 -map -0:s -codec:v:0 copy -bsf:v h264_mp4toannexb -start_at_zero -codec:a:0 copy -copyts -avoid_negative_ts disabled -max_muxing_queue_size 2048 -f hls -max_delay 5000000 -hls_time 6 -hls_segment_type fmp4 -hls_fmp4_init_filename "bbb24a5dda07e501c59c29db8ab613c0-1.mp4" -start_number 0 -hls_segment_filename "/config/cache/transcodes/bbb24a5dda07e501c59c29db8ab613c0%d.mp4" -hls_playlist_type vod -hls_list_size 0 -hls_segment_options movflags=+frag_discont -y "/config/cache/transcodes/bbb24a5dda07e501c59c29db8ab613c0.m3u8"


ffmpeg version 7.1.4-Jellyfin Copyright (c) 2000-2026 the FFmpeg developers
  built with gcc 15 (Ubuntu 15.2.0-16ubuntu1)
  configuration: --prefix=/usr/lib/jellyfin-ffmpeg --target-os=linux --extra-version=Jellyfin --disable-doc --disable-ffplay --disable-static --disable-libxcb --disable-sdl2 --disable-xlib --enable-lto=auto --enable-gpl --enable-version3 --enable-shared --enable-gmp --enable-gnutls --enable-chromaprint --enable-opencl --enable-libdrm --enable-libxml2 --enable-libass --enable-libfreetype --enable-libfribidi --enable-libfontconfig --enable-libharfbuzz --enable-libbluray --enable-libmp3lame --enable-libopus --enable-libtheora --enable-libvorbis --enable-libopenmpt --enable-libdav1d --enable-libsvtav1 --enable-libwebp --enable-libvpx --enable-libx264 --enable-libx265 --enable-libzvbi --enable-libzimg --enable-libfdk-aac --arch=arm64 --cross-prefix=/usr/bin/aarch64-linux-gnu- --enable-cross-compile --enable-rkmpp --enable-rkrga --enable-ffnvcodec --enable-cuda --enable-cuda-llvm --enable-cuvid --enable-nvdec --enable-nvenc
  libavutil      59. 39.100 / 59. 39.100
  libavcodec     61. 19.101 / 61. 19.101
  libavformat    61.  7.103 / 61.  7.103
  libavdevice    61.  3.100 / 61.  3.100
  libavfilter    10.  5.100 / 10.  5.100
  libswscale      8.  3.100 /  8.  3.100
  libswresample   5.  3.100 /  5.  3.100
  libpostproc    58.  3.100 / 58.  3.100
Input #0, matroska,webm, from 'file:/data/media/tv/Reacher (2022) [tvdbid-366924]/Reacher (2022) - S04E02 - Cage Fight [WEBDL-720p][EAC3 5.1][h264]-WvF.mkv':
  Metadata:
    encoder         : libebml v1.4.0 + libmatroska v1.6.2
    creation_time   : 2026-08-12T08:47:56.000000Z
  Duration: 00:48:49.95, start: 0.000000, bitrate: 4224 kb/s
  Stream #0:0: Video: h264 (High), yuv420p(tv, bt709, progressive), 1280x640 [SAR 1:1 DAR 2:1], 23.98 fps, 23.98 tbr, 1k tbn (default)
      Metadata:
        BPS-eng         : 3005592
        DURATION-eng    : 00:48:49.927000000
        NUMBER_OF_FRAMES-eng: 70248
        NUMBER_OF_BYTES-eng: 1100770865
        _STATISTICS_WRITING_APP-eng: mkvmerge v51.0.0 ('I Wish') 64-bit
        _STATISTICS_WRITING_DATE_UTC-eng: 2026-08-12 08:47:56
        _STATISTICS_TAGS-eng: BPS DURATION NUMBER_OF_FRAMES NUMBER_OF_BYTES
  Stream #0:1(ger): Audio: eac3, 48000 Hz, 5.1(side), fltp, 640 kb/s (default)
      Metadata:
        BPS-eng         : 640000
        DURATION-eng    : 00:48:49.952000000
        NUMBER_OF_FRAMES-eng: 91561
        NUMBER_OF_BYTES-eng: 234396160
        _STATISTICS_WRITING_APP-eng: mkvmerge v51.0.0 ('I Wish') 64-bit
        _STATISTICS_WRITING_DATE_UTC-eng: 2026-08-12 08:47:56
        _STATISTICS_TAGS-eng: BPS DURATION NUMBER_OF_FRAMES NUMBER_OF_BYTES
  Stream #0:2(eng): Audio: eac3 (Dolby Digital Plus + Dolby Atmos), 48000 Hz, 5.1(side), fltp, 576 kb/s
      Metadata:
        BPS-eng         : 576000
        DURATION-eng    : 00:48:49.952000000
        NUMBER_OF_FRAMES-eng: 91561
        NUMBER_OF_BYTES-eng: 210956544
        _STATISTICS_WRITING_APP-eng: mkvmerge v51.0.0 ('I Wish') 64-bit
        _STATISTICS_WRITING_DATE_UTC-eng: 2026-08-12 08:47:56
        _STATISTICS_TAGS-eng: BPS DURATION NUMBER_OF_FRAMES NUMBER_OF_BYTES
  Stream #0:3(ger): Subtitle: subrip (srt) (default) (forced)
      Metadata:
        title           : Deutsch forced narrative
        BPS-eng         : 3
        DURATION-eng    : 00:06:20.214000000
        NUMBER_OF_FRAMES-eng: 3
        NUMBER_OF_BYTES-eng: 153
        _STATISTICS_WRITING_APP-eng: mkvmerge v51.0.0 ('I Wish') 64-bit
        _STATISTICS_WRITING_DATE_UTC-eng: 2026-08-12 08:47:56
        _STATISTICS_TAGS-eng: BPS DURATION NUMBER_OF_FRAMES NUMBER_OF_BYTES
  Stream #0:4(ger): Subtitle: subrip (srt)
      Metadata:
        title           : Deutsch
        BPS-eng         : 74
        DURATION-eng    : 00:46:38.254000000
        NUMBER_OF_FRAMES-eng: 702
        NUMBER_OF_BYTES-eng: 26123
        _STATISTICS_WRITING_APP-eng: mkvmerge v51.0.0 ('I Wish') 64-bit
        _STATISTICS_WRITING_DATE_UTC-eng: 2026-08-12 08:47:56
        _STATISTICS_TAGS-eng: BPS DURATION NUMBER_OF_FRAMES NUMBER_OF_BYTES
  Stream #0:5(eng): Subtitle: subrip (srt)
      Metadata:
        title           : English [CC]
        BPS-eng         : 87
        DURATION-eng    : 00:46:38.254000000
        NUMBER_OF_FRAMES-eng: 906
        NUMBER_OF_BYTES-eng: 30530
        _STATISTICS_WRITING_APP-eng: mkvmerge v51.0.0 ('I Wish') 64-bit
        _STATISTICS_WRITING_DATE_UTC-eng: 2026-08-12 08:47:56
        _STATISTICS_TAGS-eng: BPS DURATION NUMBER_OF_FRAMES NUMBER_OF_BYTES
Stream mapping:
  Stream #0:0 -> #0:0 (copy)
  Stream #0:1 -> #0:1 (copy)
[hls @ 0xaaab0e37ba10] Opening '/config/cache/transcodes/bbb24a5dda07e501c59c29db8ab613c0-1.mp4' for writing
[mp4 @ 0xaaab0e5f5fa0] track 1: codec frame size is not set
Output #0, hls, to '/config/cache/transcodes/bbb24a5dda07e501c59c29db8ab613c0.m3u8':
  Metadata:
    encoder         : Lavf61.7.103
  Stream #0:0: Video: h264 (High), yuv420p(tv, bt709, progressive), 1280x640 [SAR 1:1 DAR 2:1], q=2-31, 23.98 fps, 23.98 tbr, 16k tbn (default)
  Stream #0:1: Audio: eac3, 48000 Hz, 5.1(side), fltp, 640 kb/s (default)
Press [q] to stop, [?] for help
[hls @ 0xaaab0e37ba10] Opening '/config/cache/transcodes/bbb24a5dda07e501c59c29db8ab613c00.mp4' for writing
[hls @ 0xaaab0e37ba10] Opening '/config/cache/transcodes/bbb24a5dda07e501c59c29db8ab613c01.mp4' for writing
[hls @ 0xaaab0e37ba10] Opening '/config/cache/transcodes/bbb24a5dda07e501c59c29db8ab613c02.mp4' for writing
[hls @ 0xaaab0e37ba10] Opening '/config/cache/transcodes/bbb24a5dda07e501c59c29db8ab613c03.mp4' for writing
[hls @ 0xaaab0e37ba10] Opening '/config/cache/transcodes/bbb24a5dda07e501c59c29db8ab613c04.mp4' for writing
[hls @ 0xaaab0e37ba10] Opening '/config/cache/transcodes/bbb24a5dda07e501c59c29db8ab613c05.mp4' for writing
[hls @ 0xaaab0e37ba10] Opening '/config/cache/transcodes/bbb24a5dda07e501c59c29db8ab613c06.mp4' for writing
[hls @ 0xaaab0e37ba10] Opening '/config/cache/transcodes/bbb24a5dda07e501c59c29db8ab613c07.mp4' for writing
[hls @ 0xaaab0e37ba10] Opening '/config/cache/transcodes/bbb24a5dda07e501c59c29db8ab613c08.mp4' for writing
[hls @ 0xaaab0e37ba10] Opening '/config/cache/transcodes/bbb24a5dda07e501c59c29db8ab613c09.mp4' for writing
[hls @ 0xaaab0e37ba10] Opening '/config/cache/transcodes/bbb24a5dda07e501c59c29db8ab613c010.mp4' for writing
[hls @ 0xaaab0e37ba10] Opening '/config/cache/transcodes/bbb24a5dda07e501c59c29db8ab613c011.mp4' for writing
[hls @ 0xaaab0e37ba10] Opening '/config/cache/transcodes/bbb24a5dda07e501c59c29db8ab613c012.mp4' for writing
[hls @ 0xaaab0e37ba10] Opening '/config/cache/transcodes/bbb24a5dda07e501c59c29db8ab613c013.mp4' for writing
[hls @ 0xaaab0e37ba10] Opening '/config/cache/transcodes/bbb24a5dda07e501c59c29db8ab613c014.mp4' for writing
[hls @ 0xaaab0e37ba10] Opening '/config/cache/transcodes/bbb24a5dda07e501c59c29db8ab613c015.mp4' for writing
[hls @ 0xaaab0e37ba10] Opening '/config/cache/transcodes/bbb24a5dda07e501c59c29db8ab613c016.mp4' for writing
[hls @ 0xaaab0e37ba10] Opening '/config/cache/transcodes/bbb24a5dda07e501c59c29db8ab613c017.mp4' for writing
[hls @ 0xaaab0e37ba10] Opening '/config/cache/transcodes/bbb24a5dda07e501c59c29db8ab613c018.mp4' for writing
[hls @ 0xaaab0e37ba10] Opening '/config/cache/transcodes/bbb24a5dda07e501c59c29db8ab613c019.mp4' for writing
[hls @ 0xaaab0e37ba10] Opening '/config/cache/transcodes/bbb24a5dda07e501c59c29db8ab613c020.mp4' for writing
[hls @ 0xaaab0e37ba10] Opening '/config/cache/transcodes/bbb24a5dda07e501c59c29db8ab613c021.mp4' for writing
[hls @ 0xaaab0e37ba10] Opening '/config/cache/transcodes/bbb24a5dda07e501c59c29db8ab613c022.mp4' for writing
[hls @ 0xaaab0e37ba10] Opening '/config/cache/transcodes/bbb24a5dda07e501c59c29db8ab613c023.mp4' for writing
[hls @ 0xaaab0e37ba10] Opening '/config/cache/transcodes/bbb24a5dda07e501c59c29db8ab613c024.mp4' for writing
[hls @ 0xaaab0e37ba10] Opening '/config/cache/transcodes/bbb24a5dda07e501c59c29db8ab613c025.mp4' for writing
[hls @ 0xaaab0e37ba10] Opening '/config/cache/transcodes/bbb24a5dda07e501c59c29db8ab613c026.mp4' for writing
[hls @ 0xaaab0e37ba10] Opening '/config/cache/transcodes/bbb24a5dda07e501c59c29db8ab613c027.mp4' for writing
[hls @ 0xaaab0e37ba10] Opening '/config/cache/transcodes/bbb24a5dda07e501c59c29db8ab613c028.mp4' for writing
[hls @ 0xaaab0e37ba10] Opening '/config/cache/transcodes/bbb24a5dda07e501c59c29db8ab613c029.mp4' for writing
[hls @ 0xaaab0e37ba10] Opening '/config/cache/transcodes/bbb24a5dda07e501c59c29db8ab613c030.mp4' for writing
[hls @ 0xaaab0e37ba10] Opening '/config/cache/transcodes/bbb24a5dda07e501c59c29db8ab613c031.mp4' for writing
[hls @ 0xaaab0e37ba10] Opening '/config/cache/transcodes/bbb24a5dda07e501c59c29db8ab613c032.mp4' for writing
[hls @ 0xaaab0e37ba10] Opening '/config/cache/transcodes/bbb24a5dda07e501c59c29db8ab613c033.mp4' for writing
[hls @ 0xaaab0e37ba10] Opening '/config/cache/transcodes/bbb24a5dda07e501c59c29db8ab613c034.mp4' for writing
[hls @ 0xaaab0e37ba10] Opening '/config/cache/transcodes/bbb24a5dda07e501c59c29db8ab613c035.mp4' for writing
[hls @ 0xaaab0e37ba10] Opening '/config/cache/transcodes/bbb24a5dda07e501c59c29db8ab613c036.mp4' for writing
[hls @ 0xaaab0e37ba10] Opening '/config/cache/transcodes/bbb24a5dda07e501c59c29db8ab613c037.mp4' for writing
[hls @ 0xaaab0e37ba10] Opening '/config/cache/transcodes/bbb24a5dda07e501c59c29db8ab613c038.mp4' for writing
[hls @ 0xaaab0e37ba10] Opening '/config/cache/transcodes/bbb24a5dda07e501c59c29db8ab613c039.mp4' for writing
[hls @ 0xaaab0e37ba10] Opening '/config/cache/transcodes/bbb24a5dda07e501c59c29db8ab613c040.mp4' for writing
[hls @ 0xaaab0e37ba10] Opening '/config/cache/transcodes/bbb24a5dda07e501c59c29db8ab613c041.mp4' for writing
[hls @ 0xaaab0e37ba10] Opening '/config/cache/transcodes/bbb24a5dda07e501c59c29db8ab613c042.mp4' for writing
[hls @ 0xaaab0e37ba10] Opening '/config/cache/transcodes/bbb24a5dda07e501c59c29db8ab613c043.mp4' for writing
[hls @ 0xaaab0e37ba10] Opening '/config/cache/transcodes/bbb24a5dda07e501c59c29db8ab613c044.mp4' for writing
[hls @ 0xaaab0e37ba10] Opening '/config/cache/transcodes/bbb24a5dda07e501c59c29db8ab613c045.mp4' for writing
[hls @ 0xaaab0e37ba10] Opening '/config/cache/transcodes/bbb24a5dda07e501c59c29db8ab613c046.mp4' for writing
[hls @ 0xaaab0e37ba10] Opening '/config/cache/transcodes/bbb24a5dda07e501c59c29db8ab613c047.mp4' for writing
[hls @ 0xaaab0e37ba10] Opening '/config/cache/transcodes/bbb24a5dda07e501c59c29db8ab613c048.mp4' for writing
[hls @ 0xaaab0e37ba10] Opening '/config/cache/transcodes/bbb24a5dda07e501c59c29db8ab613c049.mp4' for writing
[hls @ 0xaaab0e37ba10] Opening '/config/cache/transcodes/bbb24a5dda07e501c59c29db8ab613c050.mp4' for writing
[hls @ 0xaaab0e37ba10] Opening '/config/cache/transcodes/bbb24a5dda07e501c59c29db8ab613c051.mp4' for writing
[hls @ 0xaaab0e37ba10] Opening '/config/cache/transcodes/bbb24a5dda07e501c59c29db8ab613c052.mp4' for writing
[hls @ 0xaaab0e37ba10] Opening '/config/cache/transcodes/bbb24a5dda07e501c59c29db8ab613c053.mp4' for writing
[hls @ 0xaaab0e37ba10] Opening '/config/cache/transcodes/bbb24a5dda07e501c59c29db8ab613c054.mp4' for writing
[hls @ 0xaaab0e37ba10] Opening '/config/cache/transcodes/bbb24a5dda07e501c59c29db8ab613c055.mp4' for writing
[hls @ 0xaaab0e37ba10] Opening '/config/cache/transcodes/bbb24a5dda07e501c59c29db8ab613c056.mp4' for writing
[hls @ 0xaaab0e37ba10] Opening '/config/cache/transcodes/bbb24a5dda07e501c59c29db8ab613c057.mp4' for writing
[hls @ 0xaaab0e37ba10] Opening '/config/cache/transcodes/bbb24a5dda07e501c59c29db8ab613c058.mp4' for writing
[hls @ 0xaaab0e37ba10] Opening '/config/cache/transcodes/bbb24a5dda07e501c59c29db8ab613c059.mp4' for writing
[hls @ 0xaaab0e37ba10] Opening '/config/cache/transcodes/bbb24a5dda07e501c59c29db8ab613c060.mp4' for writing
[hls @ 0xaaab0e37ba10] Opening '/config/cache/transcodes/bbb24a5dda07e501c59c29db8ab613c061.mp4' for writing
[hls @ 0xaaab0e37ba10] Opening '/config/cache/transcodes/bbb24a5dda07e501c59c29db8ab613c062.mp4' for writing
[hls @ 0xaaab0e37ba10] Opening '/config/cache/transcodes/bbb24a5dda07e501c59c29db8ab613c063.mp4' for writing
[hls @ 0xaaab0e37ba10] Opening '/config/cache/transcodes/bbb24a5dda07e501c59c29db8ab613c064.mp4' for writing
[hls @ 0xaaab0e37ba10] Opening '/config/cache/transcodes/bbb24a5dda07e501c59c29db8ab613c065.mp4' for writing
[hls @ 0xaaab0e37ba10] Opening '/config/cache/transcodes/bbb24a5dda07e501c59c29db8ab613c066.mp4' for writing
[hls @ 0xaaab0e37ba10] Opening '/config/cache/transcodes/bbb24a5dda07e501c59c29db8ab613c067.mp4' for writing
[hls @ 0xaaab0e37ba10] Opening '/config/cache/transcodes/bbb24a5dda07e501c59c29db8ab613c068.mp4' for writing
[hls @ 0xaaab0e37ba10] Opening '/config/cache/transcodes/bbb24a5dda07e501c59c29db8ab613c069.mp4' for writing
[hls @ 0xaaab0e37ba10] Opening '/config/cache/transcodes/bbb24a5dda07e501c59c29db8ab613c070.mp4' for writing
[hls @ 0xaaab0e37ba10] Opening '/config/cache/transcodes/bbb24a5dda07e501c59c29db8ab613c071.mp4' for writing
[hls @ 0xaaab0e37ba10] Opening '/config/cache/transcodes/bbb24a5dda07e501c59c29db8ab613c072.mp4' for writing
[hls @ 0xaaab0e37ba10] Opening '/config/cache/transcodes/bbb24a5dda07e501c59c29db8ab613c073.mp4' for writing
[hls @ 0xaaab0e37ba10] Opening '/config/cache/transcodes/bbb24a5dda07e501c59c29db8ab613c074.mp4' for writing
[hls @ 0xaaab0e37ba10] Opening '/config/cache/transcodes/bbb24a5dda07e501c59c29db8ab613c075.mp4' for writing
[hls @ 0xaaab0e37ba10] Opening '/config/cache/transcodes/bbb24a5dda07e501c59c29db8ab613c076.mp4' for writing
[hls @ 0xaaab0e37ba10] Opening '/config/cache/transcodes/bbb24a5dda07e501c59c29db8ab613c077.mp4' for writing
[hls @ 0xaaab0e37ba10] Opening '/config/cache/transcodes/bbb24a5dda07e501c59c29db8ab613c078.mp4' for writing
[hls @ 0xaaab0e37ba10] Opening '/config/cache/transcodes/bbb24a5dda07e501c59c29db8ab613c079.mp4' for writing
[hls @ 0xaaab0e37ba10] Opening '/config/cache/transcodes/bbb24a5dda07e501c59c29db8ab613c080.mp4' for writing
[hls @ 0xaaab0e37ba10] Opening '/config/cache/transcodes/bbb24a5dda07e501c59c29db8ab613c081.mp4' for writing
[hls @ 0xaaab0e37ba10] Opening '/config/cache/transcodes/bbb24a5dda07e501c59c29db8ab613c082.mp4' for writing
[hls @ 0xaaab0e37ba10] Opening '/config/cache/transcodes/bbb24a5dda07e501c59c29db8ab613c083.mp4' for writing
[hls @ 0xaaab0e37ba10] Opening '/config/cache/transcodes/bbb24a5dda07e501c59c29db8ab613c084.mp4' for writing
[hls @ 0xaaab0e37ba10] Opening '/config/cache/transcodes/bbb24a5dda07e501c59c29db8ab613c085.mp4' for writing
[hls @ 0xaaab0e37ba10] Opening '/config/cache/transcodes/bbb24a5dda07e501c59c29db8ab613c086.mp4' for writing
[hls @ 0xaaab0e37ba10] Opening '/config/cache/transcodes/bbb24a5dda07e501c59c29db8ab613c087.mp4' for writing
[hls @ 0xaaab0e37ba10] Opening '/config/cache/transcodes/bbb24a5dda07e501c59c29db8ab613c088.mp4' for writing
[hls @ 0xaaab0e37ba10] Opening '/config/cache/transcodes/bbb24a5dda07e501c59c29db8ab613c089.mp4' for writing
[hls @ 0xaaab0e37ba10] Opening '/config/cache/transcodes/bbb24a5dda07e501c59c29db8ab613c090.mp4' for writing
[hls @ 0xaaab0e37ba10] Opening '/config/cache/transcodes/bbb24a5dda07e501c59c29db8ab613c091.mp4' for writing
[hls @ 0xaaab0e37ba10] Opening '/config/cache/transcodes/bbb24a5dda07e501c59c29db8ab613c092.mp4' for writing
[hls @ 0xaaab0e37ba10] Opening '/config/cache/transcodes/bbb24a5dda07e501c59c29db8ab613c093.mp4' for writing
[hls @ 0xaaab0e37ba10] Opening '/config/cache/transcodes/bbb24a5dda07e501c59c29db8ab613c094.mp4' for writing
[hls @ 0xaaab0e37ba10] Opening '/config/cache/transcodes/bbb24a5dda07e501c59c29db8ab613c095.mp4' for writing
[hls @ 0xaaab0e37ba10] Opening '/config/cache/transcodes/bbb24a5dda07e501c59c29db8ab613c096.mp4' for writing
[hls @ 0xaaab0e37ba10] Opening '/config/cache/transcodes/bbb24a5dda07e501c59c29db8ab613c097.mp4' for writing
frame=14113 fps=0.0 q=-1.0 size=N/A time=00:00:00.00 bitrate=N/A speed=   0x    
[hls @ 0xaaab0e37ba10] Opening '/config/cache/transcodes/bbb24a5dda07e501c59c29db8ab613c098.mp4' for writing
[hls @ 0xaaab0e37ba10] Opening '/config/cache/transcodes/bbb24a5dda07e501c59c29db8ab613c099.mp4' for writing
[hls @ 0xaaab0e37ba10] Opening '/config/cache/transcodes/bbb24a5dda07e501c59c29db8ab613c0100.mp4' for writing
[hls @ 0xaaab0e37ba10] Opening '/config/cache/transcodes/bbb24a5dda07e501c59c29db8ab613c0101.mp4' for writing
[hls @ 0xaaab0e37ba10] Opening '/config/cache/transcodes/bbb24a5dda07e501c59c29db8ab613c0102.mp4' for writing
[hls @ 0xaaab0e37ba10] Opening '/config/cache/transcodes/bbb24a5dda07e501c59c29db8ab613c0103.mp4' for writing
[hls @ 0xaaab0e37ba10] Opening '/config/cache/transcodes/bbb24a5dda07e501c59c29db8ab613c0104.mp4' for writing
[hls @ 0xaaab0e37ba10] Opening '/config/cache/transcodes/bbb24a5dda07e501c59c29db8ab613c0105.mp4' for writing
[hls @ 0xaaab0e37ba10] Opening '/config/cache/transcodes/bbb24a5dda07e501c59c29db8ab613c0106.mp4' for writing
[hls @ 0xaaab0e37ba10] Opening '/config/cache/transcodes/bbb24a5dda07e501c59c29db8ab613c0107.mp4' for writing
[hls @ 0xaaab0e37ba10] Opening '/config/cache/transcodes/bbb24a5dda07e501c59c29db8ab613c0108.mp4' for writing
[hls @ 0xaaab0e37ba10] Opening '/config/cache/transcodes/bbb24a5dda07e501c59c29db8ab613c0109.mp4' for writing
[hls @ 0xaaab0e37ba10] Opening '/config/cache/transcodes/bbb24a5dda07e501c59c29db8ab613c0110.mp4' for writing
[hls @ 0xaaab0e37ba10] Opening '/config/cache/transcodes/bbb24a5dda07e501c59c29db8ab613c0111.mp4' for writing
[hls @ 0xaaab0e37ba10] Opening '/config/cache/transcodes/bbb24a5dda07e501c59c29db8ab613c0112.mp4' for writing
[hls @ 0xaaab0e37ba10] Opening '/config/cache/transcodes/bbb24a5dda07e501c59c29db8ab613c0113.mp4' for writing
[hls @ 0xaaab0e37ba10] Opening '/config/cache/transcodes/bbb24a5dda07e501c59c29db8ab613c0114.mp4' for writing
[hls @ 0xaaab0e37ba10] Opening '/config/cache/transcodes/bbb24a5dda07e501c59c29db8ab613c0115.mp4' for writing
[hls @ 0xaaab0e37ba10] Opening '/config/cache/transcodes/bbb24a5dda07e501c59c29db8ab613c0116.mp4' for writing
[hls @ 0xaaab0e37ba10] Opening '/config/cache/transcodes/bbb24a5dda07e501c59c29db8ab613c0117.mp4' for writing
[hls @ 0xaaab0e37ba10] Opening '/config/cache/transcodes/bbb24a5dda07e501c59c29db8ab613c0118.mp4' for writing
[hls @ 0xaaab0e37ba10] Opening '/config/cache/transcodes/bbb24a5dda07e501c59c29db8ab613c0119.mp4' for writing
[hls @ 0xaaab0e37ba10] Opening '/config/cache/transcodes/bbb24a5dda07e501c59c29db8ab613c0120.mp4' for writing
[hls @ 0xaaab0e37ba10] Opening '/config/cache/transcodes/bbb24a5dda07e501c59c29db8ab613c0121.mp4' for writing
[hls @ 0xaaab0e37ba10] Opening '/config/cache/transcodes/bbb24a5dda07e501c59c29db8ab613c0122.mp4' for writing
[hls @ 0xaaab0e37ba10] Opening '/config/cache/transcodes/bbb24a5dda07e501c59c29db8ab613c0123.mp4' for writing
[hls @ 0xaaab0e37ba10] Opening '/config/cache/transcodes/bbb24a5dda07e501c59c29db8ab613c0124.mp4' for writing
[hls @ 0xaaab0e37ba10] Opening '/config/cache/transcodes/bbb24a5dda07e501c59c29db8ab613c0125.mp4' for writing
[hls @ 0xaaab0e37ba10] Opening '/config/cache/transcodes/bbb24a5dda07e501c59c29db8ab613c0126.mp4' for writing
[hls @ 0xaaab0e37ba10] Opening '/config/cache/transcodes/bbb24a5dda07e501c59c29db8ab613c0127.mp4' for writing
[hls @ 0xaaab0e37ba10] Opening '/config/cache/transcodes/bbb24a5dda07e501c59c29db8ab613c0128.mp4' for writing
[hls @ 0xaaab0e37ba10] Opening '/config/cache/transcodes/bbb24a5dda07e501c59c29db8ab613c0129.mp4' for writing
[hls @ 0xaaab0e37ba10] Opening '/config/cache/transcodes/bbb24a5dda07e501c59c29db8ab613c0130.mp4' for writing
[hls @ 0xaaab0e37ba10] Opening '/config/cache/transcodes/bbb24a5dda07e501c59c29db8ab613c0131.mp4' for writing
[hls @ 0xaaab0e37ba10] Opening '/config/cache/transcodes/bbb24a5dda07e501c59c29db8ab613c0132.mp4' for writing
[hls @ 0xaaab0e37ba10] Opening '/config/cache/transcodes/bbb24a5dda07e501c59c29db8ab613c0133.mp4' for writing
[hls @ 0xaaab0e37ba10] Opening '/config/cache/transcodes/bbb24a5dda07e501c59c29db8ab613c0134.mp4' for writing
[hls @ 0xaaab0e37ba10] Opening '/config/cache/transcodes/bbb24a5dda07e501c59c29db8ab613c0135.mp4' for writing
[hls @ 0xaaab0e37ba10] Opening '/config/cache/transcodes/bbb24a5dda07e501c59c29db8ab613c0136.mp4' for writing
[hls @ 0xaaab0e37ba10] Opening '/config/cache/transcodes/bbb24a5dda07e501c59c29db8ab613c0137.mp4' for writing
[hls @ 0xaaab0e37ba10] Opening '/config/cache/transcodes/bbb24a5dda07e501c59c29db8ab613c0138.mp4' for writing
[hls @ 0xaaab0e37ba10] Opening '/config/cache/transcodes/bbb24a5dda07e501c59c29db8ab613c0139.mp4' for writing
[hls @ 0xaaab0e37ba10] Opening '/config/cache/transcodes/bbb24a5dda07e501c59c29db8ab613c0140.mp4' for writing
[hls @ 0xaaab0e37ba10] Opening '/config/cache/transcodes/bbb24a5dda07e501c59c29db8ab613c0141.mp4' for writing
[hls @ 0xaaab0e37ba10] Opening '/config/cache/transcodes/bbb24a5dda07e501c59c29db8ab613c0142.mp4' for writing
[hls @ 0xaaab0e37ba10] Opening '/config/cache/transcodes/bbb24a5dda07e501c59c29db8ab613c0143.mp4' for writing
[hls @ 0xaaab0e37ba10] Opening '/config/cache/transcodes/bbb24a5dda07e501c59c29db8ab613c0144.mp4' for writing
[hls @ 0xaaab0e37ba10] Opening '/config/cache/transcodes/bbb24a5dda07e501c59c29db8ab613c0145.mp4' for writing
[hls @ 0xaaab0e37ba10] Opening '/config/cache/transcodes/bbb24a5dda07e501c59c29db8ab613c0146.mp4' for writing
[hls @ 0xaaab0e37ba10] Opening '/config/cache/transcodes/bbb24a5dda07e501c59c29db8ab613c0147.mp4' for writing
[hls @ 0xaaab0e37ba10] Opening '/config/cache/transcodes/bbb24a5dda07e501c59c29db8ab613c0148.mp4' for writing
[hls @ 0xaaab0e37ba10] Opening '/config/cache/transcodes/bbb24a5dda07e501c59c29db8ab613c0149.mp4' for writing
[hls @ 0xaaab0e37ba10] Opening '/config/cache/transcodes/bbb24a5dda07e501c59c29db8ab613c0150.mp4' for writing
[hls @ 0xaaab0e37ba10] Opening '/config/cache/transcodes/bbb24a5dda07e501c59c29db8ab613c0151.mp4' for writing
[hls @ 0xaaab0e37ba10] Opening '/config/cache/transcodes/bbb24a5dda07e501c59c29db8ab613c0152.mp4' for writing
[hls @ 0xaaab0e37ba10] Opening '/config/cache/transcodes/bbb24a5dda07e501c59c29db8ab613c0153.mp4' for writing
[hls @ 0xaaab0e37ba10] Opening '/config/cache/transcodes/bbb24a5dda07e501c59c29db8ab613c0154.mp4' for writing
[hls @ 0xaaab0e37ba10] Opening '/config/cache/transcodes/bbb24a5dda07e501c59c29db8ab613c0155.mp4' for writing
[hls @ 0xaaab0e37ba10] Opening '/config/cache/transcodes/bbb24a5dda07e501c59c29db8ab613c0156.mp4' for writing
[hls @ 0xaaab0e37ba10] Opening '/config/cache/transcodes/bbb24a5dda07e501c59c29db8ab613c0157.mp4' for writing
[hls @ 0xaaab0e37ba10] Opening '/config/cache/transcodes/bbb24a5dda07e501c59c29db8ab613c0158.mp4' for writing
[hls @ 0xaaab0e37ba10] Opening '/config/cache/transcodes/bbb24a5dda07e501c59c29db8ab613c0159.mp4' for writing
[hls @ 0xaaab0e37ba10] Opening '/config/cache/transcodes/bbb24a5dda07e501c59c29db8ab613c0160.mp4' for writing
[hls @ 0xaaab0e37ba10] Opening '/config/cache/transcodes/bbb24a5dda07e501c59c29db8ab613c0161.mp4' for writing
[hls @ 0xaaab0e37ba10] Opening '/config/cache/transcodes/bbb24a5dda07e501c59c29db8ab613c0162.mp4' for writing
[hls @ 0xaaab0e37ba10] Opening '/config/cache/transcodes/bbb24a5dda07e501c59c29db8ab613c0163.mp4' for writing
[hls @ 0xaaab0e37ba10] Opening '/config/cache/transcodes/bbb24a5dda07e501c59c29db8ab613c0164.mp4' for writing
[hls @ 0xaaab0e37ba10] Opening '/config/cache/transcodes/bbb24a5dda07e501c59c29db8ab613c0165.mp4' for writing
[hls @ 0xaaab0e37ba10] Opening '/config/cache/transcodes/bbb24a5dda07e501c59c29db8ab613c0166.mp4' for writing
[hls @ 0xaaab0e37ba10] Opening '/config/cache/transcodes/bbb24a5dda07e501c59c29db8ab613c0167.mp4' for writing
[hls @ 0xaaab0e37ba10] Opening '/config/cache/transcodes/bbb24a5dda07e501c59c29db8ab613c0168.mp4' for writing
[hls @ 0xaaab0e37ba10] Opening '/config/cache/transcodes/bbb24a5dda07e501c59c29db8ab613c0169.mp4' for writing
[hls @ 0xaaab0e37ba10] Opening '/config/cache/transcodes/bbb24a5dda07e501c59c29db8ab613c0170.mp4' for writing
[hls @ 0xaaab0e37ba10] Opening '/config/cache/transcodes/bbb24a5dda07e501c59c29db8ab613c0171.mp4' for writing
[hls @ 0xaaab0e37ba10] Opening '/config/cache/transcodes/bbb24a5dda07e501c59c29db8ab613c0172.mp4' for writing
[hls @ 0xaaab0e37ba10] Opening '/config/cache/transcodes/bbb24a5dda07e501c59c29db8ab613c0173.mp4' for writing
[hls @ 0xaaab0e37ba10] Opening '/config/cache/transcodes/bbb24a5dda07e501c59c29db8ab613c0174.mp4' for writing
[hls @ 0xaaab0e37ba10] Opening '/config/cache/transcodes/bbb24a5dda07e501c59c29db8ab613c0175.mp4' for writing
[hls @ 0xaaab0e37ba10] Opening '/config/cache/transcodes/bbb24a5dda07e501c59c29db8ab613c0176.mp4' for writing
[hls @ 0xaaab0e37ba10] Opening '/config/cache/transcodes/bbb24a5dda07e501c59c29db8ab613c0177.mp4' for writing
[hls @ 0xaaab0e37ba10] Opening '/config/cache/transcodes/bbb24a5dda07e501c59c29db8ab613c0178.mp4' for writing
[hls @ 0xaaab0e37ba10] Opening '/config/cache/transcodes/bbb24a5dda07e501c59c29db8ab613c0179.mp4' for writing
[hls @ 0xaaab0e37ba10] Opening '/config/cache/transcodes/bbb24a5dda07e501c59c29db8ab613c0180.mp4' for writing
frame=26209 fps=26195 q=-1.0 size=N/A time=00:08:24.50 bitrate=N/A speed= 504x    
[hls @ 0xaaab0e37ba10] Opening '/config/cache/transcodes/bbb24a5dda07e501c59c29db8ab613c0181.mp4' for writing
[hls @ 0xaaab0e37ba10] Opening '/config/cache/transcodes/bbb24a5dda07e501c59c29db8ab613c0182.mp4' for writing
[hls @ 0xaaab0e37ba10] Opening '/config/cache/transcodes/bbb24a5dda07e501c59c29db8ab613c0183.mp4' for writing
[hls @ 0xaaab0e37ba10] Opening '/config/cache/transcodes/bbb24a5dda07e501c59c29db8ab613c0184.mp4' for writing
[hls @ 0xaaab0e37ba10] Opening '/config/cache/transcodes/bbb24a5dda07e501c59c29db8ab613c0185.mp4' for writing
[hls @ 0xaaab0e37ba10] Opening '/config/cache/transcodes/bbb24a5dda07e501c59c29db8ab613c0186.mp4' for writing
[hls @ 0xaaab0e37ba10] Opening '/config/cache/transcodes/bbb24a5dda07e501c59c29db8ab613c0187.mp4' for writing
[hls @ 0xaaab0e37ba10] Opening '/config/cache/transcodes/bbb24a5dda07e501c59c29db8ab613c0188.mp4' for writing
[hls @ 0xaaab0e37ba10] Opening '/config/cache/transcodes/bbb24a5dda07e501c59c29db8ab613c0189.mp4' for writing
[hls @ 0xaaab0e37ba10] Opening '/config/cache/transcodes/bbb24a5dda07e501c59c29db8ab613c0190.mp4' for writing
[hls @ 0xaaab0e37ba10] Opening '/config/cache/transcodes/bbb24a5dda07e501c59c29db8ab613c0191.mp4' for writing
[hls @ 0xaaab0e37ba10] Opening '/config/cache/transcodes/bbb24a5dda07e501c59c29db8ab613c0192.mp4' for writing
[hls @ 0xaaab0e37ba10] Opening '/config/cache/transcodes/bbb24a5dda07e501c59c29db8ab613c0193.mp4' for writing
[hls @ 0xaaab0e37ba10] Opening '/config/cache/transcodes/bbb24a5dda07e501c59c29db8ab613c0194.mp4' for writing
[hls @ 0xaaab0e37ba10] Opening '/config/cache/transcodes/bbb24a5dda07e501c59c29db8ab613c0195.mp4' for writing
[hls @ 0xaaab0e37ba10] Opening '/config/cache/transcodes/bbb24a5dda07e501c59c29db8ab613c0196.mp4' for writing
[hls @ 0xaaab0e37ba10] Opening '/config/cache/transcodes/bbb24a5dda07e501c59c29db8ab613c0197.mp4' for writing
[hls @ 0xaaab0e37ba10] Opening '/config/cache/transcodes/bbb24a5dda07e501c59c29db8ab613c0198.mp4' for writing
[hls @ 0xaaab0e37ba10] Opening '/config/cache/transcodes/bbb24a5dda07e501c59c29db8ab613c0199.mp4' for writing
[hls @ 0xaaab0e37ba10] Opening '/config/cache/transcodes/bbb24a5dda07e501c59c29db8ab613c0200.mp4' for writing
[hls @ 0xaaab0e37ba10] Opening '/config/cache/transcodes/bbb24a5dda07e501c59c29db8ab613c0201.mp4' for writing
[hls @ 0xaaab0e37ba10] Opening '/config/cache/transcodes/bbb24a5dda07e501c59c29db8ab613c0202.mp4' for writing
[hls @ 0xaaab0e37ba10] Opening '/config/cache/transcodes/bbb24a5dda07e501c59c29db8ab613c0203.mp4' for writing
[hls @ 0xaaab0e37ba10] Opening '/config/cache/transcodes/bbb24a5dda07e501c59c29db8ab613c0204.mp4' for writing
[hls @ 0xaaab0e37ba10] Opening '/config/cache/transcodes/bbb24a5dda07e501c59c29db8ab613c0205.mp4' for writing
[hls @ 0xaaab0e37ba10] Opening '/config/cache/transcodes/bbb24a5dda07e501c59c29db8ab613c0206.mp4' for writing
[hls @ 0xaaab0e37ba10] Opening '/config/cache/transcodes/bbb24a5dda07e501c59c29db8ab613c0207.mp4' for writing
[hls @ 0xaaab0e37ba10] Opening '/config/cache/transcodes/bbb24a5dda07e501c59c29db8ab613c0208.mp4' for writing
[hls @ 0xaaab0e37ba10] Opening '/config/cache/transcodes/bbb24a5dda07e501c59c29db8ab613c0209.mp4' for writing
[hls @ 0xaaab0e37ba10] Opening '/config/cache/transcodes/bbb24a5dda07e501c59c29db8ab613c0210.mp4' for writing
[hls @ 0xaaab0e37ba10] Opening '/config/cache/transcodes/bbb24a5dda07e501c59c29db8ab613c0211.mp4' for writing
[hls @ 0xaaab0e37ba10] Opening '/config/cache/transcodes/bbb24a5dda07e501c59c29db8ab613c0212.mp4' for writing
[hls @ 0xaaab0e37ba10] Opening '/config/cache/transcodes/bbb24a5dda07e501c59c29db8ab613c0213.mp4' for writing
[hls @ 0xaaab0e37ba10] Opening '/config/cache/transcodes/bbb24a5dda07e501c59c29db8ab613c0214.mp4' for writing
[hls @ 0xaaab0e37ba10] Opening '/config/cache/transcodes/bbb24a5dda07e501c59c29db8ab613c0215.mp4' for writing
[hls @ 0xaaab0e37ba10] Opening '/config/cache/transcodes/bbb24a5dda07e501c59c29db8ab613c0216.mp4' for writing
[hls @ 0xaaab0e37ba10] Opening '/config/cache/transcodes/bbb24a5dda07e501c59c29db8ab613c0217.mp4' for writing
[hls @ 0xaaab0e37ba10] Opening '/config/cache/transcodes/bbb24a5dda07e501c59c29db8ab613c0218.mp4' for writing
[hls @ 0xaaab0e37ba10] Opening '/config/cache/transcodes/bbb24a5dda07e501c59c29db8ab613c0219.mp4' for writing
[hls @ 0xaaab0e37ba10] Opening '/config/cache/transcodes/bbb24a5dda07e501c59c29db8ab613c0220.mp4' for writing
[hls @ 0xaaab0e37ba10] Opening '/config/cache/transcodes/bbb24a5dda07e501c59c29db8ab613c0221.mp4' for writing
[hls @ 0xaaab0e37ba10] Opening '/config/cache/transcodes/bbb24a5dda07e501c59c29db8ab613c0222.mp4' for writing
[hls @ 0xaaab0e37ba10] Opening '/config/cache/transcodes/bbb24a5dda07e501c59c29db8ab613c0223.mp4' for writing
[hls @ 0xaaab0e37ba10] Opening '/config/cache/transcodes/bbb24a5dda07e501c59c29db8ab613c0224.mp4' for writing
[hls @ 0xaaab0e37ba10] Opening '/config/cache/transcodes/bbb24a5dda07e501c59c29db8ab613c0225.mp4' for writing
[hls @ 0xaaab0e37ba10] Opening '/config/cache/transcodes/bbb24a5dda07e501c59c29db8ab613c0226.mp4' for writing
[hls @ 0xaaab0e37ba10] Opening '/config/cache/transcodes/bbb24a5dda07e501c59c29db8ab613c0227.mp4' for writing
[hls @ 0xaaab0e37ba10] Opening '/config/cache/transcodes/bbb24a5dda07e501c59c29db8ab613c0228.mp4' for writing
[hls @ 0xaaab0e37ba10] Opening '/config/cache/transcodes/bbb24a5dda07e501c59c29db8ab613c0229.mp4' for writing
[hls @ 0xaaab0e37ba10] Opening '/config/cache/transcodes/bbb24a5dda07e501c59c29db8ab613c0230.mp4' for writing
[hls @ 0xaaab0e37ba10] Opening '/config/cache/transcodes/bbb24a5dda07e501c59c29db8ab613c0231.mp4' for writing
[hls @ 0xaaab0e37ba10] Opening '/config/cache/transcodes/bbb24a5dda07e501c59c29db8ab613c0232.mp4' for writing
[hls @ 0xaaab0e37ba10] Opening '/config/cache/transcodes/bbb24a5dda07e501c59c29db8ab613c0233.mp4' for writing
[hls @ 0xaaab0e37ba10] Opening '/config/cache/transcodes/bbb24a5dda07e501c59c29db8ab613c0234.mp4' for writing
[hls @ 0xaaab0e37ba10] Opening '/config/cache/transcodes/bbb24a5dda07e501c59c29db8ab613c0235.mp4' for writing
[hls @ 0xaaab0e37ba10] Opening '/config/cache/transcodes/bbb24a5dda07e501c59c29db8ab613c0236.mp4' for writing
[hls @ 0xaaab0e37ba10] Opening '/config/cache/transcodes/bbb24a5dda07e501c59c29db8ab613c0237.mp4' for writing
[hls @ 0xaaab0e37ba10] Opening '/config/cache/transcodes/bbb24a5dda07e501c59c29db8ab613c0238.mp4' for writing
[hls @ 0xaaab0e37ba10] Opening '/config/cache/transcodes/bbb24a5dda07e501c59c29db8ab613c0239.mp4' for writing
[hls @ 0xaaab0e37ba10] Opening '/config/cache/transcodes/bbb24a5dda07e501c59c29db8ab613c0240.mp4' for writing
[hls @ 0xaaab0e37ba10] Opening '/config/cache/transcodes/bbb24a5dda07e501c59c29db8ab613c0241.mp4' for writing
[hls @ 0xaaab0e37ba10] Opening '/config/cache/transcodes/bbb24a5dda07e501c59c29db8ab613c0242.mp4' for writing
[hls @ 0xaaab0e37ba10] Opening '/config/cache/transcodes/bbb24a5dda07e501c59c29db8ab613c0243.mp4' for writing
[hls @ 0xaaab0e37ba10] Opening '/config/cache/transcodes/bbb24a5dda07e501c59c29db8ab613c0244.mp4' for writing
[hls @ 0xaaab0e37ba10] Opening '/config/cache/transcodes/bbb24a5dda07e501c59c29db8ab613c0245.mp4' for writing
[hls @ 0xaaab0e37ba10] Opening '/config/cache/transcodes/bbb24a5dda07e501c59c29db8ab613c0246.mp4' for writing
[hls @ 0xaaab0e37ba10] Opening '/config/cache/transcodes/bbb24a5dda07e501c59c29db8ab613c0247.mp4' for writing
[hls @ 0xaaab0e37ba10] Opening '/config/cache/transcodes/bbb24a5dda07e501c59c29db8ab613c0248.mp4' for writing
[hls @ 0xaaab0e37ba10] Opening '/config/cache/transcodes/bbb24a5dda07e501c59c29db8ab613c0249.mp4' for writing
[hls @ 0xaaab0e37ba10] Opening '/config/cache/transcodes/bbb24a5dda07e501c59c29db8ab613c0250.mp4' for writing
[hls @ 0xaaab0e37ba10] Opening '/config/cache/transcodes/bbb24a5dda07e501c59c29db8ab613c0251.mp4' for writing
[hls @ 0xaaab0e37ba10] Opening '/config/cache/transcodes/bbb24a5dda07e501c59c29db8ab613c0252.mp4' for writing
[hls @ 0xaaab0e37ba10] Opening '/config/cache/transcodes/bbb24a5dda07e501c59c29db8ab613c0253.mp4' for writing
[hls @ 0xaaab0e37ba10] Opening '/config/cache/transcodes/bbb24a5dda07e501c59c29db8ab613c0254.mp4' for writing
[hls @ 0xaaab0e37ba10] Opening '/config/cache/transcodes/bbb24a5dda07e501c59c29db8ab613c0255.mp4' for writing
[hls @ 0xaaab0e37ba10] Opening '/config/cache/transcodes/bbb24a5dda07e501c59c29db8ab613c0256.mp4' for writing
[hls @ 0xaaab0e37ba10] Opening '/config/cache/transcodes/bbb24a5dda07e501c59c29db8ab613c0257.mp4' for writing
[hls @ 0xaaab0e37ba10] Opening '/config/cache/transcodes/bbb24a5dda07e501c59c29db8ab613c0258.mp4' for writing
[hls @ 0xaaab0e37ba10] Opening '/config/cache/transcodes/bbb24a5dda07e501c59c29db8ab613c0259.mp4' for writing
[hls @ 0xaaab0e37ba10] Opening '/config/cache/transcodes/bbb24a5dda07e501c59c29db8ab613c0260.mp4' for writing
[hls @ 0xaaab0e37ba10] Opening '/config/cache/transcodes/bbb24a5dda07e501c59c29db8ab613c0261.mp4' for writing
[hls @ 0xaaab0e37ba10] Opening '/config/cache/transcodes/bbb24a5dda07e501c59c29db8ab613c0262.mp4' for writing
[hls @ 0xaaab0e37ba10] Opening '/config/cache/transcodes/bbb24a5dda07e501c59c29db8ab613c0263.mp4' for writing
[hls @ 0xaaab0e37ba10] Opening '/config/cache/transcodes/bbb24a5dda07e501c59c29db8ab613c0264.mp4' for writing
[hls @ 0xaaab0e37ba10] Opening '/config/cache/transcodes/bbb24a5dda07e501c59c29db8ab613c0265.mp4' for writing
[hls @ 0xaaab0e37ba10] Opening '/config/cache/transcodes/bbb24a5dda07e501c59c29db8ab613c0266.mp4' for writing
[hls @ 0xaaab0e37ba10] Opening '/config/cache/transcodes/bbb24a5dda07e501c59c29db8ab613c0267.mp4' for writing
[hls @ 0xaaab0e37ba10] Opening '/config/cache/transcodes/bbb24a5dda07e501c59c29db8ab613c0268.mp4' for writing
[hls @ 0xaaab0e37ba10] Opening '/config/cache/transcodes/bbb24a5dda07e501c59c29db8ab613c0269.mp4' for writing
[hls @ 0xaaab0e37ba10] Opening '/config/cache/transcodes/bbb24a5dda07e501c59c29db8ab613c0270.mp4' for writing
[hls @ 0xaaab0e37ba10] Opening '/config/cache/transcodes/bbb24a5dda07e501c59c29db8ab613c0271.mp4' for writing
[hls @ 0xaaab0e37ba10] Opening '/config/cache/transcodes/bbb24a5dda07e501c59c29db8ab613c0272.mp4' for writing
[hls @ 0xaaab0e37ba10] Opening '/config/cache/transcodes/bbb24a5dda07e501c59c29db8ab613c0273.mp4' for writing
[hls @ 0xaaab0e37ba10] Opening '/config/cache/transcodes/bbb24a5dda07e501c59c29db8ab613c0274.mp4' for writing
frame=39604 fps=26387 q=-1.0 size=N/A time=00:17:43.31 bitrate=N/A speed= 708x    
[hls @ 0xaaab0e37ba10] Opening '/config/cache/transcodes/bbb24a5dda07e501c59c29db8ab613c0275.mp4' for writing
[hls @ 0xaaab0e37ba10] Opening '/config/cache/transcodes/bbb24a5dda07e501c59c29db8ab613c0276.mp4' for writing
[hls @ 0xaaab0e37ba10] Opening '/config/cache/transcodes/bbb24a5dda07e501c59c29db8ab613c0277.mp4' for writing
[hls @ 0xaaab0e37ba10] Opening '/config/cache/transcodes/bbb24a5dda07e501c59c29db8ab613c0278.mp4' for writing
[hls @ 0xaaab0e37ba10] Opening '/config/cache/transcodes/bbb24a5dda07e501c59c29db8ab613c0279.mp4' for writing
[hls @ 0xaaab0e37ba10] Opening '/config/cache/transcodes/bbb24a5dda07e501c59c29db8ab613c0280.mp4' for writing
[hls @ 0xaaab0e37ba10] Opening '/config/cache/transcodes/bbb24a5dda07e501c59c29db8ab613c0281.mp4' for writing
[hls @ 0xaaab0e37ba10] Opening '/config/cache/transcodes/bbb24a5dda07e501c59c29db8ab613c0282.mp4' for writing
[hls @ 0xaaab0e37ba10] Opening '/config/cache/transcodes/bbb24a5dda07e501c59c29db8ab613c0283.mp4' for writing
[hls @ 0xaaab0e37ba10] Opening '/config/cache/transcodes/bbb24a5dda07e501c59c29db8ab613c0284.mp4' for writing
[hls @ 0xaaab0e37ba10] Opening '/config/cache/transcodes/bbb24a5dda07e501c59c29db8ab613c0285.mp4' for writing
[hls @ 0xaaab0e37ba10] Opening '/config/cache/transcodes/bbb24a5dda07e501c59c29db8ab613c0286.mp4' for writing
[hls @ 0xaaab0e37ba10] Opening '/config/cache/transcodes/bbb24a5dda07e501c59c29db8ab613c0287.mp4' for writing
[hls @ 0xaaab0e37ba10] Opening '/config/cache/transcodes/bbb24a5dda07e501c59c29db8ab613c0288.mp4' for writing
[hls @ 0xaaab0e37ba10] Opening '/config/cache/transcodes/bbb24a5dda07e501c59c29db8ab613c0289.mp4' for writing
[hls @ 0xaaab0e37ba10] Opening '/config/cache/transcodes/bbb24a5dda07e501c59c29db8ab613c0290.mp4' for writing
[hls @ 0xaaab0e37ba10] Opening '/config/cache/transcodes/bbb24a5dda07e501c59c29db8ab613c0291.mp4' for writing
[hls @ 0xaaab0e37ba10] Opening '/config/cache/transcodes/bbb24a5dda07e501c59c29db8ab613c0292.mp4' for writing
[hls @ 0xaaab0e37ba10] Opening '/config/cache/transcodes/bbb24a5dda07e501c59c29db8ab613c0293.mp4' for writing
[hls @ 0xaaab0e37ba10] Opening '/config/cache/transcodes/bbb24a5dda07e501c59c29db8ab613c0294.mp4' for writing
[hls @ 0xaaab0e37ba10] Opening '/config/cache/transcodes/bbb24a5dda07e501c59c29db8ab613c0295.mp4' for writing
[hls @ 0xaaab0e37ba10] Opening '/config/cache/transcodes/bbb24a5dda07e501c59c29db8ab613c0296.mp4' for writing
[hls @ 0xaaab0e37ba10] Opening '/config/cache/transcodes/bbb24a5dda07e501c59c29db8ab613c0297.mp4' for writing
[hls @ 0xaaab0e37ba10] Opening '/config/cache/transcodes/bbb24a5dda07e501c59c29db8ab613c0298.mp4' for writing
[hls @ 0xaaab0e37ba10] Opening '/config/cache/transcodes/bbb24a5dda07e501c59c29db8ab613c0299.mp4' for writing
[hls @ 0xaaab0e37ba10] Opening '/config/cache/transcodes/bbb24a5dda07e501c59c29db8ab613c0300.mp4' for writing
[hls @ 0xaaab0e37ba10] Opening '/config/cache/transcodes/bbb24a5dda07e501c59c29db8ab613c0301.mp4' for writing
[hls @ 0xaaab0e37ba10] Opening '/config/cache/transcodes/bbb24a5dda07e501c59c29db8ab613c0302.mp4' for writing
[hls @ 0xaaab0e37ba10] Opening '/config/cache/transcodes/bbb24a5dda07e501c59c29db8ab613c0303.mp4' for writing
[hls @ 0xaaab0e37ba10] Opening '/config/cache/transcodes/bbb24a5dda07e501c59c29db8ab613c0304.mp4' for writing
[hls @ 0xaaab0e37ba10] Opening '/config/cache/transcodes/bbb24a5dda07e501c59c29db8ab613c0305.mp4' for writing
[hls @ 0xaaab0e37ba10] Opening '/config/cache/transcodes/bbb24a5dda07e501c59c29db8ab613c0306.mp4' for writing
[hls @ 0xaaab0e37ba10] Opening '/config/cache/transcodes/bbb24a5dda07e501c59c29db8ab613c0307.mp4' for writing
[hls @ 0xaaab0e37ba10] Opening '/config/cache/transcodes/bbb24a5dda07e501c59c29db8ab613c0308.mp4' for writing
[hls @ 0xaaab0e37ba10] Opening '/config/cache/transcodes/bbb24a5dda07e501c59c29db8ab613c0309.mp4' for writing
[hls @ 0xaaab0e37ba10] Opening '/config/cache/transcodes/bbb24a5dda07e501c59c29db8ab613c0310.mp4' for writing
[hls @ 0xaaab0e37ba10] Opening '/config/cache/transcodes/bbb24a5dda07e501c59c29db8ab613c0311.mp4' for writing
[hls @ 0xaaab0e37ba10] Opening '/config/cache/transcodes/bbb24a5dda07e501c59c29db8ab613c0312.mp4' for writing
[hls @ 0xaaab0e37ba10] Opening '/config/cache/transcodes/bbb24a5dda07e501c59c29db8ab613c0313.mp4' for writing
[hls @ 0xaaab0e37ba10] Opening '/config/cache/transcodes/bbb24a5dda07e501c59c29db8ab613c0314.mp4' for writing
[hls @ 0xaaab0e37ba10] Opening '/config/cache/transcodes/bbb24a5dda07e501c59c29db8ab613c0315.mp4' for writing
[hls @ 0xaaab0e37ba10] Opening '/config/cache/transcodes/bbb24a5dda07e501c59c29db8ab613c0316.mp4' for writing
[hls @ 0xaaab0e37ba10] Opening '/config/cache/transcodes/bbb24a5dda07e501c59c29db8ab613c0317.mp4' for writing
[hls @ 0xaaab0e37ba10] Opening '/config/cache/transcodes/bbb24a5dda07e501c59c29db8ab613c0318.mp4' for writing
[hls @ 0xaaab0e37ba10] Opening '/config/cache/transcodes/bbb24a5dda07e501c59c29db8ab613c0319.mp4' for writing
[hls @ 0xaaab0e37ba10] Opening '/config/cache/transcodes/bbb24a5dda07e501c59c29db8ab613c0320.mp4' for writing
[hls @ 0xaaab0e37ba10] Opening '/config/cache/transcodes/bbb24a5dda07e501c59c29db8ab613c0321.mp4' for writing
[hls @ 0xaaab0e37ba10] Opening '/config/cache/transcodes/bbb24a5dda07e501c59c29db8ab613c0322.mp4' for writing
[hls @ 0xaaab0e37ba10] Opening '/config/cache/transcodes/bbb24a5dda07e501c59c29db8ab613c0323.mp4' for writing
[hls @ 0xaaab0e37ba10] Opening '/config/cache/transcodes/bbb24a5dda07e501c59c29db8ab613c0324.mp4' for writing
[hls @ 0xaaab0e37ba10] Opening '/config/cache/transcodes/bbb24a5dda07e501c59c29db8ab613c0325.mp4' for writing
[hls @ 0xaaab0e37ba10] Opening '/config/cache/transcodes/bbb24a5dda07e501c59c29db8ab613c0326.mp4' for writing
[hls @ 0xaaab0e37ba10] Opening '/config/cache/transcodes/bbb24a5dda07e501c59c29db8ab613c0327.mp4' for writing
[hls @ 0xaaab0e37ba10] Opening '/config/cache/transcodes/bbb24a5dda07e501c59c29db8ab613c0328.mp4' for writing
[hls @ 0xaaab0e37ba10] Opening '/config/cache/transcodes/bbb24a5dda07e501c59c29db8ab613c0329.mp4' for writing
[hls @ 0xaaab0e37ba10] Opening '/config/cache/transcodes/bbb24a5dda07e501c59c29db8ab613c0330.mp4' for writing
[hls @ 0xaaab0e37ba10] Opening '/config/cache/transcodes/bbb24a5dda07e501c59c29db8ab613c0331.mp4' for writing
[hls @ 0xaaab0e37ba10] Opening '/config/cache/transcodes/bbb24a5dda07e501c59c29db8ab613c0332.mp4' for writing
[hls @ 0xaaab0e37ba10] Opening '/config/cache/transcodes/bbb24a5dda07e501c59c29db8ab613c0333.mp4' for writing
[hls @ 0xaaab0e37ba10] Opening '/config/cache/transcodes/bbb24a5dda07e501c59c29db8ab613c0334.mp4' for writing
[hls @ 0xaaab0e37ba10] Opening '/config/cache/transcodes/bbb24a5dda07e501c59c29db8ab613c0335.mp4' for writing
[hls @ 0xaaab0e37ba10] Opening '/config/cache/transcodes/bbb24a5dda07e501c59c29db8ab613c0336.mp4' for writing
[hls @ 0xaaab0e37ba10] Opening '/config/cache/transcodes/bbb24a5dda07e501c59c29db8ab613c0337.mp4' for writing
[hls @ 0xaaab0e37ba10] Opening '/config/cache/transcodes/bbb24a5dda07e501c59c29db8ab613c0338.mp4' for writing
[hls @ 0xaaab0e37ba10] Opening '/config/cache/transcodes/bbb24a5dda07e501c59c29db8ab613c0339.mp4' for writing
[hls @ 0xaaab0e37ba10] Opening '/config/cache/transcodes/bbb24a5dda07e501c59c29db8ab613c0340.mp4' for writing
[hls @ 0xaaab0e37ba10] Opening '/config/cache/transcodes/bbb24a5dda07e501c59c29db8ab613c0341.mp4' for writing
[hls @ 0xaaab0e37ba10] Opening '/config/cache/transcodes/bbb24a5dda07e501c59c29db8ab613c0342.mp4' for writing
[hls @ 0xaaab0e37ba10] Opening '/config/cache/transcodes/bbb24a5dda07e501c59c29db8ab613c0343.mp4' for writing
[hls @ 0xaaab0e37ba10] Opening '/config/cache/transcodes/bbb24a5dda07e501c59c29db8ab613c0344.mp4' for writing
[hls @ 0xaaab0e37ba10] Opening '/config/cache/transcodes/bbb24a5dda07e501c59c29db8ab613c0345.mp4' for writing
[hls @ 0xaaab0e37ba10] Opening '/config/cache/transcodes/bbb24a5dda07e501c59c29db8ab613c0346.mp4' for writing
[hls @ 0xaaab0e37ba10] Opening '/config/cache/transcodes/bbb24a5dda07e501c59c29db8ab613c0347.mp4' for writing
[hls @ 0xaaab0e37ba10] Opening '/config/cache/transcodes/bbb24a5dda07e501c59c29db8ab613c0348.mp4' for writing
[hls @ 0xaaab0e37ba10] Opening '/config/cache/transcodes/bbb24a5dda07e501c59c29db8ab613c0349.mp4' for writing
[hls @ 0xaaab0e37ba10] Opening '/config/cache/transcodes/bbb24a5dda07e501c59c29db8ab613c0350.mp4' for writing
[hls @ 0xaaab0e37ba10] Opening '/config/cache/transcodes/bbb24a5dda07e501c59c29db8ab613c0351.mp4' for writing
[hls @ 0xaaab0e37ba10] Opening '/config/cache/transcodes/bbb24a5dda07e501c59c29db8ab613c0352.mp4' for writing
[hls @ 0xaaab0e37ba10] Opening '/config/cache/transcodes/bbb24a5dda07e501c59c29db8ab613c0353.mp4' for writing
[hls @ 0xaaab0e37ba10] Opening '/config/cache/transcodes/bbb24a5dda07e501c59c29db8ab613c0354.mp4' for writing
[hls @ 0xaaab0e37ba10] Opening '/config/cache/transcodes/bbb24a5dda07e501c59c29db8ab613c0355.mp4' for writing
[hls @ 0xaaab0e37ba10] Opening '/config/cache/transcodes/bbb24a5dda07e501c59c29db8ab613c0356.mp4' for writing
[hls @ 0xaaab0e37ba10] Opening '/config/cache/transcodes/bbb24a5dda07e501c59c29db8ab613c0357.mp4' for writing
[hls @ 0xaaab0e37ba10] Opening '/config/cache/transcodes/bbb24a5dda07e501c59c29db8ab613c0358.mp4' for writing
[hls @ 0xaaab0e37ba10] Opening '/config/cache/transcodes/bbb24a5dda07e501c59c29db8ab613c0359.mp4' for writing
[hls @ 0xaaab0e37ba10] Opening '/config/cache/transcodes/bbb24a5dda07e501c59c29db8ab613c0360.mp4' for writing
[hls @ 0xaaab0e37ba10] Opening '/config/cache/transcodes/bbb24a5dda07e501c59c29db8ab613c0361.mp4' for writing
[hls @ 0xaaab0e37ba10] Opening '/config/cache/transcodes/bbb24a5dda07e501c59c29db8ab613c0362.mp4' for writing
[hls @ 0xaaab0e37ba10] Opening '/config/cache/transcodes/bbb24a5dda07e501c59c29db8ab613c0363.mp4' for writing
[hls @ 0xaaab0e37ba10] Opening '/config/cache/transcodes/bbb24a5dda07e501c59c29db8ab613c0364.mp4' for writing
[hls @ 0xaaab0e37ba10] Opening '/config/cache/transcodes/bbb24a5dda07e501c59c29db8ab613c0365.mp4' for writing
[hls @ 0xaaab0e37ba10] Opening '/config/cache/transcodes/bbb24a5dda07e501c59c29db8ab613c0366.mp4' for writing
[hls @ 0xaaab0e37ba10] Opening '/config/cache/transcodes/bbb24a5dda07e501c59c29db8ab613c0367.mp4' for writing
[hls @ 0xaaab0e37ba10] Opening '/config/cache/transcodes/bbb24a5dda07e501c59c29db8ab613c0368.mp4' for writing
[hls @ 0xaaab0e37ba10] Opening '/config/cache/transcodes/bbb24a5dda07e501c59c29db8ab613c0369.mp4' for writing
[hls @ 0xaaab0e37ba10] Opening '/config/cache/transcodes/bbb24a5dda07e501c59c29db8ab613c0370.mp4' for writing
[hls @ 0xaaab0e37ba10] Opening '/config/cache/transcodes/bbb24a5dda07e501c59c29db8ab613c0371.mp4' for writing
[hls @ 0xaaab0e37ba10] Opening '/config/cache/transcodes/bbb24a5dda07e501c59c29db8ab613c0372.mp4' for writing
[hls @ 0xaaab0e37ba10] Opening '/config/cache/transcodes/bbb24a5dda07e501c59c29db8ab613c0373.mp4' for writing
[hls @ 0xaaab0e37ba10] Opening '/config/cache/transcodes/bbb24a5dda07e501c59c29db8ab613c0374.mp4' for writing
[hls @ 0xaaab0e37ba10] Opening '/config/cache/transcodes/bbb24a5dda07e501c59c29db8ab613c0375.mp4' for writing
frame=54241 fps=27099 q=-1.0 size=N/A time=00:27:53.67 bitrate=N/A speed= 836x    
[hls @ 0xaaab0e37ba10] Opening '/config/cache/transcodes/bbb24a5dda07e501c59c29db8ab613c0376.mp4' for writing
[hls @ 0xaaab0e37ba10] Opening '/config/cache/transcodes/bbb24a5dda07e501c59c29db8ab613c0377.mp4' for writing
[hls @ 0xaaab0e37ba10] Opening '/config/cache/transcodes/bbb24a5dda07e501c59c29db8ab613c0378.mp4' for writing
[hls @ 0xaaab0e37ba10] Opening '/config/cache/transcodes/bbb24a5dda07e501c59c29db8ab613c0379.mp4' for writing
[hls @ 0xaaab0e37ba10] Opening '/config/cache/transcodes/bbb24a5dda07e501c59c29db8ab613c0380.mp4' for writing
[hls @ 0xaaab0e37ba10] Opening '/config/cache/transcodes/bbb24a5dda07e501c59c29db8ab613c0381.mp4' for writing
[hls @ 0xaaab0e37ba10] Opening '/config/cache/transcodes/bbb24a5dda07e501c59c29db8ab613c0382.mp4' for writing
[hls @ 0xaaab0e37ba10] Opening '/config/cache/transcodes/bbb24a5dda07e501c59c29db8ab613c0383.mp4' for writing
[hls @ 0xaaab0e37ba10] Opening '/config/cache/transcodes/bbb24a5dda07e501c59c29db8ab613c0384.mp4' for writing
[hls @ 0xaaab0e37ba10] Opening '/config/cache/transcodes/bbb24a5dda07e501c59c29db8ab613c0385.mp4' for writing
[hls @ 0xaaab0e37ba10] Opening '/config/cache/transcodes/bbb24a5dda07e501c59c29db8ab613c0386.mp4' for writing
[hls @ 0xaaab0e37ba10] Opening '/config/cache/transcodes/bbb24a5dda07e501c59c29db8ab613c0387.mp4' for writing
[hls @ 0xaaab0e37ba10] Opening '/config/cache/transcodes/bbb24a5dda07e501c59c29db8ab613c0388.mp4' for writing
[hls @ 0xaaab0e37ba10] Opening '/config/cache/transcodes/bbb24a5dda07e501c59c29db8ab613c0389.mp4' for writing
[hls @ 0xaaab0e37ba10] Opening '/config/cache/transcodes/bbb24a5dda07e501c59c29db8ab613c0390.mp4' for writing
[hls @ 0xaaab0e37ba10] Opening '/config/cache/transcodes/bbb24a5dda07e501c59c29db8ab613c0391.mp4' for writing
[hls @ 0xaaab0e37ba10] Opening '/config/cache/transcodes/bbb24a5dda07e501c59c29db8ab613c0392.mp4' for writing
[hls @ 0xaaab0e37ba10] Opening '/config/cache/transcodes/bbb24a5dda07e501c59c29db8ab613c0393.mp4' for writing
[hls @ 0xaaab0e37ba10] Opening '/config/cache/transcodes/bbb24a5dda07e501c59c29db8ab613c0394.mp4' for writing
[hls @ 0xaaab0e37ba10] Opening '/config/cache/transcodes/bbb24a5dda07e501c59c29db8ab613c0395.mp4' for writing
[hls @ 0xaaab0e37ba10] Opening '/config/cache/transcodes/bbb24a5dda07e501c59c29db8ab613c0396.mp4' for writing
[hls @ 0xaaab0e37ba10] Opening '/config/cache/transcodes/bbb24a5dda07e501c59c29db8ab613c0397.mp4' for writing
[hls @ 0xaaab0e37ba10] Opening '/config/cache/transcodes/bbb24a5dda07e501c59c29db8ab613c0398.mp4' for writing
[hls @ 0xaaab0e37ba10] Opening '/config/cache/transcodes/bbb24a5dda07e501c59c29db8ab613c0399.mp4' for writing
[hls @ 0xaaab0e37ba10] Opening '/config/cache/transcodes/bbb24a5dda07e501c59c29db8ab613c0400.mp4' for writing
[hls @ 0xaaab0e37ba10] Opening '/config/cache/transcodes/bbb24a5dda07e501c59c29db8ab613c0401.mp4' for writing
[hls @ 0xaaab0e37ba10] Opening '/config/cache/transcodes/bbb24a5dda07e501c59c29db8ab613c0402.mp4' for writing
[hls @ 0xaaab0e37ba10] Opening '/config/cache/transcodes/bbb24a5dda07e501c59c29db8ab613c0403.mp4' for writing
[hls @ 0xaaab0e37ba10] Opening '/config/cache/transcodes/bbb24a5dda07e501c59c29db8ab613c0404.mp4' for writing
[hls @ 0xaaab0e37ba10] Opening '/config/cache/transcodes/bbb24a5dda07e501c59c29db8ab613c0405.mp4' for writing
[hls @ 0xaaab0e37ba10] Opening '/config/cache/transcodes/bbb24a5dda07e501c59c29db8ab613c0406.mp4' for writing
[hls @ 0xaaab0e37ba10] Opening '/config/cache/transcodes/bbb24a5dda07e501c59c29db8ab613c0407.mp4' for writing
[hls @ 0xaaab0e37ba10] Opening '/config/cache/transcodes/bbb24a5dda07e501c59c29db8ab613c0408.mp4' for writing
[hls @ 0xaaab0e37ba10] Opening '/config/cache/transcodes/bbb24a5dda07e501c59c29db8ab613c0409.mp4' for writing
[hls @ 0xaaab0e37ba10] Opening '/config/cache/transcodes/bbb24a5dda07e501c59c29db8ab613c0410.mp4' for writing
[hls @ 0xaaab0e37ba10] Opening '/config/cache/transcodes/bbb24a5dda07e501c59c29db8ab613c0411.mp4' for writing
[hls @ 0xaaab0e37ba10] Opening '/config/cache/transcodes/bbb24a5dda07e501c59c29db8ab613c0412.mp4' for writing
[hls @ 0xaaab0e37ba10] Opening '/config/cache/transcodes/bbb24a5dda07e501c59c29db8ab613c0413.mp4' for writing
[hls @ 0xaaab0e37ba10] Opening '/config/cache/transcodes/bbb24a5dda07e501c59c29db8ab613c0414.mp4' for writing
[hls @ 0xaaab0e37ba10] Opening '/config/cache/transcodes/bbb24a5dda07e501c59c29db8ab613c0415.mp4' for writing
[hls @ 0xaaab0e37ba10] Opening '/config/cache/transcodes/bbb24a5dda07e501c59c29db8ab613c0416.mp4' for writing
[hls @ 0xaaab0e37ba10] Opening '/config/cache/transcodes/bbb24a5dda07e501c59c29db8ab613c0417.mp4' for writing
[hls @ 0xaaab0e37ba10] Opening '/config/cache/transcodes/bbb24a5dda07e501c59c29db8ab613c0418.mp4' for writing
[hls @ 0xaaab0e37ba10] Opening '/config/cache/transcodes/bbb24a5dda07e501c59c29db8ab613c0419.mp4' for writing
[hls @ 0xaaab0e37ba10] Opening '/config/cache/transcodes/bbb24a5dda07e501c59c29db8ab613c0420.mp4' for writing
[hls @ 0xaaab0e37ba10] Opening '/config/cache/transcodes/bbb24a5dda07e501c59c29db8ab613c0421.mp4' for writing
[hls @ 0xaaab0e37ba10] Opening '/config/cache/transcodes/bbb24a5dda07e501c59c29db8ab613c0422.mp4' for writing
[hls @ 0xaaab0e37ba10] Opening '/config/cache/transcodes/bbb24a5dda07e501c59c29db8ab613c0423.mp4' for writing
[hls @ 0xaaab0e37ba10] Opening '/config/cache/transcodes/bbb24a5dda07e501c59c29db8ab613c0424.mp4' for writing
[hls @ 0xaaab0e37ba10] Opening '/config/cache/transcodes/bbb24a5dda07e501c59c29db8ab613c0425.mp4' for writing
[hls @ 0xaaab0e37ba10] Opening '/config/cache/transcodes/bbb24a5dda07e501c59c29db8ab613c0426.mp4' for writing
[hls @ 0xaaab0e37ba10] Opening '/config/cache/transcodes/bbb24a5dda07e501c59c29db8ab613c0427.mp4' for writing
[hls @ 0xaaab0e37ba10] Opening '/config/cache/transcodes/bbb24a5dda07e501c59c29db8ab613c0428.mp4' for writing
[hls @ 0xaaab0e37ba10] Opening '/config/cache/transcodes/bbb24a5dda07e501c59c29db8ab613c0429.mp4' for writing
[hls @ 0xaaab0e37ba10] Opening '/config/cache/transcodes/bbb24a5dda07e501c59c29db8ab613c0430.mp4' for writing
[hls @ 0xaaab0e37ba10] Opening '/config/cache/transcodes/bbb24a5dda07e501c59c29db8ab613c0431.mp4' for writing
[hls @ 0xaaab0e37ba10] Opening '/config/cache/transcodes/bbb24a5dda07e501c59c29db8ab613c0432.mp4' for writing
[hls @ 0xaaab0e37ba10] Opening '/config/cache/transcodes/bbb24a5dda07e501c59c29db8ab613c0433.mp4' for writing
[hls @ 0xaaab0e37ba10] Opening '/config/cache/transcodes/bbb24a5dda07e501c59c29db8ab613c0434.mp4' for writing
[hls @ 0xaaab0e37ba10] Opening '/config/cache/transcodes/bbb24a5dda07e501c59c29db8ab613c0435.mp4' for writing
[hls @ 0xaaab0e37ba10] Opening '/config/cache/transcodes/bbb24a5dda07e501c59c29db8ab613c0436.mp4' for writing
[hls @ 0xaaab0e37ba10] Opening '/config/cache/transcodes/bbb24a5dda07e501c59c29db8ab613c0437.mp4' for writing
[hls @ 0xaaab0e37ba10] Opening '/config/cache/transcodes/bbb24a5dda07e501c59c29db8ab613c0438.mp4' for writing
[hls @ 0xaaab0e37ba10] Opening '/config/cache/transcodes/bbb24a5dda07e501c59c29db8ab613c0439.mp4' for writing
[hls @ 0xaaab0e37ba10] Opening '/config/cache/transcodes/bbb24a5dda07e501c59c29db8ab613c0440.mp4' for writing
[hls @ 0xaaab0e37ba10] Opening '/config/cache/transcodes/bbb24a5dda07e501c59c29db8ab613c0441.mp4' for writing
[hls @ 0xaaab0e37ba10] Opening '/config/cache/transcodes/bbb24a5dda07e501c59c29db8ab613c0442.mp4' for writing
[hls @ 0xaaab0e37ba10] Opening '/config/cache/transcodes/bbb24a5dda07e501c59c29db8ab613c0443.mp4' for writing
[hls @ 0xaaab0e37ba10] Opening '/config/cache/transcodes/bbb24a5dda07e501c59c29db8ab613c0444.mp4' for writing
[hls @ 0xaaab0e37ba10] Opening '/config/cache/transcodes/bbb24a5dda07e501c59c29db8ab613c0445.mp4' for writing
[hls @ 0xaaab0e37ba10] Opening '/config/cache/transcodes/bbb24a5dda07e501c59c29db8ab613c0446.mp4' for writing
[hls @ 0xaaab0e37ba10] Opening '/config/cache/transcodes/bbb24a5dda07e501c59c29db8ab613c0447.mp4' for writing
[hls @ 0xaaab0e37ba10] Opening '/config/cache/transcodes/bbb24a5dda07e501c59c29db8ab613c0448.mp4' for writing
[hls @ 0xaaab0e37ba10] Opening '/config/cache/transcodes/bbb24a5dda07e501c59c29db8ab613c0449.mp4' for writing
[hls @ 0xaaab0e37ba10] Opening '/config/cache/transcodes/bbb24a5dda07e501c59c29db8ab613c0450.mp4' for writing
[hls @ 0xaaab0e37ba10] Opening '/config/cache/transcodes/bbb24a5dda07e501c59c29db8ab613c0451.mp4' for writing
[hls @ 0xaaab0e37ba10] Opening '/config/cache/transcodes/bbb24a5dda07e501c59c29db8ab613c0452.mp4' for writing
[hls @ 0xaaab0e37ba10] Opening '/config/cache/transcodes/bbb24a5dda07e501c59c29db8ab613c0453.mp4' for writing
[hls @ 0xaaab0e37ba10] Opening '/config/cache/transcodes/bbb24a5dda07e501c59c29db8ab613c0454.mp4' for writing
[hls @ 0xaaab0e37ba10] Opening '/config/cache/transcodes/bbb24a5dda07e501c59c29db8ab613c0455.mp4' for writing
[hls @ 0xaaab0e37ba10] Opening '/config/cache/transcodes/bbb24a5dda07e501c59c29db8ab613c0456.mp4' for writing
[hls @ 0xaaab0e37ba10] Opening '/config/cache/transcodes/bbb24a5dda07e501c59c29db8ab613c0457.mp4' for writing
[hls @ 0xaaab0e37ba10] Opening '/config/cache/transcodes/bbb24a5dda07e501c59c29db8ab613c0458.mp4' for writing
[hls @ 0xaaab0e37ba10] Opening '/config/cache/transcodes/bbb24a5dda07e501c59c29db8ab613c0459.mp4' for writing
[hls @ 0xaaab0e37ba10] Opening '/config/cache/transcodes/bbb24a5dda07e501c59c29db8ab613c0460.mp4' for writing
[hls @ 0xaaab0e37ba10] Opening '/config/cache/transcodes/bbb24a5dda07e501c59c29db8ab613c0461.mp4' for writing
[hls @ 0xaaab0e37ba10] Opening '/config/cache/transcodes/bbb24a5dda07e501c59c29db8ab613c0462.mp4' for writing
[hls @ 0xaaab0e37ba10] Opening '/config/cache/transcodes/bbb24a5dda07e501c59c29db8ab613c0463.mp4' for writing
[hls @ 0xaaab0e37ba10] Opening '/config/cache/transcodes/bbb24a5dda07e501c59c29db8ab613c0464.mp4' for writing
[hls @ 0xaaab0e37ba10] Opening '/config/cache/transcodes/bbb24a5dda07e501c59c29db8ab613c0465.mp4' for writing
[hls @ 0xaaab0e37ba10] Opening '/config/cache/transcodes/bbb24a5dda07e501c59c29db8ab613c0466.mp4' for writing
[hls @ 0xaaab0e37ba10] Opening '/config/cache/transcodes/bbb24a5dda07e501c59c29db8ab613c0467.mp4' for writing
[hls @ 0xaaab0e37ba10] Opening '/config/cache/transcodes/bbb24a5dda07e501c59c29db8ab613c0468.mp4' for writing
[hls @ 0xaaab0e37ba10] Opening '/config/cache/transcodes/bbb24a5dda07e501c59c29db8ab613c0469.mp4' for writing
[hls @ 0xaaab0e37ba10] Opening '/config/cache/transcodes/bbb24a5dda07e501c59c29db8ab613c0470.mp4' for writing
[hls @ 0xaaab0e37ba10] Opening '/config/cache/transcodes/bbb24a5dda07e501c59c29db8ab613c0471.mp4' for writing
[hls @ 0xaaab0e37ba10] Opening '/config/cache/transcodes/bbb24a5dda07e501c59c29db8ab613c0472.mp4' for writing
[hls @ 0xaaab0e37ba10] Opening '/config/cache/transcodes/bbb24a5dda07e501c59c29db8ab613c0473.mp4' for writing
[hls @ 0xaaab0e37ba10] Opening '/config/cache/transcodes/bbb24a5dda07e501c59c29db8ab613c0474.mp4' for writing
[hls @ 0xaaab0e37ba10] Opening '/config/cache/transcodes/bbb24a5dda07e501c59c29db8ab613c0475.mp4' for writing
[hls @ 0xaaab0e37ba10] Opening '/config/cache/transcodes/bbb24a5dda07e501c59c29db8ab613c0476.mp4' for writing
[hls @ 0xaaab0e37ba10] Opening '/config/cache/transcodes/bbb24a5dda07e501c59c29db8ab613c0477.mp4' for writing
[hls @ 0xaaab0e37ba10] Opening '/config/cache/transcodes/bbb24a5dda07e501c59c29db8ab613c0478.mp4' for writing
[hls @ 0xaaab0e37ba10] Opening '/config/cache/transcodes/bbb24a5dda07e501c59c29db8ab613c0479.mp4' for writing
[hls @ 0xaaab0e37ba10] Opening '/config/cache/transcodes/bbb24a5dda07e501c59c29db8ab613c0480.mp4' for writing
[hls @ 0xaaab0e37ba10] Opening '/config/cache/transcodes/bbb24a5dda07e501c59c29db8ab613c0481.mp4' for writing
[hls @ 0xaaab0e37ba10] Opening '/config/cache/transcodes/bbb24a5dda07e501c59c29db8ab613c0482.mp4' for writing
[hls @ 0xaaab0e37ba10] Opening '/config/cache/transcodes/bbb24a5dda07e501c59c29db8ab613c0483.mp4' for writing
[hls @ 0xaaab0e37ba10] Opening '/config/cache/transcodes/bbb24a5dda07e501c59c29db8ab613c0484.mp4' for writing
[hls @ 0xaaab0e37ba10] Opening '/config/cache/transcodes/bbb24a5dda07e501c59c29db8ab613c0485.mp4' for writing
[hls @ 0xaaab0e37ba10] Opening '/config/cache/transcodes/bbb24a5dda07e501c59c29db8ab613c0486.mp4' for writing
[hls @ 0xaaab0e37ba10] Opening '/config/cache/transcodes/bbb24a5dda07e501c59c29db8ab613c0487.mp4' for writing
[hls @ 0xaaab0e37ba10] Opening '/config/cache/transcodes/bbb24a5dda07e501c59c29db8ab613c0488.mp4' for writing
[out#0/hls @ 0xaaab0e340210] video:1075046KiB audio:228902KiB subtitle:0KiB other streams:0KiB global headers:0KiB muxing overhead: unknown
frame=70248 fps=28720 q=-1.0 Lsize=N/A time=00:39:01.29 bitrate=N/A speed= 957x    